Archive member included to satisfy reference by file (symbol)

C:/ST/STM32CubeIDE_1.17.0/STM32CubeIDE/plugins/com.st.stm32cube.ide.mcu.externaltools.gnu-tools-for-stm32.12.3.rel1.win32_1.1.0.202410251130/tools/bin/../lib/gcc/arm-none-eabi/12.3.1/../../../../arm-none-eabi/lib/thumb/v7e-m+fp/hard\libc_nano.a(libc_a-exit.o)
                              C:/ST/STM32CubeIDE_1.17.0/STM32CubeIDE/plugins/com.st.stm32cube.ide.mcu.externaltools.gnu-tools-for-stm32.12.3.rel1.win32_1.1.0.202410251130/tools/bin/../lib/gcc/arm-none-eabi/12.3.1/../../../../arm-none-eabi/lib/thumb/v7e-m+fp/hard/crt0.o (exit)
C:/ST/STM32CubeIDE_1.17.0/STM32CubeIDE/plugins/com.st.stm32cube.ide.mcu.externaltools.gnu-tools-for-stm32.12.3.rel1.win32_1.1.0.202410251130/tools/bin/../lib/gcc/arm-none-eabi/12.3.1/../../../../arm-none-eabi/lib/thumb/v7e-m+fp/hard\libc_nano.a(libc_a-malloc.o)
                              ./Drivers/CMSIS/ModBus_RTU/Modbus_Master.o (malloc)
C:/ST/STM32CubeIDE_1.17.0/STM32CubeIDE/plugins/com.st.stm32cube.ide.mcu.externaltools.gnu-tools-for-stm32.12.3.rel1.win32_1.1.0.202410251130/tools/bin/../lib/gcc/arm-none-eabi/12.3.1/../../../../arm-none-eabi/lib/thumb/v7e-m+fp/hard\libc_nano.a(libc_a-mallocr.o)
                              C:/ST/STM32CubeIDE_1.17.0/STM32CubeIDE/plugins/com.st.stm32cube.ide.mcu.externaltools.gnu-tools-for-stm32.12.3.rel1.win32_1.1.0.202410251130/tools/bin/../lib/gcc/arm-none-eabi/12.3.1/../../../../arm-none-eabi/lib/thumb/v7e-m+fp/hard\libc_nano.a(libc_a-malloc.o) (_malloc_r)
C:/ST/STM32CubeIDE_1.17.0/STM32CubeIDE/plugins/com.st.stm32cube.ide.mcu.externaltools.gnu-tools-for-stm32.12.3.rel1.win32_1.1.0.202410251130/tools/bin/../lib/gcc/arm-none-eabi/12.3.1/../../../../arm-none-eabi/lib/thumb/v7e-m+fp/hard\libc_nano.a(libc_a-mlock.o)
                              C:/ST/STM32CubeIDE_1.17.0/STM32CubeIDE/plugins/com.st.stm32cube.ide.mcu.externaltools.gnu-tools-for-stm32.12.3.rel1.win32_1.1.0.202410251130/tools/bin/../lib/gcc/arm-none-eabi/12.3.1/../../../../arm-none-eabi/lib/thumb/v7e-m+fp/hard\libc_nano.a(libc_a-mallocr.o) (__malloc_lock)
C:/ST/STM32CubeIDE_1.17.0/STM32CubeIDE/plugins/com.st.stm32cube.ide.mcu.externaltools.gnu-tools-for-stm32.12.3.rel1.win32_1.1.0.202410251130/tools/bin/../lib/gcc/arm-none-eabi/12.3.1/../../../../arm-none-eabi/lib/thumb/v7e-m+fp/hard\libc_nano.a(libc_a-findfp.o)
                              C:/ST/STM32CubeIDE_1.17.0/STM32CubeIDE/plugins/com.st.stm32cube.ide.mcu.externaltools.gnu-tools-for-stm32.12.3.rel1.win32_1.1.0.202410251130/tools/bin/../lib/gcc/arm-none-eabi/12.3.1/../../../../arm-none-eabi/lib/thumb/v7e-m+fp/hard\libc_nano.a(libc_a-exit.o) (__stdio_exit_handler)
C:/ST/STM32CubeIDE_1.17.0/STM32CubeIDE/plugins/com.st.stm32cube.ide.mcu.externaltools.gnu-tools-for-stm32.12.3.rel1.win32_1.1.0.202410251130/tools/bin/../lib/gcc/arm-none-eabi/12.3.1/../../../../arm-none-eabi/lib/thumb/v7e-m+fp/hard\libc_nano.a(libc_a-fwalk.o)
                              C:/ST/STM32CubeIDE_1.17.0/STM32CubeIDE/plugins/com.st.stm32cube.ide.mcu.externaltools.gnu-tools-for-stm32.12.3.rel1.win32_1.1.0.202410251130/tools/bin/../lib/gcc/arm-none-eabi/12.3.1/../../../../arm-none-eabi/lib/thumb/v7e-m+fp/hard\libc_nano.a(libc_a-findfp.o) (_fwalk_sglue)
C:/ST/STM32CubeIDE_1.17.0/STM32CubeIDE/plugins/com.st.stm32cube.ide.mcu.externaltools.gnu-tools-for-stm32.12.3.rel1.win32_1.1.0.202410251130/tools/bin/../lib/gcc/arm-none-eabi/12.3.1/../../../../arm-none-eabi/lib/thumb/v7e-m+fp/hard\libc_nano.a(libc_a-stdio.o)
                              C:/ST/STM32CubeIDE_1.17.0/STM32CubeIDE/plugins/com.st.stm32cube.ide.mcu.externaltools.gnu-tools-for-stm32.12.3.rel1.win32_1.1.0.202410251130/tools/bin/../lib/gcc/arm-none-eabi/12.3.1/../../../../arm-none-eabi/lib/thumb/v7e-m+fp/hard\libc_nano.a(libc_a-findfp.o) (__sread)
C:/ST/STM32CubeIDE_1.17.0/STM32CubeIDE/plugins/com.st.stm32cube.ide.mcu.externaltools.gnu-tools-for-stm32.12.3.rel1.win32_1.1.0.202410251130/tools/bin/../lib/gcc/arm-none-eabi/12.3.1/../../../../arm-none-eabi/lib/thumb/v7e-m+fp/hard\libc_nano.a(libc_a-memset.o)
                              C:/ST/STM32CubeIDE_1.17.0/STM32CubeIDE/plugins/com.st.stm32cube.ide.mcu.externaltools.gnu-tools-for-stm32.12.3.rel1.win32_1.1.0.202410251130/tools/bin/../lib/gcc/arm-none-eabi/12.3.1/../../../../arm-none-eabi/lib/thumb/v7e-m+fp/hard/crt0.o (memset)
C:/ST/STM32CubeIDE_1.17.0/STM32CubeIDE/plugins/com.st.stm32cube.ide.mcu.externaltools.gnu-tools-for-stm32.12.3.rel1.win32_1.1.0.202410251130/tools/bin/../lib/gcc/arm-none-eabi/12.3.1/../../../../arm-none-eabi/lib/thumb/v7e-m+fp/hard\libc_nano.a(libc_a-closer.o)
                              C:/ST/STM32CubeIDE_1.17.0/STM32CubeIDE/plugins/com.st.stm32cube.ide.mcu.externaltools.gnu-tools-for-stm32.12.3.rel1.win32_1.1.0.202410251130/tools/bin/../lib/gcc/arm-none-eabi/12.3.1/../../../../arm-none-eabi/lib/thumb/v7e-m+fp/hard\libc_nano.a(libc_a-stdio.o) (_close_r)
[...]
Memory Configuration

Name             Origin             Length             Attributes
RAM              0x20000000         0x00020000         xrw
FLASH            0x08000000         0x00080000         xr
*default*        0x00000000         0xffffffff

Linker script and memory map

LOAD C:/ST/STM32CubeIDE_1.17.0/STM32CubeIDE/plugins/com.st.stm32cube.ide.mcu.externaltools.gnu-tools-for-stm32.12.3.rel1.win32_1.1.0.202410251130/tools/bin/../lib/gcc/arm-none-eabi/12.3.1/thumb/v7e-m+fp/hard/crti.o
LOAD C:/ST/STM32CubeIDE_1.17.0/STM32CubeIDE/plugins/com.st.stm32cube.ide.mcu.externaltools.gnu-tools-for-stm32.12.3.rel1.win32_1.1.0.202410251130/tools/bin/../lib/gcc/arm-none-eabi/12.3.1/thumb/v7e-m+fp/hard/crtbegin.o
LOAD C:/ST/STM32CubeIDE_1.17.0/STM32CubeIDE/plugins/com.st.stm32cube.ide.mcu.externaltools.gnu-tools-for-stm32.12.3.rel1.win32_1.1.0.202410251130/tools/bin/../lib/gcc/arm-none-eabi/12.3.1/../../../../arm-none-eabi/lib/thumb/v7e-m+fp/hard/crt0.o
LOAD ./Core/Src/HMI_Modbus.o
LOAD ./Core/Src/NV_Params.o
LOAD ./Core/Src/main.o
LOAD ./Core/Src/stm32f4xx_hal_msp.o
LOAD ./Core/Src/stm32f4xx_it.o
LOAD ./Core/Src/syscalls.o
LOAD ./Core/Src/sysmem.o
LOAD ./Core/Src/system_stm32f4xx.o
LOAD ./Core/Startup/startup_stm32f411ceux.o
LOAD ./Drivers/CMSIS/ModBus_RTU/Modbus_MISC.o
LOAD ./Drivers/CMSIS/ModBus_RTU/Modbus_Master.o
LOAD ./Drivers/CMSIS/ModBus_RTU/Modbus_Slave.o
LOAD ./Drivers/STM32F4xx_HAL_Driver/Src/stm32f4xx_hal.o
LOAD ./Drivers/STM32F4xx_HAL_Driver/Src/stm32f4xx_hal_cortex.o
LOAD ./Drivers/STM32F4xx_HAL_Driver/Src/stm32f4xx_hal_dma.o
LOAD ./Drivers/STM32F4xx_HAL_Driver/Src/stm32f4xx_hal_dma_ex.o
LOAD ./Drivers/STM32F4xx_HAL_Driver/Src/stm32f4xx_hal_exti.o
LOAD ./Drivers/STM32F4xx_HAL_Driver/Src/stm32f4xx_hal_flash.o
LOAD ./Drivers/STM32F4xx_HAL_Driver/Src/stm32f4xx_hal_flash_ex.o
LOAD ./Drivers/STM32F4xx_HAL_Driver/Src/stm32f4xx_hal_flash_ramfunc.o
LOAD ./Drivers/STM32F4xx_HAL_Driver/Src/stm32f4xx_hal_gpio.o
LOAD ./Drivers/STM32F4xx_HAL_Driver/Src/stm32f4xx_hal_pwr.o
LOAD ./Drivers/STM32F4xx_HAL_Driver/Src/stm32f4xx_hal_pwr_ex.o
LOAD ./Drivers/STM32F4xx_HAL_Driver/Src/stm32f4xx_hal_rcc.o
LOAD ./Drivers/STM32F4xx_HAL_Driver/Src/stm32f4xx_hal_rcc_ex.o
LOAD ./Drivers/STM32F4xx_HAL_Driver/Src/stm32f4xx_hal_uart.o
START GROUP
LOAD C:/ST/STM32CubeIDE_1.17.0/STM32CubeIDE/plugins/com.st.stm32cube.ide.mcu.externaltools.gnu-tools-for-stm32.12.3.rel1.win32_1.1.0.202410251130/tools/bin/../lib/gcc/arm-none-eabi/12.3.1/../../../../arm-none-eabi/lib/thumb/v7e-m+fp/hard\libc_nano.a
LOAD C:/ST/STM32CubeIDE_1.17.0/STM32CubeIDE/plugins/com.st.stm32cube.ide.mcu.externaltools.gnu-tools-for-stm32.12.3.rel1.win32_1.1.0.202410251130/tools/bin/../lib/gcc/arm-none-eabi/12.3.1/../../../../arm-none-eabi/lib/thumb/v7e-m+fp/hard\libm.a
END GROUP
START GROUP
LOAD C:/ST/STM32CubeIDE_1.17.0/STM32CubeIDE/plugins/com.st.stm32cube.ide.mcu.externaltools.gnu-tools-for-stm32.12.3.rel1.win32_1.1.0.202410251130/tools/bin/../lib/gcc/arm-none-eabi/12.3.1/thumb/v7e-m+fp/hard\libgcc.a
LOAD C:/ST/STM32CubeIDE_1.17.0/STM32CubeIDE/plugins/com.st.stm32cube.ide.mcu.externaltools.gnu-tools-for-stm32.12.3.rel1.win32_1.1.0.202410251130/tools/bin/../lib/gcc/arm-none-eabi/12.3.1/../../../../arm-none-eabi/lib/thumb/v7e-m+fp/hard\libc_nano.a
END GROUP
START GROUP
LOAD C:/ST/STM32CubeIDE_1.17.0/STM32CubeIDE/plugins/com.st.stm32cube.ide.mcu.externaltools.gnu-tools-for-stm32.12.3.rel1.win32_1.1.0.202410251130/tools/bin/../lib/gcc/arm-none-eabi/12.3.1/thumb/v7e-m+fp/hard\libgcc.a
LOAD C:/ST/STM32CubeIDE_1.17.0/STM32CubeIDE/plugins/com.st.stm32cube.ide.mcu.externaltools.gnu-tools-for-stm32.12.3.rel1.win32_1.1.0.202410251130/tools/bin/../lib/gcc/arm-none-eabi/12.3.1/../../../../arm-none-eabi/lib/thumb/v7e-m+fp/hard\libc_nano.a
LOAD C:/ST/STM32CubeIDE_1.17.0/STM32CubeIDE/plugins/com.st.stm32cube.ide.mcu.externaltools.gnu-tools-for-stm32.12.3.rel1.win32_1.1.0.202410251130/tools/bin/../lib/gcc/arm-none-eabi/12.3.1/../../../../arm-none-eabi/lib/thumb/v7e-m+fp/hard\libnosys.a
END GROUP
START GROUP
LOAD C:/ST/STM32CubeIDE_1.17.0/STM32CubeIDE/plugins/com.st.stm32cube.ide.mcu.externaltools.gnu-tools-for-stm32.12.3.rel1.win32_1.1.0.202410251130/tools/bin/../lib/gcc/arm-none-eabi/12.3.1/thumb/v7e-m+fp/hard\libgcc.a
LOAD C:/ST/STM32CubeIDE_1.17.0/STM32CubeIDE/plugins/com.st.stm32cube.ide.mcu.externaltools.gnu-tools-for-stm32.12.3.rel1.win32_1.1.0.202410251130/tools/bin/../lib/gcc/arm-none-eabi/12.3.1/../../../../arm-none-eabi/lib/thumb/v7e-m+fp/hard\libc_nano.a
LOAD C:/ST/STM32CubeIDE_1.17.0/STM32CubeIDE/plugins/com.st.stm32cube.ide.mcu.externaltools.gnu-tools-for-stm32.12.3.rel1.win32_1.1.0.202410251130/tools/bin/../lib/gcc/arm-none-eabi/12.3.1/../../../../arm-none-eabi/lib/thumb/v7e-m+fp/hard\libnosys.a
END GROUP
LOAD C:/ST/STM32CubeIDE_1.17.0/STM32CubeIDE/plugins/com.st.stm32cube.ide.mcu.externaltools.gnu-tools-for-stm32.12.3.rel1.win32_1.1.0.202410251130/tools/bin/../lib/gcc/arm-none-eabi/12.3.1/thumb/v7e-m+fp/hard/crtend.o
LOAD C:/ST/STM32CubeIDE_1.17.0/STM32CubeIDE/plugins/com.st.stm32cube.ide.mcu.externaltools.gnu-tools-for-stm32.12.3.rel1.win32_1.1.0.202410251130/tools/bin/../lib/gcc/arm-none-eabi/12.3.1/thumb/v7e-m+fp/hard/crtn.o
                0x20020000                        _estack = (ORIGIN (RAM) + LENGTH (RAM))
                0x00000200                        _Min_Heap_Size = 0x200
                0x00000400                        _Min_Stack_Size = 0x400

.isr_vector     0x08000000      0x198
                0x08000000                        . = ALIGN (0x4)
 *(.isr_vector)
 .isr_vector    0x08000000      0x198 ./Core/Startup/startup_stm32f411ceux.o
                0x08000000                g_pfnVectors
                0x08000198                        . = ALIGN (0x4)

.text           0x08000198     0x4754
                0x08000198                        . = ALIGN (0x4)
 *(.text)
 .text          0x08000198       0x40 C:/ST/STM32CubeIDE_1.17.0/STM32CubeIDE/plugins/com.st.stm32cube.ide.mcu.externaltools.gnu-tools-for-stm32.12.3.rel1.win32_1.1.0.202410251130/tools/bin/../lib/gcc/arm-none-eabi/12.3.1/thumb/v7e-m+fp/hard/crtbegin.o
 .text          0x080001d8       0x30 C:/ST/STM32CubeIDE_1.17.0/STM32CubeIDE/plugins/com.st.stm32cube.ide.mcu.externaltools.gnu-tools-for-stm32.12.3.rel1.win32_1.1.0.202410251130/tools/bin/../lib/gcc/arm-none-eabi/12.3.1/thumb/v7e-m+fp/hard\libgcc.a(_aeabi_uldivmod.o)
                0x080001d8                __aeabi_uldivmod
 .text          0x08000208      0x2bc C:/ST/STM32CubeIDE_1.17.0/STM32CubeIDE/plugins/com.st.stm32cube.ide.mcu.externaltools.gnu-tools-for-stm32.12.3.rel1.win32_1.1.0.202410251130/tools/bin/../lib/gcc/arm-none-eabi/12.3.1/thumb/v7e-m+fp/hard\libgcc.a(_udivmoddi4.o)
                0x08000208                __udivmoddi4
 .text          0x080004c4        0x4 C:/ST/STM32CubeIDE_1.17.0/STM32CubeIDE/plugins/com.st.stm32cube.ide.mcu.externaltools.gnu-tools-for-stm32.12.3.rel1.win32_1.1.0.202410251130/tools/bin/../lib/gcc/arm-none-eabi/12.3.1/thumb/v7e-m+fp/hard\libgcc.a(_dvmd_tls.o)
                0x080004c4                __aeabi_idiv0
                0x080004c4                __aeabi_ldiv0
 *(.text*)
 .text.UART1_RxEventCallback
                0x080004c8       0x24 ./Core/Src/HMI_Modbus.o
                0x080004c8                UART1_RxEventCallback
 .text.UART1_TxCpltCallback
                0x080004ec       0x1c ./Core/Src/HMI_Modbus.o
                0x080004ec                UART1_TxCpltCallback
 .text.UART1_ErrorCallback
                0x08000508       0x1c ./Core/Src/HMI_Modbus.o
                0x08000508                UART1_ErrorCallback
 .text.MB_Transmit_Data
                0x08000524       0x34 ./Core/Src/HMI_Modbus.o
                0x08000524                MB_Transmit_Data
 .text.MB_Activate_TX
                0x08000558       0x18 ./Core/Src/HMI_Modbus.o
                0x08000558                MB_Activate_TX
 .text.MB_StartListening
                0x08000570       0x24 ./Core/Src/HMI_Modbus.o
                0x08000570                MB_StartListening
 .text.MB_Request_Recieved
                0x08000594       0x1a ./Core/Src/HMI_Modbus.o
                0x08000594                MB_Request_Recieved
 *fill*         0x080005ae        0x2 
 .text.MB_Init_UART1
                0x080005b0       0xe0 ./Core/Src/HMI_Modbus.o
                0x080005b0                MB_Init_UART1
 .text.main     0x08000690       0x8c ./Core/Src/main.o
                0x08000690                main
 .text.SystemClock_Config
                0x0800071c       0xd0 ./Core/Src/main.o
                0x0800071c                SystemClock_Config
 .text.MX_USART1_UART_Init
                0x080007ec       0x54 ./Core/Src/main.o
 .text.MX_DMA_Init
                0x08000840       0x50 ./Core/Src/main.o
 .text.MX_GPIO_Init
                0x08000890       0xa4 ./Core/Src/main.o
 .text.Error_Handler
                0x08000934        0xc ./Core/Src/main.o
                0x08000934                Error_Handler
 .text.HAL_MspInit
                0x08000940       0x50 ./Core/Src/stm32f4xx_hal_msp.o
                0x08000940                HAL_MspInit
 .text.HAL_UART_MspInit
                0x08000990      0x16c ./Core/Src/stm32f4xx_hal_msp.o
                0x08000990                HAL_UART_MspInit
 .text.NMI_Handler
                0x08000afc        0x8 ./Core/Src/stm32f4xx_it.o
                0x08000afc                NMI_Handler
 .text.HardFault_Handler
                0x08000b04        0x8 ./Core/Src/stm32f4xx_it.o
                0x08000b04                HardFault_Handler
 .text.MemManage_Handler
                0x08000b0c        0x8 ./Core/Src/stm32f4xx_it.o
                0x08000b0c                MemManage_Handler
 .text.BusFault_Handler
                0x08000b14        0x8 ./Core/Src/stm32f4xx_it.o
                0x08000b14                BusFault_Handler
 .text.UsageFault_Handler
                0x08000b1c        0x8 ./Core/Src/stm32f4xx_it.o
                0x08000b1c                UsageFault_Handler
 .text.SVC_Handler
                0x08000b24        0xe ./Core/Src/stm32f4xx_it.o
                0x08000b24                SVC_Handler
 .text.DebugMon_Handler
                0x08000b32        0xe ./Core/Src/stm32f4xx_it.o
                0x08000b32                DebugMon_Handler
 .text.PendSV_Handler
                0x08000b40        0xe ./Core/Src/stm32f4xx_it.o
                0x08000b40                PendSV_Handler
 .text.SysTick_Handler
                0x08000b4e        0xc ./Core/Src/stm32f4xx_it.o
                0x08000b4e                SysTick_Handler
 *fill*         0x08000b5a        0x2 
 .text.USART1_IRQHandler
                0x08000b5c       0x14 ./Core/Src/stm32f4xx_it.o
                0x08000b5c                USART1_IRQHandler
 .text.DMA2_Stream2_IRQHandler
                0x08000b70       0x14 ./Core/Src/stm32f4xx_it.o
                0x08000b70                DMA2_Stream2_IRQHandler
 .text.DMA2_Stream7_IRQHandler
                0x08000b84       0x14 ./Core/Src/stm32f4xx_it.o
                0x08000b84                DMA2_Stream7_IRQHandler
 .text._sbrk    0x08000b98       0x6c ./Core/Src/sysmem.o
                0x08000b98                _sbrk
 .text.SystemInit
                0x08000c04       0x24 ./Core/Src/system_stm32f4xx.o
                0x08000c04                SystemInit
 .text.Reset_Handler
                0x08000c28       0x50 ./Core/Startup/startup_stm32f411ceux.o
                0x08000c28                Reset_Handler
 .text.Default_Handler
                0x08000c78        0x2 ./Core/Startup/startup_stm32f411ceux.o
                0x08000c78                RTC_Alarm_IRQHandler
                0x08000c78                EXTI2_IRQHandler
                0x08000c78                SPI4_IRQHandler
                0x08000c78                TIM1_CC_IRQHandler
                0x08000c78                DMA2_Stream5_IRQHandler
                0x08000c78                DMA1_Stream5_IRQHandler
                0x08000c78                PVD_IRQHandler
                0x08000c78                SDIO_IRQHandler
                0x08000c78                TAMP_STAMP_IRQHandler
                0x08000c78                EXTI3_IRQHandler
                0x08000c78                TIM1_UP_TIM10_IRQHandler
                0x08000c78                I2C3_ER_IRQHandler
                0x08000c78                EXTI0_IRQHandler
                0x08000c78                I2C2_EV_IRQHandler
                0x08000c78                DMA1_Stream2_IRQHandler
                0x08000c78                FPU_IRQHandler
                0x08000c78                SPI1_IRQHandler
                0x08000c78                TIM1_BRK_TIM9_IRQHandler
                0x08000c78                DMA2_Stream3_IRQHandler
                0x08000c78                USART6_IRQHandler
                0x08000c78                DMA2_Stream0_IRQHandler
                0x08000c78                TIM4_IRQHandler
                0x08000c78                I2C1_EV_IRQHandler
                0x08000c78                DMA1_Stream6_IRQHandler
                0x08000c78                DMA1_Stream1_IRQHandler
                0x08000c78                TIM3_IRQHandler
                0x08000c78                RCC_IRQHandler
                0x08000c78                Default_Handler
                0x08000c78                EXTI15_10_IRQHandler
                0x08000c78                ADC_IRQHandler
                0x08000c78                DMA1_Stream7_IRQHandler
                0x08000c78                SPI5_IRQHandler
                0x08000c78                TIM5_IRQHandler
                0x08000c78                I2C3_EV_IRQHandler
                0x08000c78                EXTI9_5_IRQHandler
                0x08000c78                RTC_WKUP_IRQHandler
                0x08000c78                SPI2_IRQHandler
                0x08000c78                DMA1_Stream0_IRQHandler
                0x08000c78                EXTI4_IRQHandler
                0x08000c78                WWDG_IRQHandler
                0x08000c78                TIM2_IRQHandler
                0x08000c78                OTG_FS_WKUP_IRQHandler
                0x08000c78                TIM1_TRG_COM_TIM11_IRQHandler
                0x08000c78                EXTI1_IRQHandler
                0x08000c78                USART2_IRQHandler
                0x08000c78                I2C2_ER_IRQHandler
                0x08000c78                DMA2_Stream1_IRQHandler
                0x08000c78                FLASH_IRQHandler
                0x08000c78                DMA2_Stream4_IRQHandler
                0x08000c78                OTG_FS_IRQHandler
                0x08000c78                SPI3_IRQHandler
                0x08000c78                DMA1_Stream4_IRQHandler
                0x08000c78                I2C1_ER_IRQHandler
                0x08000c78                DMA2_Stream6_IRQHandler
                0x08000c78                DMA1_Stream3_IRQHandler
 .text.crc16    0x08000c7a       0x8e ./Drivers/CMSIS/ModBus_RTU/Modbus_MISC.o
                0x08000c7a                crc16
 .text.MB_Parse_Coils
                0x08000d08       0xb8 ./Drivers/CMSIS/ModBus_RTU/Modbus_MISC.o
                0x08000d08                MB_Parse_Coils
 .text.MB_Parse_UInt16
                0x08000dc0       0x4c ./Drivers/CMSIS/ModBus_RTU/Modbus_MISC.o
                0x08000dc0                MB_Parse_UInt16
 .text.MB_Encode_Coils
                0x08000e0c       0xb8 ./Drivers/CMSIS/ModBus_RTU/Modbus_MISC.o
                0x08000e0c                MB_Encode_Coils
 .text.MB_Encode_UInt16
                0x08000ec4       0x4e ./Drivers/CMSIS/ModBus_RTU/Modbus_MISC.o
                0x08000ec4                MB_Encode_UInt16
 .text.MB_Slave_Init
                0x08000f12      0x152 ./Drivers/CMSIS/ModBus_RTU/Modbus_Slave.o
                0x08000f12                MB_Slave_Init
 .text.MB_Slave_Routine
                0x08001064      0x664 ./Drivers/CMSIS/ModBus_RTU/Modbus_Slave.o
                0x08001064                MB_Slave_Routine
 .text.MB_Slave_TX_Complete
                0x080016c8       0x26 ./Drivers/CMSIS/ModBus_RTU/Modbus_Slave.o
                0x080016c8                MB_Slave_TX_Complete
 .text.MB_Slave_Prepare_Exception
                0x080016ee       0x4c ./Drivers/CMSIS/ModBus_RTU/Modbus_Slave.o
                0x080016ee                MB_Slave_Prepare_Exception
 *fill*         0x0800173a        0x2 
 .text.MB_Slave_ProcessMessage
                0x0800173c      0x3fc ./Drivers/CMSIS/ModBus_RTU/Modbus_Slave.o
                0x0800173c                MB_Slave_ProcessMessage
 .text.HAL_Init
                0x08001b38       0x44 ./Drivers/STM32F4xx_HAL_Driver/Src/stm32f4xx_hal.o
                0x08001b38                HAL_Init
 .text.HAL_InitTick
                0x08001b7c       0x60 ./Drivers/STM32F4xx_HAL_Driver/Src/stm32f4xx_hal.o
                0x08001b7c                HAL_InitTick
 .text.HAL_IncTick
                0x08001bdc       0x28 ./Drivers/STM32F4xx_HAL_Driver/Src/stm32f4xx_hal.o
                0x08001bdc                HAL_IncTick
 .text.HAL_GetTick
                0x08001c04       0x18 ./Drivers/STM32F4xx_HAL_Driver/Src/stm32f4xx_hal.o
                0x08001c04                HAL_GetTick
 .text.__NVIC_SetPriorityGrouping
                0x08001c1c       0x48 ./Drivers/STM32F4xx_HAL_Driver/Src/stm32f4xx_hal_cortex.o
 .text.__NVIC_GetPriorityGrouping
                0x08001c64       0x1c ./Drivers/STM32F4xx_HAL_Driver/Src/stm32f4xx_hal_cortex.o
 .text.__NVIC_EnableIRQ
                0x08001c80       0x3c ./Drivers/STM32F4xx_HAL_Driver/Src/stm32f4xx_hal_cortex.o
 .text.__NVIC_SetPriority
                0x08001cbc       0x54 ./Drivers/STM32F4xx_HAL_Driver/Src/stm32f4xx_hal_cortex.o
 .text.NVIC_EncodePriority
                0x08001d10       0x66 ./Drivers/STM32F4xx_HAL_Driver/Src/stm32f4xx_hal_cortex.o
 *fill*         0x08001d76        0x2 
 .text.SysTick_Config
                0x08001d78       0x44 ./Drivers/STM32F4xx_HAL_Driver/Src/stm32f4xx_hal_cortex.o
 .text.HAL_NVIC_SetPriorityGrouping
                0x08001dbc       0x16 ./Drivers/STM32F4xx_HAL_Driver/Src/stm32f4xx_hal_cortex.o
                0x08001dbc                HAL_NVIC_SetPriorityGrouping
 .text.HAL_NVIC_SetPriority
                0x08001dd2       0x38 ./Drivers/STM32F4xx_HAL_Driver/Src/stm32f4xx_hal_cortex.o
                0x08001dd2                HAL_NVIC_SetPriority
 .text.HAL_NVIC_EnableIRQ
                0x08001e0a       0x1c ./Drivers/STM32F4xx_HAL_Driver/Src/stm32f4xx_hal_cortex.o
                0x08001e0a                HAL_NVIC_EnableIRQ
 .text.HAL_SYSTICK_Config
                0x08001e26       0x18 ./Drivers/STM32F4xx_HAL_Driver/Src/stm32f4xx_hal_cortex.o
                0x08001e26                HAL_SYSTICK_Config
 *fill*         0x08001e3e        0x2 
 .text.HAL_DMA_Init
                0x08001e40      0x15c ./Drivers/STM32F4xx_HAL_Driver/Src/stm32f4xx_hal_dma.o
                0x08001e40                HAL_DMA_Init
 .text.HAL_DMA_Start_IT
                0x08001f9c       0xb0 ./Drivers/STM32F4xx_HAL_Driver/Src/stm32f4xx_hal_dma.o
                0x08001f9c                HAL_DMA_Start_IT
 .text.HAL_DMA_Abort
                0x0800204c       0xe0 ./Drivers/STM32F4xx_HAL_Driver/Src/stm32f4xx_hal_dma.o
                0x0800204c                HAL_DMA_Abort
 .text.HAL_DMA_Abort_IT
                0x0800212c       0x44 ./Drivers/STM32F4xx_HAL_Driver/Src/stm32f4xx_hal_dma.o
                0x0800212c                HAL_DMA_Abort_IT
 .text.HAL_DMA_IRQHandler
                0x08002170      0x314 ./Drivers/STM32F4xx_HAL_Driver/Src/stm32f4xx_hal_dma.o
                0x08002170                HAL_DMA_IRQHandler
 .text.DMA_SetConfig
                0x08002484       0x5c ./Drivers/STM32F4xx_HAL_Driver/Src/stm32f4xx_hal_dma.o
 .text.DMA_CalcBaseAndBitshift
                0x080024e0       0x6c ./Drivers/STM32F4xx_HAL_Driver/Src/stm32f4xx_hal_dma.o
 .text.DMA_CheckFifoParam
                0x0800254c       0xf8 ./Drivers/STM32F4xx_HAL_Driver/Src/stm32f4xx_hal_dma.o
 .text.HAL_GPIO_Init
                0x08002644      0x308 ./Drivers/STM32F4xx_HAL_Driver/Src/stm32f4xx_hal_gpio.o
                0x08002644                HAL_GPIO_Init
 .text.HAL_GPIO_WritePin
                0x0800294c       0x32 ./Drivers/STM32F4xx_HAL_Driver/Src/stm32f4xx_hal_gpio.o
                0x0800294c                HAL_GPIO_WritePin
 *fill*         0x0800297e        0x2 
 .text.HAL_RCC_OscConfig
                0x08002980      0x4f0 ./Drivers/STM32F4xx_HAL_Driver/Src/stm32f4xx_hal_rcc.o
                0x08002980                HAL_RCC_OscConfig
 .text.HAL_RCC_ClockConfig
                0x08002e70      0x1cc ./Drivers/STM32F4xx_HAL_Driver/Src/stm32f4xx_hal_rcc.o
                0x08002e70                HAL_RCC_ClockConfig
 .text.HAL_RCC_GetSysClockFreq
                0x0800303c      0x18c ./Drivers/STM32F4xx_HAL_Driver/Src/stm32f4xx_hal_rcc.o
                0x0800303c                HAL_RCC_GetSysClockFreq
 .text.HAL_RCC_GetHCLKFreq
                0x080031c8       0x18 ./Drivers/STM32F4xx_HAL_Driver/Src/stm32f4xx_hal_rcc.o
                0x080031c8                HAL_RCC_GetHCLKFreq
 .text.HAL_RCC_GetPCLK1Freq
                0x080031e0       0x28 ./Drivers/STM32F4xx_HAL_Driver/Src/stm32f4xx_hal_rcc.o
                0x080031e0                HAL_RCC_GetPCLK1Freq
 .text.HAL_RCC_GetPCLK2Freq
                0x08003208       0x28 ./Drivers/STM32F4xx_HAL_Driver/Src/stm32f4xx_hal_rcc.o
                0x08003208                HAL_RCC_GetPCLK2Freq
 .text.HAL_UART_Init
                0x08003230       0xbc ./Drivers/STM32F4xx_HAL_Driver/Src/stm32f4xx_hal_uart.o
                0x08003230                HAL_UART_Init
 .text.HAL_UART_RegisterCallback
                0x080032ec      0x130 ./Drivers/STM32F4xx_HAL_Driver/Src/stm32f4xx_hal_uart.o
                0x080032ec                HAL_UART_RegisterCallback
 .text.HAL_UART_RegisterRxEventCallback
                0x0800341c       0x74 ./Drivers/STM32F4xx_HAL_Driver/Src/stm32f4xx_hal_uart.o
                0x0800341c                HAL_UART_RegisterRxEventCallback
 .text.HAL_UART_Transmit_DMA
                0x08003490       0xe0 ./Drivers/STM32F4xx_HAL_Driver/Src/stm32f4xx_hal_uart.o
                0x08003490                HAL_UART_Transmit_DMA
 .text.HAL_UARTEx_ReceiveToIdle_IT
                0x08003570       0xba ./Drivers/STM32F4xx_HAL_Driver/Src/stm32f4xx_hal_uart.o
                0x08003570                HAL_UARTEx_ReceiveToIdle_IT
 *fill*         0x0800362a        0x2 
 .text.HAL_UART_IRQHandler
                0x0800362c      0x530 ./Drivers/STM32F4xx_HAL_Driver/Src/stm32f4xx_hal_uart.o
                0x0800362c                HAL_UART_IRQHandler
 .text.HAL_UART_TxCpltCallback
                0x08003b5c       0x14 ./Drivers/STM32F4xx_HAL_Driver/Src/stm32f4xx_hal_uart.o
                0x08003b5c                HAL_UART_TxCpltCallback
 .text.HAL_UART_TxHalfCpltCallback
                0x08003b70       0x14 ./Drivers/STM32F4xx_HAL_Driver/Src/stm32f4xx_hal_uart.o
                0x08003b70                HAL_UART_TxHalfCpltCallback
 .text.HAL_UART_RxCpltCallback
                0x08003b84       0x14 ./Drivers/STM32F4xx_HAL_Driver/Src/stm32f4xx_hal_uart.o
                0x08003b84                HAL_UART_RxCpltCallback
 .text.HAL_UART_RxHalfCpltCallback
                0x08003b98       0x14 ./Drivers/STM32F4xx_HAL_Driver/Src/stm32f4xx_hal_uart.o
                0x08003b98                HAL_UART_RxHalfCpltCallback
 .text.HAL_UART_ErrorCallback
                0x08003bac       0x14 ./Drivers/STM32F4xx_HAL_Driver/Src/stm32f4xx_hal_uart.o
                0x08003bac                HAL_UART_ErrorCallback
 .text.HAL_UART_AbortCpltCallback
                0x08003bc0       0x14 ./Drivers/STM32F4xx_HAL_Driver/Src/stm32f4xx_hal_uart.o
                0x08003bc0                HAL_UART_AbortCpltCallback
 .text.HAL_UART_AbortTransmitCpltCallback
                0x08003bd4       0x14 ./Drivers/STM32F4xx_HAL_Driver/Src/stm32f4xx_hal_uart.o
                0x08003bd4                HAL_UART_AbortTransmitCpltCallback
 .text.HAL_UART_AbortReceiveCpltCallback
                0x08003be8       0x14 ./Drivers/STM32F4xx_HAL_Driver/Src/stm32f4xx_hal_uart.o
                0x08003be8                HAL_UART_AbortReceiveCpltCallback
 .text.HAL_UARTEx_RxEventCallback
                0x08003bfc       0x18 ./Drivers/STM32F4xx_HAL_Driver/Src/stm32f4xx_hal_uart.o
                0x08003bfc                HAL_UARTEx_RxEventCallback
 .text.UART_InitCallbacksToDefault
                0x08003c14       0x70 ./Drivers/STM32F4xx_HAL_Driver/Src/stm32f4xx_hal_uart.o
                0x08003c14                UART_InitCallbacksToDefault
 .text.UART_DMATransmitCplt
                0x08003c84       0x9c ./Drivers/STM32F4xx_HAL_Driver/Src/stm32f4xx_hal_uart.o
 .text.UART_DMATxHalfCplt
                0x08003d20       0x1e ./Drivers/STM32F4xx_HAL_Driver/Src/stm32f4xx_hal_uart.o
 .text.UART_DMAError
                0x08003d3e       0x96 ./Drivers/STM32F4xx_HAL_Driver/Src/stm32f4xx_hal_uart.o
 .text.UART_Start_Receive_IT
                0x08003dd4       0x74 ./Drivers/STM32F4xx_HAL_Driver/Src/stm32f4xx_hal_uart.o
                0x08003dd4                UART_Start_Receive_IT
 .text.UART_EndTxTransfer
                0x08003e48       0x50 ./Drivers/STM32F4xx_HAL_Driver/Src/stm32f4xx_hal_uart.o
 .text.UART_EndRxTransfer
                0x08003e98       0xc6 ./Drivers/STM32F4xx_HAL_Driver/Src/stm32f4xx_hal_uart.o
 .text.UART_DMAAbortOnError
                0x08003f5e       0x2a ./Drivers/STM32F4xx_HAL_Driver/Src/stm32f4xx_hal_uart.o
 .text.UART_Transmit_IT
                0x08003f88       0xa0 ./Drivers/STM32F4xx_HAL_Driver/Src/stm32f4xx_hal_uart.o
 .text.UART_EndTransmit_IT
                0x08004028       0x32 ./Drivers/STM32F4xx_HAL_Driver/Src/stm32f4xx_hal_uart.o
 .text.UART_Receive_IT
                0x0800405a      0x180 ./Drivers/STM32F4xx_HAL_Driver/Src/stm32f4xx_hal_uart.o
 *fill*         0x080041da        0x2 
 .text.UART_SetConfig
                0x080041dc      0x4e8 ./Drivers/STM32F4xx_HAL_Driver/Src/stm32f4xx_hal_uart.o
 .text.malloc   0x080046c4       0x10 C:/ST/STM32CubeIDE_1.17.0/STM32CubeIDE/plugins/com.st.stm32cube.ide.mcu.externaltools.gnu-tools-for-stm32.12.3.rel1.win32_1.1.0.202410251130/tools/bin/../lib/gcc/arm-none-eabi/12.3.1/../../../../arm-none-eabi/lib/thumb/v7e-m+fp/hard\libc_nano.a(libc_a-malloc.o)
                0x080046c4                malloc
 .text.sbrk_aligned
                0x080046d4       0x44 C:/ST/STM32CubeIDE_1.17.0/STM32CubeIDE/plugins/com.st.stm32cube.ide.mcu.externaltools.gnu-tools-for-stm32.12.3.rel1.win32_1.1.0.202410251130/tools/bin/../lib/gcc/arm-none-eabi/12.3.1/../../../../arm-none-eabi/lib/thumb/v7e-m+fp/hard\libc_nano.a(libc_a-mallocr.o)
 .text._malloc_r
                0x08004718      0x100 C:/ST/STM32CubeIDE_1.17.0/STM32CubeIDE/plugins/com.st.stm32cube.ide.mcu.externaltools.gnu-tools-for-stm32.12.3.rel1.win32_1.1.0.202410251130/tools/bin/../lib/gcc/arm-none-eabi/12.3.1/../../../../arm-none-eabi/lib/thumb/v7e-m+fp/hard\libc_nano.a(libc_a-mallocr.o)
                0x08004718                _malloc_r
 .text.__malloc_lock
                0x08004818        0xc C:/ST/STM32CubeIDE_1.17.0/STM32CubeIDE/plugins/com.st.stm32cube.ide.mcu.externaltools.gnu-tools-for-stm32.12.3.rel1.win32_1.1.0.202410251130/tools/bin/../lib/gcc/arm-none-eabi/12.3.1/../../../../arm-none-eabi/lib/thumb/v7e-m+fp/hard\libc_nano.a(libc_a-mlock.o)
                0x08004818                __malloc_lock
 .text.__malloc_unlock
                0x08004824        0xc C:/ST/STM32CubeIDE_1.17.0/STM32CubeIDE/plugins/com.st.stm32cube.ide.mcu.externaltools.gnu-tools-for-stm32.12.3.rel1.win32_1.1.0.202410251130/tools/bin/../lib/gcc/arm-none-eabi/12.3.1/../../../../arm-none-eabi/lib/thumb/v7e-m+fp/hard\libc_nano.a(libc_a-mlock.o)
                0x08004824                __malloc_unlock
 .text.memset   0x08004830       0x10 C:/ST/STM32CubeIDE_1.17.0/STM32CubeIDE/plugins/com.st.stm32cube.ide.mcu.externaltools.gnu-tools-for-stm32.12.3.rel1.win32_1.1.0.202410251130/tools/bin/../lib/gcc/arm-none-eabi/12.3.1/../../../../arm-none-eabi/lib/thumb/v7e-m+fp/hard\libc_nano.a(libc_a-memset.o)
                0x08004830                memset
 .text._sbrk_r  0x08004840       0x20 C:/ST/STM32CubeIDE_1.17.0/STM32CubeIDE/plugins/com.st.stm32cube.ide.mcu.externaltools.gnu-tools-for-stm32.12.3.rel1.win32_1.1.0.202410251130/tools/bin/../lib/gcc/arm-none-eabi/12.3.1/../../../../arm-none-eabi/lib/thumb/v7e-m+fp/hard\libc_nano.a(libc_a-sbrkr.o)
                0x08004840                _sbrk_r
 .text.__errno  0x08004860        0xc C:/ST/STM32CubeIDE_1.17.0/STM32CubeIDE/plugins/com.st.stm32cube.ide.mcu.externaltools.gnu-tools-for-stm32.12.3.rel1.win32_1.1.0.202410251130/tools/bin/../lib/gcc/arm-none-eabi/12.3.1/../../../../arm-none-eabi/lib/thumb/v7e-m+fp/hard\libc_nano.a(libc_a-errno.o)
                0x08004860                __errno
 .text.__libc_init_array
                0x0800486c       0x48 C:/ST/STM32CubeIDE_1.17.0/STM32CubeIDE/plugins/com.st.stm32cube.ide.mcu.externaltools.gnu-tools-for-stm32.12.3.rel1.win32_1.1.0.202410251130/tools/bin/../lib/gcc/arm-none-eabi/12.3.1/../../../../arm-none-eabi/lib/thumb/v7e-m+fp/hard\libc_nano.a(libc_a-init.o)
                0x0800486c                __libc_init_array
 .text.__retarget_lock_acquire_recursive
                0x080048b4        0x2 C:/ST/STM32CubeIDE_1.17.0/STM32CubeIDE/plugins/com.st.stm32cube.ide.mcu.externaltools.gnu-tools-for-stm32.12.3.rel1.win32_1.1.0.202410251130/tools/bin/../lib/gcc/arm-none-eabi/12.3.1/../../../../arm-none-eabi/lib/thumb/v7e-m+fp/hard\libc_nano.a(libc_a-lock.o)
                0x080048b4                __retarget_lock_acquire_recursive
 .text.__retarget_lock_release_recursive
                0x080048b6        0x2 C:/ST/STM32CubeIDE_1.17.0/STM32CubeIDE/plugins/com.st.stm32cube.ide.mcu.externaltools.gnu-tools-for-stm32.12.3.rel1.win32_1.1.0.202410251130/tools/bin/../lib/gcc/arm-none-eabi/12.3.1/../../../../arm-none-eabi/lib/thumb/v7e-m+fp/hard\libc_nano.a(libc_a-lock.o)
                0x080048b6                __retarget_lock_release_recursive
 .text.memcpy   0x080048b8       0x1c C:/ST/STM32CubeIDE_1.17.0/STM32CubeIDE/plugins/com.st.stm32cube.ide.mcu.externaltools.gnu-tools-for-stm32.12.3.rel1.win32_1.1.0.202410251130/tools/bin/../lib/gcc/arm-none-eabi/12.3.1/../../../../arm-none-eabi/lib/thumb/v7e-m+fp/hard\libc_nano.a(libc_a-memcpy-stub.o)
                0x080048b8                memcpy
 *(.glue_7)
 .glue_7        0x080048d4        0x0 linker stubs
 *(.glue_7t)
 .glue_7t       0x080048d4        0x0 linker stubs
 *(.eh_frame)
 .eh_frame      0x080048d4        0x0 C:/ST/STM32CubeIDE_1.17.0/STM32CubeIDE/plugins/com.st.stm32cube.ide.mcu.externaltools.gnu-tools-for-stm32.12.3.rel1.win32_1.1.0.202410251130/tools/bin/../lib/gcc/arm-none-eabi/12.3.1/thumb/v7e-m+fp/hard/crtbegin.o
 *(.init)
 .init          0x080048d4        0x4 C:/ST/STM32CubeIDE_1.17.0/STM32CubeIDE/plugins/com.st.stm32cube.ide.mcu.externaltools.gnu-tools-for-stm32.12.3.rel1.win32_1.1.0.202410251130/tools/bin/../lib/gcc/arm-none-eabi/12.3.1/thumb/v7e-m+fp/hard/crti.o
                0x080048d4                _init
 .init          0x080048d8        0x8 C:/ST/STM32CubeIDE_1.17.0/STM32CubeIDE/plugins/com.st.stm32cube.ide.mcu.externaltools.gnu-tools-for-stm32.12.3.rel1.win32_1.1.0.202410251130/tools/bin/../lib/gcc/arm-none-eabi/12.3.1/thumb/v7e-m+fp/hard/crtn.o
 *(.fini)
 .fini          0x080048e0        0x4 C:/ST/STM32CubeIDE_1.17.0/STM32CubeIDE/plugins/com.st.stm32cube.ide.mcu.externaltools.gnu-tools-for-stm32.12.3.rel1.win32_1.1.0.202410251130/tools/bin/../lib/gcc/arm-none-eabi/12.3.1/thumb/v7e-m+fp/hard/crti.o
                0x080048e0                _fini
 .fini          0x080048e4        0x8 C:/ST/STM32CubeIDE_1.17.0/STM32CubeIDE/plugins/com.st.stm32cube.ide.mcu.externaltools.gnu-tools-for-stm32.12.3.rel1.win32_1.1.0.202410251130/tools/bin/../lib/gcc/arm-none-eabi/12.3.1/thumb/v7e-m+fp/hard/crtn.o
                0x080048ec                        . = ALIGN (0x4)
                0x080048ec                        _etext = .

.vfp11_veneer   0x080048ec        0x0
 .vfp11_veneer  0x080048ec        0x0 linker stubs

.v4_bx          0x080048ec        0x0
 .v4_bx         0x080048ec        0x0 linker stubs

.iplt           0x080048ec        0x0
 .iplt          0x080048ec        0x0 C:/ST/STM32CubeIDE_1.17.0/STM32CubeIDE/plugins/com.st.stm32cube.ide.mcu.externaltools.gnu-tools-for-stm32.12.3.rel1.win32_1.1.0.202410251130/tools/bin/../lib/gcc/arm-none-eabi/12.3.1/thumb/v7e-m+fp/hard/crtbegin.o

.rodata         0x080048ec       0x30
                0x080048ec                        . = ALIGN (0x4)
 *(.rodata)
 *(.rodata*)
 .rodata.AHBPrescTable
                0x080048ec       0x10 ./Core/Src/system_stm32f4xx.o
                0x080048ec                AHBPrescTable
 .rodata.APBPrescTable
                0x080048fc        0x8 ./Core/Src/system_stm32f4xx.o
                0x080048fc                APBPrescTable
 .rodata.BitMasks
                0x08004904        0x8 ./Drivers/CMSIS/ModBus_RTU/Modbus_MISC.o
 .rodata.NbitMasks
                0x0800490c        0x8 ./Drivers/CMSIS/ModBus_RTU/Modbus_MISC.o
 .rodata.flagBitshiftOffset.0
                0x08004914        0x8 ./Drivers/STM32F4xx_HAL_Driver/Src/stm32f4xx_hal_dma.o
                0x0800491c                        . = ALIGN (0x4)

.ARM.extab      0x0800491c        0x0
                0x0800491c                        . = ALIGN (0x4)
 *(.ARM.extab* .gnu.linkonce.armextab.*)
                0x0800491c                        . = ALIGN (0x4)

.ARM            0x0800491c        0x8
                0x0800491c                        . = ALIGN (0x4)
                0x0800491c                        __exidx_start = .
 *(.ARM.exidx*)
 .ARM.exidx     0x0800491c        0x8 C:/ST/STM32CubeIDE_1.17.0/STM32CubeIDE/plugins/com.st.stm32cube.ide.mcu.externaltools.gnu-tools-for-stm32.12.3.rel1.win32_1.1.0.202410251130/tools/bin/../lib/gcc/arm-none-eabi/12.3.1/thumb/v7e-m+fp/hard\libgcc.a(_udivmoddi4.o)
                0x08004924                        __exidx_end = .
                0x08004924                        . = ALIGN (0x4)

.preinit_array  0x08004924        0x0
                0x08004924                        . = ALIGN (0x4)
                0x08004924                        PROVIDE (__preinit_array_start = .)
 *(.preinit_array*)
                0x08004924                        PROVIDE (__preinit_array_end = .)
                0x08004924                        . = ALIGN (0x4)

.init_array     0x08004924        0x4
                0x08004924                        . = ALIGN (0x4)
                0x08004924                        PROVIDE (__init_array_start = .)
 *(SORT_BY_NAME(.init_array.*))
 *(.init_array*)
 .init_array    0x08004924        0x4 C:/ST/STM32CubeIDE_1.17.0/STM32CubeIDE/plugins/com.st.stm32cube.ide.mcu.externaltools.gnu-tools-for-stm32.12.3.rel1.win32_1.1.0.202410251130/tools/bin/../lib/gcc/arm-none-eabi/12.3.1/thumb/v7e-m+fp/hard/crtbegin.o
                0x08004928                        PROVIDE (__init_array_end = .)
                0x08004928                        . = ALIGN (0x4)

.fini_array     0x08004928        0x4
                0x08004928                        . = ALIGN (0x4)
                [!provide]                        PROVIDE (__fini_array_start = .)
 *(SORT_BY_NAME(.fini_array.*))
 *(.fini_array*)
 .fini_array    0x08004928        0x4 C:/ST/STM32CubeIDE_1.17.0/STM32CubeIDE/plugins/com.st.stm32cube.ide.mcu.externaltools.gnu-tools-for-stm32.12.3.rel1.win32_1.1.0.202410251130/tools/bin/../lib/gcc/arm-none-eabi/12.3.1/thumb/v7e-m+fp/hard/crtbegin.o
                [!provide]                        PROVIDE (__fini_array_end = .)
                0x0800492c                        . = ALIGN (0x4)
                0x0800492c                        _sidata = LOADADDR (.data)

.rel.dyn        0x0800492c        0x0
 .rel.iplt      0x0800492c        0x0 C:/ST/STM32CubeIDE_1.17.0/STM32CubeIDE/plugins/com.st.stm32cube.ide.mcu.externaltools.gnu-tools-for-stm32.12.3.rel1.win32_1.1.0.202410251130/tools/bin/../lib/gcc/arm-none-eabi/12.3.1/thumb/v7e-m+fp/hard/crtbegin.o

.data           0x20000000       0x5c load address 0x0800492c
                0x20000000                        . = ALIGN (0x4)
                0x20000000                        _sdata = .
 *(.data)
 *(.data*)
 .data.SystemCoreClock
                0x20000000        0x4 ./Core/Src/system_stm32f4xx.o
                0x20000000                SystemCoreClock
 .data.uwTickPrio
                0x20000004        0x4 ./Drivers/STM32F4xx_HAL_Driver/Src/stm32f4xx_hal.o
                0x20000004                uwTickPrio
 .data.uwTickFreq
                0x20000008        0x1 ./Drivers/STM32F4xx_HAL_Driver/Src/stm32f4xx_hal.o
                0x20000008                uwTickFreq
 *fill*         0x20000009        0x3 
 .data._impure_ptr
                0x2000000c        0x4 C:/ST/STM32CubeIDE_1.17.0/STM32CubeIDE/plugins/com.st.stm32cube.ide.mcu.externaltools.gnu-tools-for-stm32.12.3.rel1.win32_1.1.0.202410251130/tools/bin/../lib/gcc/arm-none-eabi/12.3.1/../../../../arm-none-eabi/lib/thumb/v7e-m+fp/hard\libc_nano.a(libc_a-impure.o)
                0x2000000c                _impure_ptr
 .data._impure_data
                0x20000010       0x4c C:/ST/STM32CubeIDE_1.17.0/STM32CubeIDE/plugins/com.st.stm32cube.ide.mcu.externaltools.gnu-tools-for-stm32.12.3.rel1.win32_1.1.0.202410251130/tools/bin/../lib/gcc/arm-none-eabi/12.3.1/../../../../arm-none-eabi/lib/thumb/v7e-m+fp/hard\libc_nano.a(libc_a-impure.o)
                0x20000010                _impure_data
 *(.RamFunc)
 *(.RamFunc*)
                0x2000005c                        . = ALIGN (0x4)
                0x2000005c                        _edata = .

.igot.plt       0x2000005c        0x0 load address 0x08004988
 .igot.plt      0x2000005c        0x0 C:/ST/STM32CubeIDE_1.17.0/STM32CubeIDE/plugins/com.st.stm32cube.ide.mcu.externaltools.gnu-tools-for-stm32.12.3.rel1.win32_1.1.0.202410251130/tools/bin/../lib/gcc/arm-none-eabi/12.3.1/thumb/v7e-m+fp/hard/crtbegin.o
                0x2000005c                        . = ALIGN (0x4)

.bss            0x2000005c      0x318 load address 0x08004988
                0x2000005c                        _sbss = .
                0x2000005c                        __bss_start__ = _sbss
 *(.bss)
 .bss           0x2000005c       0x1c C:/ST/STM32CubeIDE_1.17.0/STM32CubeIDE/plugins/com.st.stm32cube.ide.mcu.externaltools.gnu-tools-for-stm32.12.3.rel1.win32_1.1.0.202410251130/tools/bin/../lib/gcc/arm-none-eabi/12.3.1/thumb/v7e-m+fp/hard/crtbegin.o
 *(.bss*)
 .bss.MB        0x20000078       0x68 ./Core/Src/HMI_Modbus.o
                0x20000078                MB
 .bss.uart      0x200000e0        0x4 ./Core/Src/HMI_Modbus.o
                0x200000e0                uart
 .bss.Hregs     0x200000e4        0x4 ./Core/Src/HMI_Modbus.o
                0x200000e4                Hregs
 .bss.Iregs     0x200000e8        0x4 ./Core/Src/HMI_Modbus.o
                0x200000e8                Iregs
 .bss.huart1    0x200000ec       0x78 ./Core/Src/main.o
                0x200000ec                huart1
 .bss.hdma_usart1_rx
                0x20000164       0x60 ./Core/Src/main.o
                0x20000164                hdma_usart1_rx
 .bss.hdma_usart1_tx
                0x200001c4       0x60 ./Core/Src/main.o
                0x200001c4                hdma_usart1_tx
 .bss.__sbrk_heap_end
                0x20000224        0x4 ./Core/Src/sysmem.o
 .bss.uwTick    0x20000228        0x4 ./Drivers/STM32F4xx_HAL_Driver/Src/stm32f4xx_hal.o
                0x20000228                uwTick
 .bss.__malloc_sbrk_start
                0x2000022c        0x4 C:/ST/STM32CubeIDE_1.17.0/STM32CubeIDE/plugins/com.st.stm32cube.ide.mcu.externaltools.gnu-tools-for-stm32.12.3.rel1.win32_1.1.0.202410251130/tools/bin/../lib/gcc/arm-none-eabi/12.3.1/../../../../arm-none-eabi/lib/thumb/v7e-m+fp/hard\libc_nano.a(libc_a-mallocr.o)
                0x2000022c                __malloc_sbrk_start
 .bss.__malloc_free_list
                0x20000230        0x4 C:/ST/STM32CubeIDE_1.17.0/STM32CubeIDE/plugins/com.st.stm32cube.ide.mcu.externaltools.gnu-tools-for-stm32.12.3.rel1.win32_1.1.0.202410251130/tools/bin/../lib/gcc/arm-none-eabi/12.3.1/../../../../arm-none-eabi/lib/thumb/v7e-m+fp/hard\libc_nano.a(libc_a-mallocr.o)
                0x20000230                __malloc_free_list
 .bss.__sf      0x20000234      0x138 C:/ST/STM32CubeIDE_1.17.0/STM32CubeIDE/plugins/com.st.stm32cube.ide.mcu.externaltools.gnu-tools-for-stm32.12.3.rel1.win32_1.1.0.202410251130/tools/bin/../lib/gcc/arm-none-eabi/12.3.1/../../../../arm-none-eabi/lib/thumb/v7e-m+fp/hard\libc_nano.a(libc_a-findfp.o)
                0x20000234                __sf
 .bss.errno     0x2000036c        0x4 C:/ST/STM32CubeIDE_1.17.0/STM32CubeIDE/plugins/com.st.stm32cube.ide.mcu.externaltools.gnu-tools-for-stm32.12.3.rel1.win32_1.1.0.202410251130/tools/bin/../lib/gcc/arm-none-eabi/12.3.1/../../../../arm-none-eabi/lib/thumb/v7e-m+fp/hard\libc_nano.a(libc_a-reent.o)
                0x2000036c                errno
 .bss.__lock___malloc_recursive_mutex
                0x20000370        0x1 C:/ST/STM32CubeIDE_1.17.0/STM32CubeIDE/plugins/com.st.stm32cube.ide.mcu.externaltools.gnu-tools-for-stm32.12.3.rel1.win32_1.1.0.202410251130/tools/bin/../lib/gcc/arm-none-eabi/12.3.1/../../../../arm-none-eabi/lib/thumb/v7e-m+fp/hard\libc_nano.a(libc_a-lock.o)
                0x20000370                __lock___malloc_recursive_mutex
 *(COMMON)
                0x20000374                        . = ALIGN (0x4)
 *fill*         0x20000371        0x3 
                0x20000374                        _ebss = .
                0x20000374                        __bss_end__ = _ebss

._user_heap_stack
                0x20000374      0x604 load address 0x08004988
                0x20000378                        . = ALIGN (0x8)
 *fill*         0x20000374        0x4 
                [!provide]                        PROVIDE (end = .)
                0x20000378                        PROVIDE (_end = .)
                0x20000578                        . = (. + _Min_Heap_Size)
 *fill*         0x20000378      0x200 
                0x20000978                        . = (. + _Min_Stack_Size)
 *fill*         0x20000578      0x400 
                0x20000978                        . = ALIGN (0x8)

/DISCARD/
 libc.a(*)
 libm.a(*)
 libgcc.a(*)

.ARM.attributes
                0x00000000       0x30
 *(.ARM.attributes)
 .ARM.attributes
                0x00000000       0x22 C:/ST/STM32CubeIDE_1.17.0/STM32CubeIDE/plugins/com.st.stm32cube.ide.mcu.externaltools.gnu-tools-for-stm32.12.3.rel1.win32_1.1.0.202410251130/tools/bin/../lib/gcc/arm-none-eabi/12.3.1/thumb/v7e-m+fp/hard/crti.o
 .ARM.attributes
                0x00000022       0x34 C:/ST/STM32CubeIDE_1.17.0/STM32CubeIDE/plugins/com.st.stm32cube.ide.mcu.externaltools.gnu-tools-for-stm32.12.3.rel1.win32_1.1.0.202410251130/tools/bin/../lib/gcc/arm-none-eabi/12.3.1/thumb/v7e-m+fp/hard/crtbegin.o
 .ARM.attributes
                0x00000056       0x34 ./Core/Src/HMI_Modbus.o
 .ARM.attributes
                0x0000008a       0x34 ./Core/Src/main.o
 .ARM.attributes
                0x000000be       0x34 ./Core/Src/stm32f4xx_hal_msp.o
 .ARM.attributes
                0x000000f2       0x34 ./Core/Src/stm32f4xx_it.o
 .ARM.attributes
                0x00000126       0x34 ./Core/Src/sysmem.o
 .ARM.attributes
                0x0000015a       0x34 ./Core/Src/system_stm32f4xx.o
 .ARM.attributes
                0x0000018e       0x21 ./Core/Startup/startup_stm32f411ceux.o
 .ARM.attributes
                0x000001af       0x34 ./Drivers/CMSIS/ModBus_RTU/Modbus_MISC.o
 .ARM.attributes
                0x000001e3       0x34 ./Drivers/CMSIS/ModBus_RTU/Modbus_Slave.o
 .ARM.attributes
                0x00000217       0x34 ./Drivers/STM32F4xx_HAL_Driver/Src/stm32f4xx_hal.o
 .ARM.attributes
                0x0000024b       0x34 ./Drivers/STM32F4xx_HAL_Driver/Src/stm32f4xx_hal_cortex.o
 .ARM.attributes
                0x0000027f       0x34 ./Drivers/STM32F4xx_HAL_Driver/Src/stm32f4xx_hal_dma.o
 .ARM.attributes
                0x000002b3       0x34 ./Drivers/STM32F4xx_HAL_Driver/Src/stm32f4xx_hal_gpio.o
 .ARM.attributes
                0x000002e7       0x34 ./Drivers/STM32F4xx_HAL_Driver/Src/stm32f4xx_hal_rcc.o
 .ARM.attributes
                0x0000031b       0x34 ./Drivers/STM32F4xx_HAL_Driver/Src/stm32f4xx_hal_uart.o
 .ARM.attributes
                0x0000034f       0x34 C:/ST/STM32CubeIDE_1.17.0/STM32CubeIDE/plugins/com.st.stm32cube.ide.mcu.externaltools.gnu-tools-for-stm32.12.3.rel1.win32_1.1.0.202410251130/tools/bin/../lib/gcc/arm-none-eabi/12.3.1/../../../../arm-none-eabi/lib/thumb/v7e-m+fp/hard\libc_nano.a(libc_a-malloc.o)
 .ARM.attributes
                0x00000383       0x34 C:/ST/STM32CubeIDE_1.17.0/STM32CubeIDE/plugins/com.st.stm32cube.ide.mcu.externaltools.gnu-tools-for-stm32.12.3.rel1.win32_1.1.0.202410251130/tools/bin/../lib/gcc/arm-none-eabi/12.3.1/../../../../arm-none-eabi/lib/thumb/v7e-m+fp/hard\libc_nano.a(libc_a-mallocr.o)
 .ARM.attributes
                0x000003b7       0x34 C:/ST/STM32CubeIDE_1.17.0/STM32CubeIDE/plugins/com.st.stm32cube.ide.mcu.externaltools.gnu-tools-for-stm32.12.3.rel1.win32_1.1.0.202410251130/tools/bin/../lib/gcc/arm-none-eabi/12.3.1/../../../../arm-none-eabi/lib/thumb/v7e-m+fp/hard\libc_nano.a(libc_a-mlock.o)
 .ARM.attributes
                0x000003eb       0x34 C:/ST/STM32CubeIDE_1.17.0/STM32CubeIDE/plugins/com.st.stm32cube.ide.mcu.externaltools.gnu-tools-for-stm32.12.3.rel1.win32_1.1.0.202410251130/tools/bin/../lib/gcc/arm-none-eabi/12.3.1/../../../../arm-none-eabi/lib/thumb/v7e-m+fp/hard\libc_nano.a(libc_a-findfp.o)
 .ARM.attributes
                0x0000041f       0x34 C:/ST/STM32CubeIDE_1.17.0/STM32CubeIDE/plugins/com.st.stm32cube.ide.mcu.externaltools.gnu-tools-for-stm32.12.3.rel1.win32_1.1.0.202410251130/tools/bin/../lib/gcc/arm-none-eabi/12.3.1/../../../../arm-none-eabi/lib/thumb/v7e-m+fp/hard\libc_nano.a(libc_a-memset.o)
 .ARM.attributes
                0x00000453       0x34 C:/ST/STM32CubeIDE_1.17.0/STM32CubeIDE/plugins/com.st.stm32cube.ide.mcu.externaltools.gnu-tools-for-stm32.12.3.rel1.win32_1.1.0.202410251130/tools/bin/../lib/gcc/arm-none-eabi/12.3.1/../../../../arm-none-eabi/lib/thumb/v7e-m+fp/hard\libc_nano.a(libc_a-reent.o)
 .ARM.attributes
                0x00000487       0x34 C:/ST/STM32CubeIDE_1.17.0/STM32CubeIDE/plugins/com.st.stm32cube.ide.mcu.externaltools.gnu-tools-for-stm32.12.3.rel1.win32_1.1.0.202410251130/tools/bin/../lib/gcc/arm-none-eabi/12.3.1/../../../../arm-none-eabi/lib/thumb/v7e-m+fp/hard\libc_nano.a(libc_a-impure.o)
 .ARM.attributes
                0x000004bb       0x34 C:/ST/STM32CubeIDE_1.17.0/STM32CubeIDE/plugins/com.st.stm32cube.ide.mcu.externaltools.gnu-tools-for-stm32.12.3.rel1.win32_1.1.0.202410251130/tools/bin/../lib/gcc/arm-none-eabi/12.3.1/../../../../arm-none-eabi/lib/thumb/v7e-m+fp/hard\libc_nano.a(libc_a-sbrkr.o)
 .ARM.attributes
                0x000004ef       0x34 C:/ST/STM32CubeIDE_1.17.0/STM32CubeIDE/plugins/com.st.stm32cube.ide.mcu.externaltools.gnu-tools-for-stm32.12.3.rel1.win32_1.1.0.202410251130/tools/bin/../lib/gcc/arm-none-eabi/12.3.1/../../../../arm-none-eabi/lib/thumb/v7e-m+fp/hard\libc_nano.a(libc_a-errno.o)
 .ARM.attributes
                0x00000523       0x34 C:/ST/STM32CubeIDE_1.17.0/STM32CubeIDE/plugins/com.st.stm32cube.ide.mcu.externaltools.gnu-tools-for-stm32.12.3.rel1.win32_1.1.0.202410251130/tools/bin/../lib/gcc/arm-none-eabi/12.3.1/../../../../arm-none-eabi/lib/thumb/v7e-m+fp/hard\libc_nano.a(libc_a-init.o)
 .ARM.attributes
                0x00000557       0x34 C:/ST/STM32CubeIDE_1.17.0/STM32CubeIDE/plugins/com.st.stm32cube.ide.mcu.externaltools.gnu-tools-for-stm32.12.3.rel1.win32_1.1.0.202410251130/tools/bin/../lib/gcc/arm-none-eabi/12.3.1/../../../../arm-none-eabi/lib/thumb/v7e-m+fp/hard\libc_nano.a(libc_a-lock.o)
 .ARM.attributes
                0x0000058b       0x34 C:/ST/STM32CubeIDE_1.17.0/STM32CubeIDE/plugins/com.st.stm32cube.ide.mcu.externaltools.gnu-tools-for-stm32.12.3.rel1.win32_1.1.0.202410251130/tools/bin/../lib/gcc/arm-none-eabi/12.3.1/../../../../arm-none-eabi/lib/thumb/v7e-m+fp/hard\libc_nano.a(libc_a-memcpy-stub.o)
 .ARM.attributes
                0x000005bf       0x22 C:/ST/STM32CubeIDE_1.17.0/STM32CubeIDE/plugins/com.st.stm32cube.ide.mcu.externaltools.gnu-tools-for-stm32.12.3.rel1.win32_1.1.0.202410251130/tools/bin/../lib/gcc/arm-none-eabi/12.3.1/thumb/v7e-m+fp/hard\libgcc.a(_aeabi_uldivmod.o)
 .ARM.attributes
                0x000005e1       0x34 C:/ST/STM32CubeIDE_1.17.0/STM32CubeIDE/plugins/com.st.stm32cube.ide.mcu.externaltools.gnu-tools-for-stm32.12.3.rel1.win32_1.1.0.202410251130/tools/bin/../lib/gcc/arm-none-eabi/12.3.1/thumb/v7e-m+fp/hard\libgcc.a(_udivmoddi4.o)
 .ARM.attributes
                0x00000615       0x22 C:/ST/STM32CubeIDE_1.17.0/STM32CubeIDE/plugins/com.st.stm32cube.ide.mcu.externaltools.gnu-tools-for-stm32.12.3.rel1.win32_1.1.0.202410251130/tools/bin/../lib/gcc/arm-none-eabi/12.3.1/thumb/v7e-m+fp/hard\libgcc.a(_dvmd_tls.o)
 .ARM.attributes
                0x00000637       0x22 C:/ST/STM32CubeIDE_1.17.0/STM32CubeIDE/plugins/com.st.stm32cube.ide.mcu.externaltools.gnu-tools-for-stm32.12.3.rel1.win32_1.1.0.202410251130/tools/bin/../lib/gcc/arm-none-eabi/12.3.1/thumb/v7e-m+fp/hard/crtn.o
OUTPUT(Modbus_Rtu.elf elf32-littlearm)
LOAD linker stubs
LOAD C:/ST/STM32CubeIDE_1.17.0/STM32CubeIDE/plugins/com.st.stm32cube.ide.mcu.externaltools.gnu-tools-for-stm32.12.3.rel1.win32_1.1.0.202410251130/tools/bin/../lib/gcc/arm-none-eabi/12.3.1/../../../../arm-none-eabi/lib/thumb/v7e-m+fp/hard\libc.a
LOAD C:/ST/STM32CubeIDE_1.17.0/STM32CubeIDE/plugins/com.st.stm32cube.ide.mcu.externaltools.gnu-tools-for-stm32.12.3.rel1.win32_1.1.0.202410251130/tools/bin/../lib/gcc/arm-none-eabi/12.3.1/../../../../arm-none-eabi/lib/thumb/v7e-m+fp/hard\libm.a
LOAD C:/ST/STM32CubeIDE_1.17.0/STM32CubeIDE/plugins/com.st.stm32cube.ide.mcu.externaltools.gnu-tools-for-stm32.12.3.rel1.win32_1.1.0.202410251130/tools/bin/../lib/gcc/arm-none-eabi/12.3.1/thumb/v7e-m+fp/hard\libgcc.a

.debug_info     0x00000000     0xacee
 .debug_info    0x00000000      0xf54 ./Core/Src/HMI_Modbus.o
 .debug_info    0x00000f54     0x143c ./Core/Src/main.o
 .debug_info    0x00002390      0xc36 ./Core/Src/stm32f4xx_hal_msp.o
 .debug_info    0x00002fc6      0x74e ./Core/Src/stm32f4xx_it.o
 .debug_info    0x00003714      0x168 ./Core/Src/sysmem.o
 .debug_info    0x0000387c      0x53e ./Core/Src/system_stm32f4xx.o
 .debug_info    0x00003dba       0x30 ./Core/Startup/startup_stm32f411ceux.o
 .debug_info    0x00003dea      0x78d ./Drivers/CMSIS/ModBus_RTU/Modbus_MISC.o
 .debug_info    0x00004577      0x6f9 ./Drivers/CMSIS/ModBus_RTU/Modbus_Slave.o
 .debug_info    0x00004c70      0x8c4 ./Drivers/STM32F4xx_HAL_Driver/Src/stm32f4xx_hal.o
 .debug_info    0x00005534      0xcfc ./Drivers/STM32F4xx_HAL_Driver/Src/stm32f4xx_hal_cortex.o
 .debug_info    0x00006230      0x8e6 ./Drivers/STM32F4xx_HAL_Driver/Src/stm32f4xx_hal_dma.o
 .debug_info    0x00006b16      0x6f9 ./Drivers/STM32F4xx_HAL_Driver/Src/stm32f4xx_hal_gpio.o
 .debug_info    0x0000720f      0x8f0 ./Drivers/STM32F4xx_HAL_Driver/Src/stm32f4xx_hal_rcc.o
 .debug_info    0x00007aff     0x31ef ./Drivers/STM32F4xx_HAL_Driver/Src/stm32f4xx_hal_uart.o

.debug_abbrev   0x00000000     0x1df8
 .debug_abbrev  0x00000000      0x2c3 ./Core/Src/HMI_Modbus.o
 .debug_abbrev  0x000002c3      0x319 ./Core/Src/main.o
 .debug_abbrev  0x000005dc      0x20c ./Core/Src/stm32f4xx_hal_msp.o
 .debug_abbrev  0x000007e8      0x183 ./Core/Src/stm32f4xx_it.o
 .debug_abbrev  0x0000096b       0xbc ./Core/Src/sysmem.o
 .debug_abbrev  0x00000a27      0x11a ./Core/Src/system_stm32f4xx.o
 .debug_abbrev  0x00000b41       0x24 ./Core/Startup/startup_stm32f411ceux.o
 .debug_abbrev  0x00000b65      0x145 ./Drivers/CMSIS/ModBus_RTU/Modbus_MISC.o
 .debug_abbrev  0x00000caa      0x222 ./Drivers/CMSIS/ModBus_RTU/Modbus_Slave.o
 .debug_abbrev  0x00000ecc      0x24b ./Drivers/STM32F4xx_HAL_Driver/Src/stm32f4xx_hal.o
 .debug_abbrev  0x00001117      0x31d ./Drivers/STM32F4xx_HAL_Driver/Src/stm32f4xx_hal_cortex.o
 .debug_abbrev  0x00001434      0x221 ./Drivers/STM32F4xx_HAL_Driver/Src/stm32f4xx_hal_dma.o
 .debug_abbrev  0x00001655      0x1d3 ./Drivers/STM32F4xx_HAL_Driver/Src/stm32f4xx_hal_gpio.o
 .debug_abbrev  0x00001828      0x2b6 ./Drivers/STM32F4xx_HAL_Driver/Src/stm32f4xx_hal_rcc.o
 .debug_abbrev  0x00001ade      0x31a ./Drivers/STM32F4xx_HAL_Driver/Src/stm32f4xx_hal_uart.o

.debug_aranges  0x00000000      0x880
 .debug_aranges
                0x00000000       0x58 ./Core/Src/HMI_Modbus.o
 .debug_aranges
                0x00000058       0x48 ./Core/Src/main.o
 .debug_aranges
                0x000000a0       0x30 ./Core/Src/stm32f4xx_hal_msp.o
 .debug_aranges
                0x000000d0       0x78 ./Core/Src/stm32f4xx_it.o
 .debug_aranges
                0x00000148       0x20 ./Core/Src/sysmem.o
 .debug_aranges
                0x00000168       0x28 ./Core/Src/system_stm32f4xx.o
 .debug_aranges
                0x00000190       0x28 ./Core/Startup/startup_stm32f411ceux.o
 .debug_aranges
                0x000001b8       0xc0 ./Drivers/CMSIS/ModBus_RTU/Modbus_MISC.o
 .debug_aranges
                0x00000278       0x48 ./Drivers/CMSIS/ModBus_RTU/Modbus_Slave.o
 .debug_aranges
                0x000002c0       0xf0 ./Drivers/STM32F4xx_HAL_Driver/Src/stm32f4xx_hal.o
 .debug_aranges
                0x000003b0      0x130 ./Drivers/STM32F4xx_HAL_Driver/Src/stm32f4xx_hal_cortex.o
 .debug_aranges
                0x000004e0       0x90 ./Drivers/STM32F4xx_HAL_Driver/Src/stm32f4xx_hal_dma.o
 .debug_aranges
                0x00000570       0x58 ./Drivers/STM32F4xx_HAL_Driver/Src/stm32f4xx_hal_gpio.o
 .debug_aranges
                0x000005c8       0x88 ./Drivers/STM32F4xx_HAL_Driver/Src/stm32f4xx_hal_rcc.o
 .debug_aranges
                0x00000650      0x230 ./Drivers/STM32F4xx_HAL_Driver/Src/stm32f4xx_hal_uart.o

.debug_rnglists
                0x00000000      0x670
 .debug_rnglists
                0x00000000       0x3e ./Core/Src/HMI_Modbus.o
 .debug_rnglists
                0x0000003e       0x34 ./Core/Src/main.o
 .debug_rnglists
                0x00000072       0x20 ./Core/Src/stm32f4xx_hal_msp.o
 .debug_rnglists
                0x00000092       0x55 ./Core/Src/stm32f4xx_it.o
 .debug_rnglists
                0x000000e7       0x13 ./Core/Src/sysmem.o
 .debug_rnglists
                0x000000fa       0x1a ./Core/Src/system_stm32f4xx.o
 .debug_rnglists
                0x00000114       0x19 ./Core/Startup/startup_stm32f411ceux.o
 .debug_rnglists
                0x0000012d       0x8f ./Drivers/CMSIS/ModBus_RTU/Modbus_MISC.o
 .debug_rnglists
                0x000001bc       0x34 ./Drivers/CMSIS/ModBus_RTU/Modbus_Slave.o
 .debug_rnglists
                0x000001f0       0xaf ./Drivers/STM32F4xx_HAL_Driver/Src/stm32f4xx_hal.o
 .debug_rnglists
                0x0000029f       0xe0 ./Drivers/STM32F4xx_HAL_Driver/Src/stm32f4xx_hal_cortex.o
 .debug_rnglists
                0x0000037f       0x70 ./Drivers/STM32F4xx_HAL_Driver/Src/stm32f4xx_hal_dma.o
 .debug_rnglists
                0x000003ef       0x3f ./Drivers/STM32F4xx_HAL_Driver/Src/stm32f4xx_hal_gpio.o
 .debug_rnglists
                0x0000042e       0x66 ./Drivers/STM32F4xx_HAL_Driver/Src/stm32f4xx_hal_rcc.o
 .debug_rnglists
                0x00000494      0x1dc ./Drivers/STM32F4xx_HAL_Driver/Src/stm32f4xx_hal_uart.o

.debug_macro    0x00000000    0x15d0d
 .debug_macro   0x00000000      0x304 ./Core/Src/HMI_Modbus.o
 .debug_macro   0x00000304      0xab4 ./Core/Src/HMI_Modbus.o
 .debug_macro   0x00000db8      0x295 ./Core/Src/HMI_Modbus.o
 .debug_macro   0x0000104d       0x2e ./Core/Src/HMI_Modbus.o
 .debug_macro   0x0000107b       0x28 ./Core/Src/HMI_Modbus.o
 .debug_macro   0x000010a3       0x22 ./Core/Src/HMI_Modbus.o
 .debug_macro   0x000010c5       0x8e ./Core/Src/HMI_Modbus.o
 .debug_macro   0x00001153       0x51 ./Core/Src/HMI_Modbus.o
 .debug_macro   0x000011a4      0x103 ./Core/Src/HMI_Modbus.o
 .debug_macro   0x000012a7       0x6a ./Core/Src/HMI_Modbus.o
 .debug_macro   0x00001311      0x1df ./Core/Src/HMI_Modbus.o
 .debug_macro   0x000014f0       0x1c ./Core/Src/HMI_Modbus.o
 .debug_macro   0x0000150c       0x22 ./Core/Src/HMI_Modbus.o
 .debug_macro   0x0000152e       0xfb ./Core/Src/HMI_Modbus.o
 .debug_macro   0x00001629     0x1011 ./Core/Src/HMI_Modbus.o
 .debug_macro   0x0000263a      0x11f ./Core/Src/HMI_Modbus.o
 .debug_macro   0x00002759     0xb953 ./Core/Src/HMI_Modbus.o
 .debug_macro   0x0000e0ac       0x6d ./Core/Src/HMI_Modbus.o
 .debug_macro   0x0000e119     0x369a ./Core/Src/HMI_Modbus.o
 .debug_macro   0x000117b3      0x189 ./Core/Src/HMI_Modbus.o
 .debug_macro   0x0001193c       0x5c ./Core/Src/HMI_Modbus.o
 .debug_macro   0x00011998      0x45c ./Core/Src/HMI_Modbus.o
 .debug_macro   0x00011df4      0x9e9 ./Core/Src/HMI_Modbus.o
 .debug_macro   0x000127dd      0x115 ./Core/Src/HMI_Modbus.o
 .debug_macro   0x000128f2      0x11b ./Core/Src/HMI_Modbus.o
 .debug_macro   0x00012a0d       0xa5 ./Core/Src/HMI_Modbus.o
 .debug_macro   0x00012ab2      0x15f ./Core/Src/HMI_Modbus.o
 .debug_macro   0x00012c11      0x287 ./Core/Src/HMI_Modbus.o
 .debug_macro   0x00012e98       0x5f ./Core/Src/HMI_Modbus.o
 .debug_macro   0x00012ef7      0x236 ./Core/Src/HMI_Modbus.o
 .debug_macro   0x0001312d      0x132 ./Core/Src/HMI_Modbus.o
 .debug_macro   0x0001325f      0x264 ./Core/Src/HMI_Modbus.o
 .debug_macro   0x000134c3       0x2e ./Core/Src/HMI_Modbus.o
 .debug_macro   0x000134f1      0x127 ./Core/Src/HMI_Modbus.o
 .debug_macro   0x00013618       0x85 ./Core/Src/HMI_Modbus.o
 .debug_macro   0x0001369d       0x89 ./Core/Src/HMI_Modbus.o
 .debug_macro   0x00013726      0x2b1 ./Core/Src/HMI_Modbus.o
 .debug_macro   0x000139d7      0x126 ./Core/Src/HMI_Modbus.o
 .debug_macro   0x00013afd       0x10 ./Core/Src/HMI_Modbus.o
 .debug_macro   0x00013b0d       0x2a ./Core/Src/HMI_Modbus.o
 .debug_macro   0x00013b37       0x61 ./Core/Src/HMI_Modbus.o
 .debug_macro   0x00013b98       0x43 ./Core/Src/HMI_Modbus.o
 .debug_macro   0x00013bdb       0x34 ./Core/Src/HMI_Modbus.o
 .debug_macro   0x00013c0f       0x16 ./Core/Src/HMI_Modbus.o
 .debug_macro   0x00013c25       0x35 ./Core/Src/HMI_Modbus.o
 .debug_macro   0x00013c5a       0x16 ./Core/Src/HMI_Modbus.o
 .debug_macro   0x00013c70       0x43 ./Core/Src/HMI_Modbus.o
 .debug_macro   0x00013cb3       0x34 ./Core/Src/HMI_Modbus.o
 .debug_macro   0x00013ce7       0x10 ./Core/Src/HMI_Modbus.o
 .debug_macro   0x00013cf7       0x58 ./Core/Src/HMI_Modbus.o
 .debug_macro   0x00013d4f       0x8e ./Core/Src/HMI_Modbus.o
 .debug_macro   0x00013ddd       0x1c ./Core/Src/HMI_Modbus.o
 .debug_macro   0x00013df9      0x177 ./Core/Src/HMI_Modbus.o
 .debug_macro   0x00013f70      0x369 ./Core/Src/HMI_Modbus.o
 .debug_macro   0x000142d9       0x16 ./Core/Src/HMI_Modbus.o
 .debug_macro   0x000142ef       0x29 ./Core/Src/HMI_Modbus.o
 .debug_macro   0x00014318       0x16 ./Core/Src/HMI_Modbus.o
 .debug_macro   0x0001432e       0x20 ./Core/Src/HMI_Modbus.o
 .debug_macro   0x0001434e       0x22 ./Core/Src/HMI_Modbus.o
 .debug_macro   0x00014370       0x10 ./Core/Src/HMI_Modbus.o
 .debug_macro   0x00014380       0x28 ./Core/Src/HMI_Modbus.o
 .debug_macro   0x000143a8      0x30c ./Core/Src/main.o
 .debug_macro   0x000146b4      0x1c4 ./Core/Src/stm32f4xx_hal_msp.o
 .debug_macro   0x00014878      0x1ce ./Core/Src/stm32f4xx_it.o
 .debug_macro   0x00014a46       0xff ./Core/Src/sysmem.o
 .debug_macro   0x00014b45      0x23c ./Core/Src/sysmem.o
 .debug_macro   0x00014d81      0x1ba ./Core/Src/system_stm32f4xx.o
 .debug_macro   0x00014f3b      0x14f ./Drivers/CMSIS/ModBus_RTU/Modbus_MISC.o
 .debug_macro   0x0001508a       0x10 ./Drivers/CMSIS/ModBus_RTU/Modbus_MISC.o
 .debug_macro   0x0001509a      0x186 ./Drivers/CMSIS/ModBus_RTU/Modbus_Slave.o
 .debug_macro   0x00015220      0x21a ./Drivers/STM32F4xx_HAL_Driver/Src/stm32f4xx_hal.o
 .debug_macro   0x0001543a      0x1ba ./Drivers/STM32F4xx_HAL_Driver/Src/stm32f4xx_hal_cortex.o
 .debug_macro   0x000155f4      0x1c0 ./Drivers/STM32F4xx_HAL_Driver/Src/stm32f4xx_hal_dma.o
 .debug_macro   0x000157b4      0x1c0 ./Drivers/STM32F4xx_HAL_Driver/Src/stm32f4xx_hal_gpio.o
 .debug_macro   0x00015974      0x1de ./Drivers/STM32F4xx_HAL_Driver/Src/stm32f4xx_hal_rcc.o
 .debug_macro   0x00015b52      0x1bb ./Drivers/STM32F4xx_HAL_Driver/Src/stm32f4xx_hal_uart.o

.debug_line     0x00000000     0xb51a
 .debug_line    0x00000000      0xa3a ./Core/Src/HMI_Modbus.o
 .debug_line    0x00000a3a      0xa74 ./Core/Src/main.o
 .debug_line    0x000014ae      0x7b4 ./Core/Src/stm32f4xx_hal_msp.o
 .debug_line    0x00001c62      0x820 ./Core/Src/stm32f4xx_it.o
 .debug_line    0x00002482      0x579 ./Core/Src/sysmem.o
 .debug_line    0x000029fb      0x79a ./Core/Src/system_stm32f4xx.o
 .debug_line    0x00003195       0x7a ./Core/Startup/startup_stm32f411ceux.o
 .debug_line    0x0000320f      0xa1a ./Drivers/CMSIS/ModBus_RTU/Modbus_MISC.o
 .debug_line    0x00003c29      0xe49 ./Drivers/CMSIS/ModBus_RTU/Modbus_Slave.o
 .debug_line    0x00004a72      0xa03 ./Drivers/STM32F4xx_HAL_Driver/Src/stm32f4xx_hal.o
 .debug_line    0x00005475      0xcf5 ./Drivers/STM32F4xx_HAL_Driver/Src/stm32f4xx_hal_cortex.o
 .debug_line    0x0000616a      0xf73 ./Drivers/STM32F4xx_HAL_Driver/Src/stm32f4xx_hal_dma.o
 .debug_line    0x000070dd      0xb53 ./Drivers/STM32F4xx_HAL_Driver/Src/stm32f4xx_hal_gpio.o
 .debug_line    0x00007c30      0xd8c ./Drivers/STM32F4xx_HAL_Driver/Src/stm32f4xx_hal_rcc.o
 .debug_line    0x000089bc     0x2b5e ./Drivers/STM32F4xx_HAL_Driver/Src/stm32f4xx_hal_uart.o

.debug_str      0x00000000    0x864d6
 .debug_str     0x00000000    0x83cb0 ./Core/Src/HMI_Modbus.o
                              0x8406a (size before relaxing)
 .debug_str     0x00083cb0      0x7a6 ./Core/Src/main.o
                              0x84530 (size before relaxing)
 .debug_str     0x00084456       0x90 ./Core/Src/stm32f4xx_hal_msp.o
                              0x80a1b (size before relaxing)
 .debug_str     0x000844e6      0x132 ./Core/Src/stm32f4xx_it.o
                              0x80525 (size before relaxing)
 .debug_str     0x00084618      0x4dc ./Core/Src/sysmem.o
                               0x60ce (size before relaxing)
 .debug_str     0x00084af4       0xdb ./Core/Src/system_stm32f4xx.o
                              0x80078 (size before relaxing)
 .debug_str     0x00084bcf       0x44 ./Core/Startup/startup_stm32f411ceux.o
                                 0x81 (size before relaxing)
 .debug_str     0x00084c13      0x1ca ./Drivers/CMSIS/ModBus_RTU/Modbus_MISC.o
                               0x7480 (size before relaxing)
 .debug_str     0x00084ddd      0x10d ./Drivers/CMSIS/ModBus_RTU/Modbus_Slave.o
                               0x78e8 (size before relaxing)
 .debug_str     0x00084eea      0x60b ./Drivers/STM32F4xx_HAL_Driver/Src/stm32f4xx_hal.o
                              0x80aa4 (size before relaxing)
 .debug_str     0x000854f5      0x361 ./Drivers/STM32F4xx_HAL_Driver/Src/stm32f4xx_hal_cortex.o
                              0x8080e (size before relaxing)
 .debug_str     0x00085856      0x2f4 ./Drivers/STM32F4xx_HAL_Driver/Src/stm32f4xx_hal_dma.o
                              0x80480 (size before relaxing)
 .debug_str     0x00085b4a      0x121 ./Drivers/STM32F4xx_HAL_Driver/Src/stm32f4xx_hal_gpio.o
                              0x801f3 (size before relaxing)
 .debug_str     0x00085c6b      0x233 ./Drivers/STM32F4xx_HAL_Driver/Src/stm32f4xx_hal_rcc.o
                              0x804ac (size before relaxing)
 .debug_str     0x00085e9e      0x638 ./Drivers/STM32F4xx_HAL_Driver/Src/stm32f4xx_hal_uart.o
                              0x80d86 (size before relaxing)

.comment        0x00000000       0x43
 .comment       0x00000000       0x43 ./Core/Src/HMI_Modbus.o
                                 0x44 (size before relaxing)
 .comment       0x00000043       0x44 ./Core/Src/main.o
 .comment       0x00000043       0x44 ./Core/Src/stm32f4xx_hal_msp.o
 .comment       0x00000043       0x44 ./Core/Src/stm32f4xx_it.o
 .comment       0x00000043       0x44 ./Core/Src/sysmem.o
 .comment       0x00000043       0x44 ./Core/Src/system_stm32f4xx.o
 .comment       0x00000043       0x44 ./Drivers/CMSIS/ModBus_RTU/Modbus_MISC.o
 .comment       0x00000043       0x44 ./Drivers/CMSIS/ModBus_RTU/Modbus_Slave.o
 .comment       0x00000043       0x44 ./Drivers/STM32F4xx_HAL_Driver/Src/stm32f4xx_hal.o
 .comment       0x00000043       0x44 ./Drivers/STM32F4xx_HAL_Driver/Src/stm32f4xx_hal_cortex.o
 .comment       0x00000043       0x44 ./Drivers/STM32F4xx_HAL_Driver/Src/stm32f4xx_hal_dma.o
 .comment       0x00000043       0x44 ./Drivers/STM32F4xx_HAL_Driver/Src/stm32f4xx_hal_gpio.o
 .comment       0x00000043       0x44 ./Drivers/STM32F4xx_HAL_Driver/Src/stm32f4xx_hal_rcc.o
 .comment       0x00000043       0x44 ./Drivers/STM32F4xx_HAL_Driver/Src/stm32f4xx_hal_uart.o

.debug_frame    0x00000000     0x24e0
 .debug_frame   0x00000000      0x134 ./Core/Src/HMI_Modbus.o
 .debug_frame   0x00000134       0xd0 ./Core/Src/main.o
 .debug_frame   0x00000204       0x80 ./Core/Src/stm32f4xx_hal_msp.o
 .debug_frame   0x00000284      0x158 ./Core/Src/stm32f4xx_it.o
 .debug_frame   0x000003dc       0x34 ./Core/Src/sysmem.o
 .debug_frame   0x00000410       0x58 ./Core/Src/system_stm32f4xx.o
 .debug_frame   0x00000468      0x35c ./Drivers/CMSIS/ModBus_RTU/Modbus_MISC.o
 .debug_frame   0x000007c4       0xf8 ./Drivers/CMSIS/ModBus_RTU/Modbus_Slave.o
 .debug_frame   0x000008bc      0x374 ./Drivers/STM32F4xx_HAL_Driver/Src/stm32f4xx_hal.o
 .debug_frame   0x00000c30      0x508 ./Drivers/STM32F4xx_HAL_Driver/Src/stm32f4xx_hal_cortex.o
 .debug_frame   0x00001138      0x250 ./Drivers/STM32F4xx_HAL_Driver/Src/stm32f4xx_hal_dma.o
 .debug_frame   0x00001388      0x14c ./Drivers/STM32F4xx_HAL_Driver/Src/stm32f4xx_hal_gpio.o
 .debug_frame   0x000014d4      0x1f4 ./Drivers/STM32F4xx_HAL_Driver/Src/stm32f4xx_hal_rcc.o
 .debug_frame   0x000016c8      0xa1c ./Drivers/STM32F4xx_HAL_Driver/Src/stm32f4xx_hal_uart.o
 .debug_frame   0x000020e4       0x30 C:/ST/STM32CubeIDE_1.17.0/STM32CubeIDE/plugins/com.st.stm32cube.ide.mcu.externaltools.gnu-tools-for-stm32.12.3.rel1.win32_1.1.0.202410251130/tools/bin/../lib/gcc/arm-none-eabi/12.3.1/../../../../arm-none-eabi/lib/thumb/v7e-m+fp/hard\libc_nano.a(libc_a-malloc.o)
 .debug_frame   0x00002114       0x50 C:/ST/STM32CubeIDE_1.17.0/STM32CubeIDE/plugins/com.st.stm32cube.ide.mcu.externaltools.gnu-tools-for-stm32.12.3.rel1.win32_1.1.0.202410251130/tools/bin/../lib/gcc/arm-none-eabi/12.3.1/../../../../arm-none-eabi/lib/thumb/v7e-m+fp/hard\libc_nano.a(libc_a-mallocr.o)
 .debug_frame   0x00002164       0x30 C:/ST/STM32CubeIDE_1.17.0/STM32CubeIDE/plugins/com.st.stm32cube.ide.mcu.externaltools.gnu-tools-for-stm32.12.3.rel1.win32_1.1.0.202410251130/tools/bin/../lib/gcc/arm-none-eabi/12.3.1/../../../../arm-none-eabi/lib/thumb/v7e-m+fp/hard\libc_nano.a(libc_a-mlock.o)
 .debug_frame   0x00002194      0x144 C:/ST/STM32CubeIDE_1.17.0/STM32CubeIDE/plugins/com.st.stm32cube.ide.mcu.externaltools.gnu-tools-for-stm32.12.3.rel1.win32_1.1.0.202410251130/tools/bin/../lib/gcc/arm-none-eabi/12.3.1/../../../../arm-none-eabi/lib/thumb/v7e-m+fp/hard\libc_nano.a(libc_a-findfp.o)
 .debug_frame   0x000022d8       0x20 C:/ST/STM32CubeIDE_1.17.0/STM32CubeIDE/plugins/com.st.stm32cube.ide.mcu.externaltools.gnu-tools-for-stm32.12.3.rel1.win32_1.1.0.202410251130/tools/bin/../lib/gcc/arm-none-eabi/12.3.1/../../../../arm-none-eabi/lib/thumb/v7e-m+fp/hard\libc_nano.a(libc_a-memset.o)
 .debug_frame   0x000022f8       0x38 C:/ST/STM32CubeIDE_1.17.0/STM32CubeIDE/plugins/com.st.stm32cube.ide.mcu.externaltools.gnu-tools-for-stm32.12.3.rel1.win32_1.1.0.202410251130/tools/bin/../lib/gcc/arm-none-eabi/12.3.1/../../../../arm-none-eabi/lib/thumb/v7e-m+fp/hard\libc_nano.a(libc_a-reent.o)
 .debug_frame   0x00002330       0x2c C:/ST/STM32CubeIDE_1.17.0/STM32CubeIDE/plugins/com.st.stm32cube.ide.mcu.externaltools.gnu-tools-for-stm32.12.3.rel1.win32_1.1.0.202410251130/tools/bin/../lib/gcc/arm-none-eabi/12.3.1/../../../../arm-none-eabi/lib/thumb/v7e-m+fp/hard\libc_nano.a(libc_a-sbrkr.o)
 .debug_frame   0x0000235c       0x20 C:/ST/STM32CubeIDE_1.17.0/STM32CubeIDE/plugins/com.st.stm32cube.ide.mcu.externaltools.gnu-tools-for-stm32.12.3.rel1.win32_1.1.0.202410251130/tools/bin/../lib/gcc/arm-none-eabi/12.3.1/../../../../arm-none-eabi/lib/thumb/v7e-m+fp/hard\libc_nano.a(libc_a-errno.o)
 .debug_frame   0x0000237c       0x2c C:/ST/STM32CubeIDE_1.17.0/STM32CubeIDE/plugins/com.st.stm32cube.ide.mcu.externaltools.gnu-tools-for-stm32.12.3.rel1.win32_1.1.0.202410251130/tools/bin/../lib/gcc/arm-none-eabi/12.3.1/../../../../arm-none-eabi/lib/thumb/v7e-m+fp/hard\libc_nano.a(libc_a-init.o)
 .debug_frame   0x000023a8       0xb0 C:/ST/STM32CubeIDE_1.17.0/STM32CubeIDE/plugins/com.st.stm32cube.ide.mcu.externaltools.gnu-tools-for-stm32.12.3.rel1.win32_1.1.0.202410251130/tools/bin/../lib/gcc/arm-none-eabi/12.3.1/../../../../arm-none-eabi/lib/thumb/v7e-m+fp/hard\libc_nano.a(libc_a-lock.o)
 .debug_frame   0x00002458       0x28 C:/ST/STM32CubeIDE_1.17.0/STM32CubeIDE/plugins/com.st.stm32cube.ide.mcu.externaltools.gnu-tools-for-stm32.12.3.rel1.win32_1.1.0.202410251130/tools/bin/../lib/gcc/arm-none-eabi/12.3.1/../../../../arm-none-eabi/lib/thumb/v7e-m+fp/hard\libc_nano.a(libc_a-memcpy-stub.o)
 .debug_frame   0x00002480       0x2c C:/ST/STM32CubeIDE_1.17.0/STM32CubeIDE/plugins/com.st.stm32cube.ide.mcu.externaltools.gnu-tools-for-stm32.12.3.rel1.win32_1.1.0.202410251130/tools/bin/../lib/gcc/arm-none-eabi/12.3.1/thumb/v7e-m+fp/hard\libgcc.a(_aeabi_uldivmod.o)
 .debug_frame   0x000024ac       0x34 C:/ST/STM32CubeIDE_1.17.0/STM32CubeIDE/plugins/com.st.stm32cube.ide.mcu.externaltools.gnu-tools-for-stm32.12.3.rel1.win32_1.1.0.202410251130/tools/bin/../lib/gcc/arm-none-eabi/12.3.1/thumb/v7e-m+fp/hard\libgcc.a(_udivmoddi4.o)

.debug_line_str
                0x00000000       0x65
 .debug_line_str
                0x00000000       0x65 ./Core/Startup/startup_stm32f411ceux.o
