Archive member included to satisfy reference by file (symbol)

c:/st/stm32cubeide_1.12.1/stm32cubeide/plugins/com.st.stm32cube.ide.mcu.externaltools.gnu-tools-for-stm32.10.3-2021.10.win32_1.0.200.202301161003/tools/bin/../lib/gcc/arm-none-eabi/10.3.1/../../../../arm-none-eabi/lib/thumb/v7e-m+fp/hard\libc_nano.a(lib_a-errno.o)
                              ./Core/Src/syscalls.o (__errno)
c:/st/stm32cubeide_1.12.1/stm32cubeide/plugins/com.st.stm32cube.ide.mcu.externaltools.gnu-tools-for-stm32.10.3-2021.10.win32_1.0.200.202301161003/tools/bin/../lib/gcc/arm-none-eabi/10.3.1/../../../../arm-none-eabi/lib/thumb/v7e-m+fp/hard\libc_nano.a(lib_a-exit.o)
                              c:/st/stm32cubeide_1.12.1/stm32cubeide/plugins/com.st.stm32cube.ide.mcu.externaltools.gnu-tools-for-stm32.10.3-2021.10.win32_1.0.200.202301161003/tools/bin/../lib/gcc/arm-none-eabi/10.3.1/../../../../arm-none-eabi/lib/thumb/v7e-m+fp/hard/crt0.o (exit)
c:/st/stm32cubeide_1.12.1/stm32cubeide/plugins/com.st.stm32cube.ide.mcu.externaltools.gnu-tools-for-stm32.10.3-2021.10.win32_1.0.200.202301161003/tools/bin/../lib/gcc/arm-none-eabi/10.3.1/../../../../arm-none-eabi/lib/thumb/v7e-m+fp/hard\libc_nano.a(lib_a-impure.o)
                              c:/st/stm32cubeide_1.12.1/stm32cubeide/plugins/com.st.stm32cube.ide.mcu.externaltools.gnu-tools-for-stm32.10.3-2021.10.win32_1.0.200.202301161003/tools/bin/../lib/gcc/arm-none-eabi/10.3.1/../../../../arm-none-eabi/lib/thumb/v7e-m+fp/hard\libc_nano.a(lib_a-exit.o) (_global_impure_ptr)
c:/st/stm32cubeide_1.12.1/stm32cubeide/plugins/com.st.stm32cube.ide.mcu.externaltools.gnu-tools-for-stm32.10.3-2021.10.win32_1.0.200.202301161003/tools/bin/../lib/gcc/arm-none-eabi/10.3.1/../../../../arm-none-eabi/lib/thumb/v7e-m+fp/hard\libc_nano.a(lib_a-init.o)
                              c:/st/stm32cubeide_1.12.1/stm32cubeide/plugins/com.st.stm32cube.ide.mcu.externaltools.gnu-tools-for-stm32.10.3-2021.10.win32_1.0.200.202301161003/tools/bin/../lib/gcc/arm-none-eabi/10.3.1/../../../../arm-none-eabi/lib/thumb/v7e-m+fp/hard/crt0.o (__libc_init_array)
c:/st/stm32cubeide_1.12.1/stm32cubeide/plugins/com.st.stm32cube.ide.mcu.externaltools.gnu-tools-for-stm32.10.3-2021.10.win32_1.0.200.202301161003/tools/bin/../lib/gcc/arm-none-eabi/10.3.1/../../../../arm-none-eabi/lib/thumb/v7e-m+fp/hard\libc_nano.a(lib_a-malloc.o)
                              ./Drivers/ModBus_RTU/Modbus_Master.o (malloc)
c:/st/stm32cubeide_1.12.1/stm32cubeide/plugins/com.st.stm32cube.ide.mcu.externaltools.gnu-tools-for-stm32.10.3-2021.10.win32_1.0.200.202301161003/tools/bin/../lib/gcc/arm-none-eabi/10.3.1/../../../../arm-none-eabi/lib/thumb/v7e-m+fp/hard\libc_nano.a(lib_a-memcpy-stub.o)
                              ./Drivers/EEPROM_Flash/ee.o (memcpy)
c:/st/stm32cubeide_1.12.1/stm32cubeide/plugins/com.st.stm32cube.ide.mcu.externaltools.gnu-tools-for-stm32.10.3-2021.10.win32_1.0.200.202301161003/tools/bin/../lib/gcc/arm-none-eabi/10.3.1/../../../../arm-none-eabi/lib/thumb/v7e-m+fp/hard\libc_nano.a(lib_a-memset.o)
                              c:/st/stm32cubeide_1.12.1/stm32cubeide/plugins/com.st.stm32cube.ide.mcu.externaltools.gnu-tools-for-stm32.10.3-2021.10.win32_1.0.200.202301161003/tools/bin/../lib/gcc/arm-none-eabi/10.3.1/../../../../arm-none-eabi/lib/thumb/v7e-m+fp/hard/crt0.o (memset)
c:/st/stm32cubeide_1.12.1/stm32cubeide/plugins/com.st.stm32cube.ide.mcu.externaltools.gnu-tools-for-stm32.10.3-2021.10.win32_1.0.200.202301161003/tools/bin/../lib/gcc/arm-none-eabi/10.3.1/../../../../arm-none-eabi/lib/thumb/v7e-m+fp/hard\libc_nano.a(lib_a-nano-freer.o)
                              c:/st/stm32cubeide_1.12.1/stm32cubeide/plugins/com.st.stm32cube.ide.mcu.externaltools.gnu-tools-for-stm32.10.3-2021.10.win32_1.0.200.202301161003/tools/bin/../lib/gcc/arm-none-eabi/10.3.1/../../../../arm-none-eabi/lib/thumb/v7e-m+fp/hard\libc_nano.a(lib_a-malloc.o) (_free_r)
c:/st/stm32cubeide_1.12.1/stm32cubeide/plugins/com.st.stm32cube.ide.mcu.externaltools.gnu-tools-for-stm32.10.3-2021.10.win32_1.0.200.202301161003/tools/bin/../lib/gcc/arm-none-eabi/10.3.1/../../../../arm-none-eabi/lib/thumb/v7e-m+fp/hard\libc_nano.a(lib_a-nano-mallocr.o)
                              c:/st/stm32cubeide_1.12.1/stm32cubeide/plugins/com.st.stm32cube.ide.mcu.externaltools.gnu-tools-for-stm32.10.3-2021.10.win32_1.0.200.202301161003/tools/bin/../lib/gcc/arm-none-eabi/10.3.1/../../../../arm-none-eabi/lib/thumb/v7e-m+fp/hard\libc_nano.a(lib_a-malloc.o) (_malloc_r)
c:/st/stm32cubeide_1.12.1/stm32cubeide/plugins/com.st.stm32cube.ide.mcu.externaltools.gnu-tools-for-stm32.10.3-2021.10.win32_1.0.200.202301161003/tools/bin/../lib/gcc/arm-none-eabi/10.3.1/../../../../arm-none-eabi/lib/thumb/v7e-m+fp/hard\libc_nano.a(lib_a-sbrkr.o)
[...]
Memory Configuration

Name             Origin             Length             Attributes
RAM              0x0000000020000000 0x0000000000020000 xrw
FLASH            0x0000000008000000 0x0000000000080000 xr
*default*        0x0000000000000000 0xffffffffffffffff

Linker script and memory map

LOAD c:/st/stm32cubeide_1.12.1/stm32cubeide/plugins/com.st.stm32cube.ide.mcu.externaltools.gnu-tools-for-stm32.10.3-2021.10.win32_1.0.200.202301161003/tools/bin/../lib/gcc/arm-none-eabi/10.3.1/thumb/v7e-m+fp/hard/crti.o
LOAD c:/st/stm32cubeide_1.12.1/stm32cubeide/plugins/com.st.stm32cube.ide.mcu.externaltools.gnu-tools-for-stm32.10.3-2021.10.win32_1.0.200.202301161003/tools/bin/../lib/gcc/arm-none-eabi/10.3.1/thumb/v7e-m+fp/hard/crtbegin.o
LOAD c:/st/stm32cubeide_1.12.1/stm32cubeide/plugins/com.st.stm32cube.ide.mcu.externaltools.gnu-tools-for-stm32.10.3-2021.10.win32_1.0.200.202301161003/tools/bin/../lib/gcc/arm-none-eabi/10.3.1/../../../../arm-none-eabi/lib/thumb/v7e-m+fp/hard/crt0.o
LOAD ./Core/Src/HMI_Modbus.o
LOAD ./Core/Src/Hardware_Interface.o
LOAD ./Core/Src/NV_Params.o
LOAD ./Core/Src/main.o
LOAD ./Core/Src/stm32f4xx_hal_msp.o
LOAD ./Core/Src/stm32f4xx_it.o
LOAD ./Core/Src/syscalls.o
LOAD ./Core/Src/sysmem.o
LOAD ./Core/Src/system_stm32f4xx.o
LOAD ./Core/Startup/startup_stm32f411ceux.o
LOAD ./Drivers/EEPROM_Flash/EEPROM_DRIVER.o
LOAD ./Drivers/EEPROM_Flash/ee.o
LOAD ./Drivers/ModBus_RTU/Modbus_MISC.o
LOAD ./Drivers/ModBus_RTU/Modbus_Master.o
LOAD ./Drivers/ModBus_RTU/Modbus_Slave.o
LOAD ./Drivers/STM32F4xx_HAL_Driver/Src/stm32f4xx_hal.o
LOAD ./Drivers/STM32F4xx_HAL_Driver/Src/stm32f4xx_hal_cortex.o
LOAD ./Drivers/STM32F4xx_HAL_Driver/Src/stm32f4xx_hal_dma.o
LOAD ./Drivers/STM32F4xx_HAL_Driver/Src/stm32f4xx_hal_dma_ex.o
LOAD ./Drivers/STM32F4xx_HAL_Driver/Src/stm32f4xx_hal_exti.o
LOAD ./Drivers/STM32F4xx_HAL_Driver/Src/stm32f4xx_hal_flash.o
LOAD ./Drivers/STM32F4xx_HAL_Driver/Src/stm32f4xx_hal_flash_ex.o
LOAD ./Drivers/STM32F4xx_HAL_Driver/Src/stm32f4xx_hal_flash_ramfunc.o
LOAD ./Drivers/STM32F4xx_HAL_Driver/Src/stm32f4xx_hal_gpio.o
LOAD ./Drivers/STM32F4xx_HAL_Driver/Src/stm32f4xx_hal_pwr.o
LOAD ./Drivers/STM32F4xx_HAL_Driver/Src/stm32f4xx_hal_pwr_ex.o
LOAD ./Drivers/STM32F4xx_HAL_Driver/Src/stm32f4xx_hal_rcc.o
LOAD ./Drivers/STM32F4xx_HAL_Driver/Src/stm32f4xx_hal_rcc_ex.o
LOAD ./Drivers/STM32F4xx_HAL_Driver/Src/stm32f4xx_hal_uart.o
START GROUP
LOAD c:/st/stm32cubeide_1.12.1/stm32cubeide/plugins/com.st.stm32cube.ide.mcu.externaltools.gnu-tools-for-stm32.10.3-2021.10.win32_1.0.200.202301161003/tools/bin/../lib/gcc/arm-none-eabi/10.3.1/../../../../arm-none-eabi/lib/thumb/v7e-m+fp/hard\libc_nano.a
LOAD c:/st/stm32cubeide_1.12.1/stm32cubeide/plugins/com.st.stm32cube.ide.mcu.externaltools.gnu-tools-for-stm32.10.3-2021.10.win32_1.0.200.202301161003/tools/bin/../lib/gcc/arm-none-eabi/10.3.1/../../../../arm-none-eabi/lib/thumb/v7e-m+fp/hard\libm.a
END GROUP
START GROUP
LOAD c:/st/stm32cubeide_1.12.1/stm32cubeide/plugins/com.st.stm32cube.ide.mcu.externaltools.gnu-tools-for-stm32.10.3-2021.10.win32_1.0.200.202301161003/tools/bin/../lib/gcc/arm-none-eabi/10.3.1/thumb/v7e-m+fp/hard\libgcc.a
LOAD c:/st/stm32cubeide_1.12.1/stm32cubeide/plugins/com.st.stm32cube.ide.mcu.externaltools.gnu-tools-for-stm32.10.3-2021.10.win32_1.0.200.202301161003/tools/bin/../lib/gcc/arm-none-eabi/10.3.1/../../../../arm-none-eabi/lib/thumb/v7e-m+fp/hard\libc_nano.a
END GROUP
START GROUP
LOAD c:/st/stm32cubeide_1.12.1/stm32cubeide/plugins/com.st.stm32cube.ide.mcu.externaltools.gnu-tools-for-stm32.10.3-2021.10.win32_1.0.200.202301161003/tools/bin/../lib/gcc/arm-none-eabi/10.3.1/thumb/v7e-m+fp/hard\libgcc.a
LOAD c:/st/stm32cubeide_1.12.1/stm32cubeide/plugins/com.st.stm32cube.ide.mcu.externaltools.gnu-tools-for-stm32.10.3-2021.10.win32_1.0.200.202301161003/tools/bin/../lib/gcc/arm-none-eabi/10.3.1/../../../../arm-none-eabi/lib/thumb/v7e-m+fp/hard\libc_nano.a
LOAD c:/st/stm32cubeide_1.12.1/stm32cubeide/plugins/com.st.stm32cube.ide.mcu.externaltools.gnu-tools-for-stm32.10.3-2021.10.win32_1.0.200.202301161003/tools/bin/../lib/gcc/arm-none-eabi/10.3.1/../../../../arm-none-eabi/lib/thumb/v7e-m+fp/hard\libnosys.a
END GROUP
START GROUP
LOAD c:/st/stm32cubeide_1.12.1/stm32cubeide/plugins/com.st.stm32cube.ide.mcu.externaltools.gnu-tools-for-stm32.10.3-2021.10.win32_1.0.200.202301161003/tools/bin/../lib/gcc/arm-none-eabi/10.3.1/thumb/v7e-m+fp/hard\libgcc.a
LOAD c:/st/stm32cubeide_1.12.1/stm32cubeide/plugins/com.st.stm32cube.ide.mcu.externaltools.gnu-tools-for-stm32.10.3-2021.10.win32_1.0.200.202301161003/tools/bin/../lib/gcc/arm-none-eabi/10.3.1/../../../../arm-none-eabi/lib/thumb/v7e-m+fp/hard\libc_nano.a
LOAD c:/st/stm32cubeide_1.12.1/stm32cubeide/plugins/com.st.stm32cube.ide.mcu.externaltools.gnu-tools-for-stm32.10.3-2021.10.win32_1.0.200.202301161003/tools/bin/../lib/gcc/arm-none-eabi/10.3.1/../../../../arm-none-eabi/lib/thumb/v7e-m+fp/hard\libnosys.a
END GROUP
LOAD c:/st/stm32cubeide_1.12.1/stm32cubeide/plugins/com.st.stm32cube.ide.mcu.externaltools.gnu-tools-for-stm32.10.3-2021.10.win32_1.0.200.202301161003/tools/bin/../lib/gcc/arm-none-eabi/10.3.1/thumb/v7e-m+fp/hard/crtend.o
LOAD c:/st/stm32cubeide_1.12.1/stm32cubeide/plugins/com.st.stm32cube.ide.mcu.externaltools.gnu-tools-for-stm32.10.3-2021.10.win32_1.0.200.202301161003/tools/bin/../lib/gcc/arm-none-eabi/10.3.1/thumb/v7e-m+fp/hard/crtn.o
                0x0000000020020000                _estack = (ORIGIN (RAM) + LENGTH (RAM))
                0x0000000000000200                _Min_Heap_Size = 0x200
                0x0000000000000400                _Min_Stack_Size = 0x400

.isr_vector     0x0000000008000000      0x198
                0x0000000008000000                . = ALIGN (0x4)
 *(.isr_vector)
 .isr_vector    0x0000000008000000      0x198 ./Core/Startup/startup_stm32f411ceux.o
                0x0000000008000000                g_pfnVectors
                0x0000000008000198                . = ALIGN (0x4)

.text           0x0000000008000198     0x51ec
                0x0000000008000198                . = ALIGN (0x4)
 *(.text)
 .text          0x0000000008000198       0x40 c:/st/stm32cubeide_1.12.1/stm32cubeide/plugins/com.st.stm32cube.ide.mcu.externaltools.gnu-tools-for-stm32.10.3-2021.10.win32_1.0.200.202301161003/tools/bin/../lib/gcc/arm-none-eabi/10.3.1/thumb/v7e-m+fp/hard/crtbegin.o
 .text          0x00000000080001d8       0x30 c:/st/stm32cubeide_1.12.1/stm32cubeide/plugins/com.st.stm32cube.ide.mcu.externaltools.gnu-tools-for-stm32.10.3-2021.10.win32_1.0.200.202301161003/tools/bin/../lib/gcc/arm-none-eabi/10.3.1/thumb/v7e-m+fp/hard\libgcc.a(_aeabi_uldivmod.o)
                0x00000000080001d8                __aeabi_uldivmod
 .text          0x0000000008000208      0x2d0 c:/st/stm32cubeide_1.12.1/stm32cubeide/plugins/com.st.stm32cube.ide.mcu.externaltools.gnu-tools-for-stm32.10.3-2021.10.win32_1.0.200.202301161003/tools/bin/../lib/gcc/arm-none-eabi/10.3.1/thumb/v7e-m+fp/hard\libgcc.a(_udivmoddi4.o)
                0x0000000008000208                __udivmoddi4
 .text          0x00000000080004d8        0x4 c:/st/stm32cubeide_1.12.1/stm32cubeide/plugins/com.st.stm32cube.ide.mcu.externaltools.gnu-tools-for-stm32.10.3-2021.10.win32_1.0.200.202301161003/tools/bin/../lib/gcc/arm-none-eabi/10.3.1/thumb/v7e-m+fp/hard\libgcc.a(_dvmd_tls.o)
                0x00000000080004d8                __aeabi_idiv0
                0x00000000080004d8                __aeabi_ldiv0
 *(.text*)
 .text.UART1_RxEventCallback
                0x00000000080004dc       0x24 ./Core/Src/HMI_Modbus.o
                0x00000000080004dc                UART1_RxEventCallback
 .text.UART1_TxCpltCallback
                0x0000000008000500       0x1c ./Core/Src/HMI_Modbus.o
                0x0000000008000500                UART1_TxCpltCallback
 .text.UART1_ErrorCallback
                0x000000000800051c       0x1c ./Core/Src/HMI_Modbus.o
                0x000000000800051c                UART1_ErrorCallback
 .text.MB_Transmit_Data
                0x0000000008000538       0x34 ./Core/Src/HMI_Modbus.o
                0x0000000008000538                MB_Transmit_Data
 .text.MB_Activate_TX
                0x000000000800056c       0x18 ./Core/Src/HMI_Modbus.o
                0x000000000800056c                MB_Activate_TX
 .text.MB_StartListening
                0x0000000008000584       0x24 ./Core/Src/HMI_Modbus.o
                0x0000000008000584                MB_StartListening
 .text.MB_Request_Recieved
                0x00000000080005a8       0x1a ./Core/Src/HMI_Modbus.o
                0x00000000080005a8                MB_Request_Recieved
 *fill*         0x00000000080005c2        0x2 
 .text.MB_Init_UART1
                0x00000000080005c4       0xdc ./Core/Src/HMI_Modbus.o
                0x00000000080005c4                MB_Init_UART1
 .text.main     0x00000000080006a0      0x144 ./Core/Src/main.o
                0x00000000080006a0                main
 .text.SystemClock_Config
                0x00000000080007e4       0xd0 ./Core/Src/main.o
                0x00000000080007e4                SystemClock_Config
 .text.MX_USART1_UART_Init
                0x00000000080008b4       0x54 ./Core/Src/main.o
 .text.MX_DMA_Init
                0x0000000008000908       0x50 ./Core/Src/main.o
 .text.MX_GPIO_Init
                0x0000000008000958       0xa4 ./Core/Src/main.o
 .text.Error_Handler
                0x00000000080009fc        0xa ./Core/Src/main.o
                0x00000000080009fc                Error_Handler
 *fill*         0x0000000008000a06        0x2 
 .text.HAL_MspInit
                0x0000000008000a08       0x50 ./Core/Src/stm32f4xx_hal_msp.o
                0x0000000008000a08                HAL_MspInit
 .text.HAL_UART_MspInit
                0x0000000008000a58      0x16c ./Core/Src/stm32f4xx_hal_msp.o
                0x0000000008000a58                HAL_UART_MspInit
 .text.NMI_Handler
                0x0000000008000bc4        0x6 ./Core/Src/stm32f4xx_it.o
                0x0000000008000bc4                NMI_Handler
 .text.HardFault_Handler
                0x0000000008000bca        0x6 ./Core/Src/stm32f4xx_it.o
                0x0000000008000bca                HardFault_Handler
 .text.MemManage_Handler
                0x0000000008000bd0        0x6 ./Core/Src/stm32f4xx_it.o
                0x0000000008000bd0                MemManage_Handler
 .text.BusFault_Handler
                0x0000000008000bd6        0x6 ./Core/Src/stm32f4xx_it.o
                0x0000000008000bd6                BusFault_Handler
 .text.UsageFault_Handler
                0x0000000008000bdc        0x6 ./Core/Src/stm32f4xx_it.o
                0x0000000008000bdc                UsageFault_Handler
 .text.SVC_Handler
                0x0000000008000be2        0xe ./Core/Src/stm32f4xx_it.o
                0x0000000008000be2                SVC_Handler
 .text.DebugMon_Handler
                0x0000000008000bf0        0xe ./Core/Src/stm32f4xx_it.o
                0x0000000008000bf0                DebugMon_Handler
 .text.PendSV_Handler
                0x0000000008000bfe        0xe ./Core/Src/stm32f4xx_it.o
                0x0000000008000bfe                PendSV_Handler
 .text.SysTick_Handler
                0x0000000008000c0c        0xc ./Core/Src/stm32f4xx_it.o
                0x0000000008000c0c                SysTick_Handler
 .text.USART1_IRQHandler
                0x0000000008000c18       0x14 ./Core/Src/stm32f4xx_it.o
                0x0000000008000c18                USART1_IRQHandler
 .text.DMA2_Stream2_IRQHandler
                0x0000000008000c2c       0x14 ./Core/Src/stm32f4xx_it.o
                0x0000000008000c2c                DMA2_Stream2_IRQHandler
 .text.DMA2_Stream7_IRQHandler
                0x0000000008000c40       0x14 ./Core/Src/stm32f4xx_it.o
                0x0000000008000c40                DMA2_Stream7_IRQHandler
 .text._sbrk    0x0000000008000c54       0x6c ./Core/Src/sysmem.o
                0x0000000008000c54                _sbrk
 .text.SystemInit
                0x0000000008000cc0       0x24 ./Core/Src/system_stm32f4xx.o
                0x0000000008000cc0                SystemInit
 .text.Reset_Handler
                0x0000000008000ce4       0x50 ./Core/Startup/startup_stm32f411ceux.o
                0x0000000008000ce4                Reset_Handler
 .text.Default_Handler
                0x0000000008000d34        0x2 ./Core/Startup/startup_stm32f411ceux.o
                0x0000000008000d34                RTC_Alarm_IRQHandler
                0x0000000008000d34                EXTI2_IRQHandler
                0x0000000008000d34                SPI4_IRQHandler
                0x0000000008000d34                TIM1_CC_IRQHandler
                0x0000000008000d34                DMA2_Stream5_IRQHandler
                0x0000000008000d34                DMA1_Stream5_IRQHandler
                0x0000000008000d34                PVD_IRQHandler
                0x0000000008000d34                SDIO_IRQHandler
                0x0000000008000d34                TAMP_STAMP_IRQHandler
                0x0000000008000d34                EXTI3_IRQHandler
                0x0000000008000d34                TIM1_UP_TIM10_IRQHandler
                0x0000000008000d34                I2C3_ER_IRQHandler
                0x0000000008000d34                EXTI0_IRQHandler
                0x0000000008000d34                I2C2_EV_IRQHandler
                0x0000000008000d34                DMA1_Stream2_IRQHandler
                0x0000000008000d34                FPU_IRQHandler
                0x0000000008000d34                SPI1_IRQHandler
                0x0000000008000d34                TIM1_BRK_TIM9_IRQHandler
                0x0000000008000d34                DMA2_Stream3_IRQHandler
                0x0000000008000d34                USART6_IRQHandler
                0x0000000008000d34                DMA2_Stream0_IRQHandler
                0x0000000008000d34                TIM4_IRQHandler
                0x0000000008000d34                I2C1_EV_IRQHandler
                0x0000000008000d34                DMA1_Stream6_IRQHandler
                0x0000000008000d34                DMA1_Stream1_IRQHandler
                0x0000000008000d34                TIM3_IRQHandler
                0x0000000008000d34                RCC_IRQHandler
                0x0000000008000d34                Default_Handler
                0x0000000008000d34                EXTI15_10_IRQHandler
                0x0000000008000d34                ADC_IRQHandler
                0x0000000008000d34                DMA1_Stream7_IRQHandler
                0x0000000008000d34                SPI5_IRQHandler
                0x0000000008000d34                TIM5_IRQHandler
                0x0000000008000d34                I2C3_EV_IRQHandler
                0x0000000008000d34                EXTI9_5_IRQHandler
                0x0000000008000d34                RTC_WKUP_IRQHandler
                0x0000000008000d34                SPI2_IRQHandler
                0x0000000008000d34                DMA1_Stream0_IRQHandler
                0x0000000008000d34                EXTI4_IRQHandler
                0x0000000008000d34                WWDG_IRQHandler
                0x0000000008000d34                TIM2_IRQHandler
                0x0000000008000d34                OTG_FS_WKUP_IRQHandler
                0x0000000008000d34                TIM1_TRG_COM_TIM11_IRQHandler
                0x0000000008000d34                EXTI1_IRQHandler
                0x0000000008000d34                USART2_IRQHandler
                0x0000000008000d34                I2C2_ER_IRQHandler
                0x0000000008000d34                DMA2_Stream1_IRQHandler
                0x0000000008000d34                FLASH_IRQHandler
                0x0000000008000d34                DMA2_Stream4_IRQHandler
                0x0000000008000d34                OTG_FS_IRQHandler
                0x0000000008000d34                SPI3_IRQHandler
                0x0000000008000d34                DMA1_Stream4_IRQHandler
                0x0000000008000d34                I2C1_ER_IRQHandler
                0x0000000008000d34                DMA2_Stream6_IRQHandler
                0x0000000008000d34                DMA1_Stream3_IRQHandler
 .text.EEPROM_Process_Area
                0x0000000008000d36       0x4a ./Drivers/EEPROM_Flash/EEPROM_DRIVER.o
                0x0000000008000d36                EEPROM_Process_Area
 .text.ee_format
                0x0000000008000d80       0x78 ./Drivers/EEPROM_Flash/ee.o
                0x0000000008000d80                ee_format
 .text.ee_read  0x0000000008000df8       0x84 ./Drivers/EEPROM_Flash/ee.o
                0x0000000008000df8                ee_read
 .text.ee_write
                0x0000000008000e7c      0x180 ./Drivers/EEPROM_Flash/ee.o
                0x0000000008000e7c                ee_write
 .text.ee_writeToRam
                0x0000000008000ffc       0x44 ./Drivers/EEPROM_Flash/ee.o
                0x0000000008000ffc                ee_writeToRam
 .text.ee_commit
                0x0000000008001040       0x30 ./Drivers/EEPROM_Flash/ee.o
                0x0000000008001040                ee_commit
 .text.crc16    0x0000000008001070       0x8e ./Drivers/ModBus_RTU/Modbus_MISC.o
                0x0000000008001070                crc16
 *fill*         0x00000000080010fe        0x2 
 .text.MB_Parse_Bit
                0x0000000008001100       0x44 ./Drivers/ModBus_RTU/Modbus_MISC.o
                0x0000000008001100                MB_Parse_Bit
 .text.MB_Parse_Coils
                0x0000000008001144       0xb8 ./Drivers/ModBus_RTU/Modbus_MISC.o
                0x0000000008001144                MB_Parse_Coils
 .text.MB_Parse_UInt16
                0x00000000080011fc       0x4c ./Drivers/ModBus_RTU/Modbus_MISC.o
                0x00000000080011fc                MB_Parse_UInt16
 .text.MB_Encode_Bit
                0x0000000008001248       0x70 ./Drivers/ModBus_RTU/Modbus_MISC.o
                0x0000000008001248                MB_Encode_Bit
 .text.MB_Encode_Coils
                0x00000000080012b8       0xb8 ./Drivers/ModBus_RTU/Modbus_MISC.o
                0x00000000080012b8                MB_Encode_Coils
 .text.MB_Encode_UInt16
                0x0000000008001370       0x4e ./Drivers/ModBus_RTU/Modbus_MISC.o
                0x0000000008001370                MB_Encode_UInt16
 .text.MB_Slave_Init
                0x00000000080013be      0x152 ./Drivers/ModBus_RTU/Modbus_Slave.o
                0x00000000080013be                MB_Slave_Init
 .text.MB_Slave_Routine
                0x0000000008001510      0x668 ./Drivers/ModBus_RTU/Modbus_Slave.o
                0x0000000008001510                MB_Slave_Routine
 .text.MB_Slave_TX_Complete
                0x0000000008001b78       0x26 ./Drivers/ModBus_RTU/Modbus_Slave.o
                0x0000000008001b78                MB_Slave_TX_Complete
 .text.MB_Slave_Prepare_Exception
                0x0000000008001b9e       0x4c ./Drivers/ModBus_RTU/Modbus_Slave.o
                0x0000000008001b9e                MB_Slave_Prepare_Exception
 *fill*         0x0000000008001bea        0x2 
 .text.MB_Slave_ProcessMessage
                0x0000000008001bec      0x3fc ./Drivers/ModBus_RTU/Modbus_Slave.o
                0x0000000008001bec                MB_Slave_ProcessMessage
 .text.HAL_Init
                0x0000000008001fe8       0x44 ./Drivers/STM32F4xx_HAL_Driver/Src/stm32f4xx_hal.o
                0x0000000008001fe8                HAL_Init
 .text.HAL_InitTick
                0x000000000800202c       0x60 ./Drivers/STM32F4xx_HAL_Driver/Src/stm32f4xx_hal.o
                0x000000000800202c                HAL_InitTick
 .text.HAL_IncTick
                0x000000000800208c       0x28 ./Drivers/STM32F4xx_HAL_Driver/Src/stm32f4xx_hal.o
                0x000000000800208c                HAL_IncTick
 .text.HAL_GetTick
                0x00000000080020b4       0x18 ./Drivers/STM32F4xx_HAL_Driver/Src/stm32f4xx_hal.o
                0x00000000080020b4                HAL_GetTick
 .text.__NVIC_SetPriorityGrouping
                0x00000000080020cc       0x48 ./Drivers/STM32F4xx_HAL_Driver/Src/stm32f4xx_hal_cortex.o
 .text.__NVIC_GetPriorityGrouping
                0x0000000008002114       0x1c ./Drivers/STM32F4xx_HAL_Driver/Src/stm32f4xx_hal_cortex.o
 .text.__NVIC_EnableIRQ
                0x0000000008002130       0x3c ./Drivers/STM32F4xx_HAL_Driver/Src/stm32f4xx_hal_cortex.o
 .text.__NVIC_SetPriority
                0x000000000800216c       0x54 ./Drivers/STM32F4xx_HAL_Driver/Src/stm32f4xx_hal_cortex.o
 .text.NVIC_EncodePriority
                0x00000000080021c0       0x66 ./Drivers/STM32F4xx_HAL_Driver/Src/stm32f4xx_hal_cortex.o
 *fill*         0x0000000008002226        0x2 
 .text.__NVIC_SystemReset
                0x0000000008002228       0x2c ./Drivers/STM32F4xx_HAL_Driver/Src/stm32f4xx_hal_cortex.o
 .text.SysTick_Config
                0x0000000008002254       0x44 ./Drivers/STM32F4xx_HAL_Driver/Src/stm32f4xx_hal_cortex.o
 .text.HAL_NVIC_SetPriorityGrouping
                0x0000000008002298       0x16 ./Drivers/STM32F4xx_HAL_Driver/Src/stm32f4xx_hal_cortex.o
                0x0000000008002298                HAL_NVIC_SetPriorityGrouping
 .text.HAL_NVIC_SetPriority
                0x00000000080022ae       0x38 ./Drivers/STM32F4xx_HAL_Driver/Src/stm32f4xx_hal_cortex.o
                0x00000000080022ae                HAL_NVIC_SetPriority
 .text.HAL_NVIC_EnableIRQ
                0x00000000080022e6       0x1c ./Drivers/STM32F4xx_HAL_Driver/Src/stm32f4xx_hal_cortex.o
                0x00000000080022e6                HAL_NVIC_EnableIRQ
 .text.HAL_NVIC_SystemReset
                0x0000000008002302        0x8 ./Drivers/STM32F4xx_HAL_Driver/Src/stm32f4xx_hal_cortex.o
                0x0000000008002302                HAL_NVIC_SystemReset
 .text.HAL_SYSTICK_Config
                0x000000000800230a       0x18 ./Drivers/STM32F4xx_HAL_Driver/Src/stm32f4xx_hal_cortex.o
                0x000000000800230a                HAL_SYSTICK_Config
 *fill*         0x0000000008002322        0x2 
 .text.HAL_DMA_Init
                0x0000000008002324      0x15c ./Drivers/STM32F4xx_HAL_Driver/Src/stm32f4xx_hal_dma.o
                0x0000000008002324                HAL_DMA_Init
 .text.HAL_DMA_Start_IT
                0x0000000008002480       0xb0 ./Drivers/STM32F4xx_HAL_Driver/Src/stm32f4xx_hal_dma.o
                0x0000000008002480                HAL_DMA_Start_IT
 .text.HAL_DMA_Abort
                0x0000000008002530       0xe0 ./Drivers/STM32F4xx_HAL_Driver/Src/stm32f4xx_hal_dma.o
                0x0000000008002530                HAL_DMA_Abort
 .text.HAL_DMA_Abort_IT
                0x0000000008002610       0x44 ./Drivers/STM32F4xx_HAL_Driver/Src/stm32f4xx_hal_dma.o
                0x0000000008002610                HAL_DMA_Abort_IT
 .text.HAL_DMA_IRQHandler
                0x0000000008002654      0x314 ./Drivers/STM32F4xx_HAL_Driver/Src/stm32f4xx_hal_dma.o
                0x0000000008002654                HAL_DMA_IRQHandler
 .text.DMA_SetConfig
                0x0000000008002968       0x5c ./Drivers/STM32F4xx_HAL_Driver/Src/stm32f4xx_hal_dma.o
 .text.DMA_CalcBaseAndBitshift
                0x00000000080029c4       0x6c ./Drivers/STM32F4xx_HAL_Driver/Src/stm32f4xx_hal_dma.o
 .text.DMA_CheckFifoParam
                0x0000000008002a30       0xf8 ./Drivers/STM32F4xx_HAL_Driver/Src/stm32f4xx_hal_dma.o
 .text.HAL_FLASH_Program
                0x0000000008002b28       0xa8 ./Drivers/STM32F4xx_HAL_Driver/Src/stm32f4xx_hal_flash.o
                0x0000000008002b28                HAL_FLASH_Program
 .text.HAL_FLASH_Unlock
                0x0000000008002bd0       0x44 ./Drivers/STM32F4xx_HAL_Driver/Src/stm32f4xx_hal_flash.o
                0x0000000008002bd0                HAL_FLASH_Unlock
 .text.HAL_FLASH_Lock
                0x0000000008002c14       0x20 ./Drivers/STM32F4xx_HAL_Driver/Src/stm32f4xx_hal_flash.o
                0x0000000008002c14                HAL_FLASH_Lock
 .text.FLASH_WaitForLastOperation
                0x0000000008002c34       0x80 ./Drivers/STM32F4xx_HAL_Driver/Src/stm32f4xx_hal_flash.o
                0x0000000008002c34                FLASH_WaitForLastOperation
 .text.FLASH_Program_DoubleWord
                0x0000000008002cb4       0x64 ./Drivers/STM32F4xx_HAL_Driver/Src/stm32f4xx_hal_flash.o
 .text.FLASH_Program_Word
                0x0000000008002d18       0x44 ./Drivers/STM32F4xx_HAL_Driver/Src/stm32f4xx_hal_flash.o
 .text.FLASH_Program_HalfWord
                0x0000000008002d5c       0x48 ./Drivers/STM32F4xx_HAL_Driver/Src/stm32f4xx_hal_flash.o
 .text.FLASH_Program_Byte
                0x0000000008002da4       0x44 ./Drivers/STM32F4xx_HAL_Driver/Src/stm32f4xx_hal_flash.o
 .text.FLASH_SetErrorCode
                0x0000000008002de8       0xcc ./Drivers/STM32F4xx_HAL_Driver/Src/stm32f4xx_hal_flash.o
 .text.HAL_FLASHEx_Erase
                0x0000000008002eb4       0xe0 ./Drivers/STM32F4xx_HAL_Driver/Src/stm32f4xx_hal_flash_ex.o
                0x0000000008002eb4                HAL_FLASHEx_Erase
 .text.FLASH_MassErase
                0x0000000008002f94       0x48 ./Drivers/STM32F4xx_HAL_Driver/Src/stm32f4xx_hal_flash_ex.o
 .text.FLASH_Erase_Sector
                0x0000000008002fdc       0x90 ./Drivers/STM32F4xx_HAL_Driver/Src/stm32f4xx_hal_flash_ex.o
                0x0000000008002fdc                FLASH_Erase_Sector
 .text.FLASH_FlushCaches
                0x000000000800306c       0x8c ./Drivers/STM32F4xx_HAL_Driver/Src/stm32f4xx_hal_flash_ex.o
                0x000000000800306c                FLASH_FlushCaches
 .text.HAL_GPIO_Init
                0x00000000080030f8      0x308 ./Drivers/STM32F4xx_HAL_Driver/Src/stm32f4xx_hal_gpio.o
                0x00000000080030f8                HAL_GPIO_Init
 .text.HAL_GPIO_WritePin
                0x0000000008003400       0x32 ./Drivers/STM32F4xx_HAL_Driver/Src/stm32f4xx_hal_gpio.o
                0x0000000008003400                HAL_GPIO_WritePin
 *fill*         0x0000000008003432        0x2 
 .text.HAL_RCC_OscConfig
                0x0000000008003434      0x4f0 ./Drivers/STM32F4xx_HAL_Driver/Src/stm32f4xx_hal_rcc.o
                0x0000000008003434                HAL_RCC_OscConfig
 .text.HAL_RCC_ClockConfig
                0x0000000008003924      0x1cc ./Drivers/STM32F4xx_HAL_Driver/Src/stm32f4xx_hal_rcc.o
                0x0000000008003924                HAL_RCC_ClockConfig
 .text.HAL_RCC_GetSysClockFreq
                0x0000000008003af0      0x18c ./Drivers/STM32F4xx_HAL_Driver/Src/stm32f4xx_hal_rcc.o
                0x0000000008003af0                HAL_RCC_GetSysClockFreq
 .text.HAL_RCC_GetHCLKFreq
                0x0000000008003c7c       0x18 ./Drivers/STM32F4xx_HAL_Driver/Src/stm32f4xx_hal_rcc.o
                0x0000000008003c7c                HAL_RCC_GetHCLKFreq
 .text.HAL_RCC_GetPCLK1Freq
                0x0000000008003c94       0x28 ./Drivers/STM32F4xx_HAL_Driver/Src/stm32f4xx_hal_rcc.o
                0x0000000008003c94                HAL_RCC_GetPCLK1Freq
 .text.HAL_RCC_GetPCLK2Freq
                0x0000000008003cbc       0x28 ./Drivers/STM32F4xx_HAL_Driver/Src/stm32f4xx_hal_rcc.o
                0x0000000008003cbc                HAL_RCC_GetPCLK2Freq
 .text.HAL_UART_Init
                0x0000000008003ce4       0xbc ./Drivers/STM32F4xx_HAL_Driver/Src/stm32f4xx_hal_uart.o
                0x0000000008003ce4                HAL_UART_Init
 .text.HAL_UART_RegisterCallback
                0x0000000008003da0      0x130 ./Drivers/STM32F4xx_HAL_Driver/Src/stm32f4xx_hal_uart.o
                0x0000000008003da0                HAL_UART_RegisterCallback
 .text.HAL_UART_RegisterRxEventCallback
                0x0000000008003ed0       0x74 ./Drivers/STM32F4xx_HAL_Driver/Src/stm32f4xx_hal_uart.o
                0x0000000008003ed0                HAL_UART_RegisterRxEventCallback
 .text.HAL_UART_Transmit_DMA
                0x0000000008003f44       0xe0 ./Drivers/STM32F4xx_HAL_Driver/Src/stm32f4xx_hal_uart.o
                0x0000000008003f44                HAL_UART_Transmit_DMA
 .text.HAL_UARTEx_ReceiveToIdle_IT
                0x0000000008004024       0xba ./Drivers/STM32F4xx_HAL_Driver/Src/stm32f4xx_hal_uart.o
                0x0000000008004024                HAL_UARTEx_ReceiveToIdle_IT
 *fill*         0x00000000080040de        0x2 
 .text.HAL_UART_IRQHandler
                0x00000000080040e0      0x530 ./Drivers/STM32F4xx_HAL_Driver/Src/stm32f4xx_hal_uart.o
                0x00000000080040e0                HAL_UART_IRQHandler
 .text.HAL_UART_TxCpltCallback
                0x0000000008004610       0x14 ./Drivers/STM32F4xx_HAL_Driver/Src/stm32f4xx_hal_uart.o
                0x0000000008004610                HAL_UART_TxCpltCallback
 .text.HAL_UART_TxHalfCpltCallback
                0x0000000008004624       0x14 ./Drivers/STM32F4xx_HAL_Driver/Src/stm32f4xx_hal_uart.o
                0x0000000008004624                HAL_UART_TxHalfCpltCallback
 .text.HAL_UART_RxCpltCallback
                0x0000000008004638       0x14 ./Drivers/STM32F4xx_HAL_Driver/Src/stm32f4xx_hal_uart.o
                0x0000000008004638                HAL_UART_RxCpltCallback
 .text.HAL_UART_RxHalfCpltCallback
                0x000000000800464c       0x14 ./Drivers/STM32F4xx_HAL_Driver/Src/stm32f4xx_hal_uart.o
                0x000000000800464c                HAL_UART_RxHalfCpltCallback
 .text.HAL_UART_ErrorCallback
                0x0000000008004660       0x14 ./Drivers/STM32F4xx_HAL_Driver/Src/stm32f4xx_hal_uart.o
                0x0000000008004660                HAL_UART_ErrorCallback
 .text.HAL_UART_AbortCpltCallback
                0x0000000008004674       0x14 ./Drivers/STM32F4xx_HAL_Driver/Src/stm32f4xx_hal_uart.o
                0x0000000008004674                HAL_UART_AbortCpltCallback
 .text.HAL_UART_AbortTransmitCpltCallback
                0x0000000008004688       0x14 ./Drivers/STM32F4xx_HAL_Driver/Src/stm32f4xx_hal_uart.o
                0x0000000008004688                HAL_UART_AbortTransmitCpltCallback
 .text.HAL_UART_AbortReceiveCpltCallback
                0x000000000800469c       0x14 ./Drivers/STM32F4xx_HAL_Driver/Src/stm32f4xx_hal_uart.o
                0x000000000800469c                HAL_UART_AbortReceiveCpltCallback
 .text.HAL_UARTEx_RxEventCallback
                0x00000000080046b0       0x18 ./Drivers/STM32F4xx_HAL_Driver/Src/stm32f4xx_hal_uart.o
                0x00000000080046b0                HAL_UARTEx_RxEventCallback
 .text.UART_InitCallbacksToDefault
                0x00000000080046c8       0x70 ./Drivers/STM32F4xx_HAL_Driver/Src/stm32f4xx_hal_uart.o
                0x00000000080046c8                UART_InitCallbacksToDefault
 .text.UART_DMATransmitCplt
                0x0000000008004738       0x9c ./Drivers/STM32F4xx_HAL_Driver/Src/stm32f4xx_hal_uart.o
 .text.UART_DMATxHalfCplt
                0x00000000080047d4       0x1e ./Drivers/STM32F4xx_HAL_Driver/Src/stm32f4xx_hal_uart.o
 .text.UART_DMAError
                0x00000000080047f2       0x96 ./Drivers/STM32F4xx_HAL_Driver/Src/stm32f4xx_hal_uart.o
 .text.UART_Start_Receive_IT
                0x0000000008004888       0x74 ./Drivers/STM32F4xx_HAL_Driver/Src/stm32f4xx_hal_uart.o
                0x0000000008004888                UART_Start_Receive_IT
 .text.UART_EndTxTransfer
                0x00000000080048fc       0x50 ./Drivers/STM32F4xx_HAL_Driver/Src/stm32f4xx_hal_uart.o
 .text.UART_EndRxTransfer
                0x000000000800494c       0xc6 ./Drivers/STM32F4xx_HAL_Driver/Src/stm32f4xx_hal_uart.o
 .text.UART_DMAAbortOnError
                0x0000000008004a12       0x2a ./Drivers/STM32F4xx_HAL_Driver/Src/stm32f4xx_hal_uart.o
 .text.UART_Transmit_IT
                0x0000000008004a3c       0xa0 ./Drivers/STM32F4xx_HAL_Driver/Src/stm32f4xx_hal_uart.o
 .text.UART_EndTransmit_IT
                0x0000000008004adc       0x32 ./Drivers/STM32F4xx_HAL_Driver/Src/stm32f4xx_hal_uart.o
 .text.UART_Receive_IT
                0x0000000008004b0e      0x180 ./Drivers/STM32F4xx_HAL_Driver/Src/stm32f4xx_hal_uart.o
 *fill*         0x0000000008004c8e        0x2 
 .text.UART_SetConfig
                0x0000000008004c90      0x4e8 ./Drivers/STM32F4xx_HAL_Driver/Src/stm32f4xx_hal_uart.o
 .text.__errno  0x0000000008005178        0xc c:/st/stm32cubeide_1.12.1/stm32cubeide/plugins/com.st.stm32cube.ide.mcu.externaltools.gnu-tools-for-stm32.10.3-2021.10.win32_1.0.200.202301161003/tools/bin/../lib/gcc/arm-none-eabi/10.3.1/../../../../arm-none-eabi/lib/thumb/v7e-m+fp/hard\libc_nano.a(lib_a-errno.o)
                0x0000000008005178                __errno
 .text.__libc_init_array
                0x0000000008005184       0x48 c:/st/stm32cubeide_1.12.1/stm32cubeide/plugins/com.st.stm32cube.ide.mcu.externaltools.gnu-tools-for-stm32.10.3-2021.10.win32_1.0.200.202301161003/tools/bin/../lib/gcc/arm-none-eabi/10.3.1/../../../../arm-none-eabi/lib/thumb/v7e-m+fp/hard\libc_nano.a(lib_a-init.o)
                0x0000000008005184                __libc_init_array
 .text.malloc   0x00000000080051cc       0x10 c:/st/stm32cubeide_1.12.1/stm32cubeide/plugins/com.st.stm32cube.ide.mcu.externaltools.gnu-tools-for-stm32.10.3-2021.10.win32_1.0.200.202301161003/tools/bin/../lib/gcc/arm-none-eabi/10.3.1/../../../../arm-none-eabi/lib/thumb/v7e-m+fp/hard\libc_nano.a(lib_a-malloc.o)
                0x00000000080051cc                malloc
 .text.memcpy   0x00000000080051dc       0x1c c:/st/stm32cubeide_1.12.1/stm32cubeide/plugins/com.st.stm32cube.ide.mcu.externaltools.gnu-tools-for-stm32.10.3-2021.10.win32_1.0.200.202301161003/tools/bin/../lib/gcc/arm-none-eabi/10.3.1/../../../../arm-none-eabi/lib/thumb/v7e-m+fp/hard\libc_nano.a(lib_a-memcpy-stub.o)
                0x00000000080051dc                memcpy
 .text.memset   0x00000000080051f8       0x10 c:/st/stm32cubeide_1.12.1/stm32cubeide/plugins/com.st.stm32cube.ide.mcu.externaltools.gnu-tools-for-stm32.10.3-2021.10.win32_1.0.200.202301161003/tools/bin/../lib/gcc/arm-none-eabi/10.3.1/../../../../arm-none-eabi/lib/thumb/v7e-m+fp/hard\libc_nano.a(lib_a-memset.o)
                0x00000000080051f8                memset
 .text.sbrk_aligned
                0x0000000008005208       0x40 c:/st/stm32cubeide_1.12.1/stm32cubeide/plugins/com.st.stm32cube.ide.mcu.externaltools.gnu-tools-for-stm32.10.3-2021.10.win32_1.0.200.202301161003/tools/bin/../lib/gcc/arm-none-eabi/10.3.1/../../../../arm-none-eabi/lib/thumb/v7e-m+fp/hard\libc_nano.a(lib_a-nano-mallocr.o)
 .text._malloc_r
                0x0000000008005248       0xe8 c:/st/stm32cubeide_1.12.1/stm32cubeide/plugins/com.st.stm32cube.ide.mcu.externaltools.gnu-tools-for-stm32.10.3-2021.10.win32_1.0.200.202301161003/tools/bin/../lib/gcc/arm-none-eabi/10.3.1/../../../../arm-none-eabi/lib/thumb/v7e-m+fp/hard\libc_nano.a(lib_a-nano-mallocr.o)
                0x0000000008005248                _malloc_r
 .text._sbrk_r  0x0000000008005330       0x20 c:/st/stm32cubeide_1.12.1/stm32cubeide/plugins/com.st.stm32cube.ide.mcu.externaltools.gnu-tools-for-stm32.10.3-2021.10.win32_1.0.200.202301161003/tools/bin/../lib/gcc/arm-none-eabi/10.3.1/../../../../arm-none-eabi/lib/thumb/v7e-m+fp/hard\libc_nano.a(lib_a-sbrkr.o)
                0x0000000008005330                _sbrk_r
 .text.__malloc_lock
                0x0000000008005350        0xc c:/st/stm32cubeide_1.12.1/stm32cubeide/plugins/com.st.stm32cube.ide.mcu.externaltools.gnu-tools-for-stm32.10.3-2021.10.win32_1.0.200.202301161003/tools/bin/../lib/gcc/arm-none-eabi/10.3.1/../../../../arm-none-eabi/lib/thumb/v7e-m+fp/hard\libc_nano.a(lib_a-mlock.o)
                0x0000000008005350                __malloc_lock
 .text.__malloc_unlock
                0x000000000800535c        0xc c:/st/stm32cubeide_1.12.1/stm32cubeide/plugins/com.st.stm32cube.ide.mcu.externaltools.gnu-tools-for-stm32.10.3-2021.10.win32_1.0.200.202301161003/tools/bin/../lib/gcc/arm-none-eabi/10.3.1/../../../../arm-none-eabi/lib/thumb/v7e-m+fp/hard\libc_nano.a(lib_a-mlock.o)
                0x000000000800535c                __malloc_unlock
 .text.__retarget_lock_acquire_recursive
                0x0000000008005368        0x2 c:/st/stm32cubeide_1.12.1/stm32cubeide/plugins/com.st.stm32cube.ide.mcu.externaltools.gnu-tools-for-stm32.10.3-2021.10.win32_1.0.200.202301161003/tools/bin/../lib/gcc/arm-none-eabi/10.3.1/../../../../arm-none-eabi/lib/thumb/v7e-m+fp/hard\libc_nano.a(lib_a-lock.o)
                0x0000000008005368                __retarget_lock_acquire_recursive
 .text.__retarget_lock_release_recursive
                0x000000000800536a        0x2 c:/st/stm32cubeide_1.12.1/stm32cubeide/plugins/com.st.stm32cube.ide.mcu.externaltools.gnu-tools-for-stm32.10.3-2021.10.win32_1.0.200.202301161003/tools/bin/../lib/gcc/arm-none-eabi/10.3.1/../../../../arm-none-eabi/lib/thumb/v7e-m+fp/hard\libc_nano.a(lib_a-lock.o)
                0x000000000800536a                __retarget_lock_release_recursive
 *(.glue_7)
 .glue_7        0x000000000800536c        0x0 linker stubs
 *(.glue_7t)
 .glue_7t       0x000000000800536c        0x0 linker stubs
 *(.eh_frame)
 .eh_frame      0x000000000800536c        0x0 c:/st/stm32cubeide_1.12.1/stm32cubeide/plugins/com.st.stm32cube.ide.mcu.externaltools.gnu-tools-for-stm32.10.3-2021.10.win32_1.0.200.202301161003/tools/bin/../lib/gcc/arm-none-eabi/10.3.1/thumb/v7e-m+fp/hard/crtbegin.o
 *(.init)
 .init          0x000000000800536c        0x4 c:/st/stm32cubeide_1.12.1/stm32cubeide/plugins/com.st.stm32cube.ide.mcu.externaltools.gnu-tools-for-stm32.10.3-2021.10.win32_1.0.200.202301161003/tools/bin/../lib/gcc/arm-none-eabi/10.3.1/thumb/v7e-m+fp/hard/crti.o
                0x000000000800536c                _init
 .init          0x0000000008005370        0x8 c:/st/stm32cubeide_1.12.1/stm32cubeide/plugins/com.st.stm32cube.ide.mcu.externaltools.gnu-tools-for-stm32.10.3-2021.10.win32_1.0.200.202301161003/tools/bin/../lib/gcc/arm-none-eabi/10.3.1/thumb/v7e-m+fp/hard/crtn.o
 *(.fini)
 .fini          0x0000000008005378        0x4 c:/st/stm32cubeide_1.12.1/stm32cubeide/plugins/com.st.stm32cube.ide.mcu.externaltools.gnu-tools-for-stm32.10.3-2021.10.win32_1.0.200.202301161003/tools/bin/../lib/gcc/arm-none-eabi/10.3.1/thumb/v7e-m+fp/hard/crti.o
                0x0000000008005378                _fini
 .fini          0x000000000800537c        0x8 c:/st/stm32cubeide_1.12.1/stm32cubeide/plugins/com.st.stm32cube.ide.mcu.externaltools.gnu-tools-for-stm32.10.3-2021.10.win32_1.0.200.202301161003/tools/bin/../lib/gcc/arm-none-eabi/10.3.1/thumb/v7e-m+fp/hard/crtn.o
                0x0000000008005384                . = ALIGN (0x4)
                0x0000000008005384                _etext = .

.vfp11_veneer   0x0000000008005384        0x0
 .vfp11_veneer  0x0000000008005384        0x0 linker stubs

.v4_bx          0x0000000008005384        0x0
 .v4_bx         0x0000000008005384        0x0 linker stubs

.iplt           0x0000000008005384        0x0
 .iplt          0x0000000008005384        0x0 c:/st/stm32cubeide_1.12.1/stm32cubeide/plugins/com.st.stm32cube.ide.mcu.externaltools.gnu-tools-for-stm32.10.3-2021.10.win32_1.0.200.202301161003/tools/bin/../lib/gcc/arm-none-eabi/10.3.1/thumb/v7e-m+fp/hard/crtbegin.o

.rodata         0x0000000008005384       0x30
                0x0000000008005384                . = ALIGN (0x4)
 *(.rodata)
 *(.rodata*)
 .rodata.AHBPrescTable
                0x0000000008005384       0x10 ./Core/Src/system_stm32f4xx.o
                0x0000000008005384                AHBPrescTable
 .rodata.APBPrescTable
                0x0000000008005394        0x8 ./Core/Src/system_stm32f4xx.o
                0x0000000008005394                APBPrescTable
 .rodata.BitMasks
                0x000000000800539c        0x8 ./Drivers/ModBus_RTU/Modbus_MISC.o
 .rodata.NbitMasks
                0x00000000080053a4        0x8 ./Drivers/ModBus_RTU/Modbus_MISC.o
 .rodata.flagBitshiftOffset.0
                0x00000000080053ac        0x8 ./Drivers/STM32F4xx_HAL_Driver/Src/stm32f4xx_hal_dma.o
                0x00000000080053b4                . = ALIGN (0x4)

.ARM.extab      0x00000000080053b4        0x0
                0x00000000080053b4                . = ALIGN (0x4)
 *(.ARM.extab* .gnu.linkonce.armextab.*)
                0x00000000080053b4                . = ALIGN (0x4)

.ARM            0x00000000080053b4        0x8
                0x00000000080053b4                . = ALIGN (0x4)
                0x00000000080053b4                __exidx_start = .
 *(.ARM.exidx*)
 .ARM.exidx     0x00000000080053b4        0x8 c:/st/stm32cubeide_1.12.1/stm32cubeide/plugins/com.st.stm32cube.ide.mcu.externaltools.gnu-tools-for-stm32.10.3-2021.10.win32_1.0.200.202301161003/tools/bin/../lib/gcc/arm-none-eabi/10.3.1/thumb/v7e-m+fp/hard\libgcc.a(_udivmoddi4.o)
                0x00000000080053bc                __exidx_end = .
                0x00000000080053bc                . = ALIGN (0x4)

.rel.dyn        0x00000000080053bc        0x0
 .rel.iplt      0x00000000080053bc        0x0 c:/st/stm32cubeide_1.12.1/stm32cubeide/plugins/com.st.stm32cube.ide.mcu.externaltools.gnu-tools-for-stm32.10.3-2021.10.win32_1.0.200.202301161003/tools/bin/../lib/gcc/arm-none-eabi/10.3.1/thumb/v7e-m+fp/hard/crtbegin.o

.preinit_array  0x00000000080053bc        0x0
                0x00000000080053bc                . = ALIGN (0x4)
                0x00000000080053bc                PROVIDE (__preinit_array_start = .)
 *(.preinit_array*)
                0x00000000080053bc                PROVIDE (__preinit_array_end = .)
                0x00000000080053bc                . = ALIGN (0x4)

.init_array     0x00000000080053bc        0x4
                0x00000000080053bc                . = ALIGN (0x4)
                0x00000000080053bc                PROVIDE (__init_array_start = .)
 *(SORT_BY_NAME(.init_array.*))
 *(.init_array*)
 .init_array    0x00000000080053bc        0x4 c:/st/stm32cubeide_1.12.1/stm32cubeide/plugins/com.st.stm32cube.ide.mcu.externaltools.gnu-tools-for-stm32.10.3-2021.10.win32_1.0.200.202301161003/tools/bin/../lib/gcc/arm-none-eabi/10.3.1/thumb/v7e-m+fp/hard/crtbegin.o
                0x00000000080053c0                PROVIDE (__init_array_end = .)
                0x00000000080053c0                . = ALIGN (0x4)

.fini_array     0x00000000080053c0        0x4
                0x00000000080053c0                . = ALIGN (0x4)
                [!provide]                        PROVIDE (__fini_array_start = .)
 *(SORT_BY_NAME(.fini_array.*))
 *(.fini_array*)
 .fini_array    0x00000000080053c0        0x4 c:/st/stm32cubeide_1.12.1/stm32cubeide/plugins/com.st.stm32cube.ide.mcu.externaltools.gnu-tools-for-stm32.10.3-2021.10.win32_1.0.200.202301161003/tools/bin/../lib/gcc/arm-none-eabi/10.3.1/thumb/v7e-m+fp/hard/crtbegin.o
                [!provide]                        PROVIDE (__fini_array_end = .)
                0x00000000080053c4                . = ALIGN (0x4)
                0x00000000080053c4                _sidata = LOADADDR (.data)

.data           0x0000000020000000       0x70 load address 0x00000000080053c4
                0x0000000020000000                . = ALIGN (0x4)
                0x0000000020000000                _sdata = .
 *(.data)
 *(.data*)
 .data.SystemCoreClock
                0x0000000020000000        0x4 ./Core/Src/system_stm32f4xx.o
                0x0000000020000000                SystemCoreClock
 .data.uwTickPrio
                0x0000000020000004        0x4 ./Drivers/STM32F4xx_HAL_Driver/Src/stm32f4xx_hal.o
                0x0000000020000004                uwTickPrio
 .data.uwTickFreq
                0x0000000020000008        0x1 ./Drivers/STM32F4xx_HAL_Driver/Src/stm32f4xx_hal.o
                0x0000000020000008                uwTickFreq
 *fill*         0x0000000020000009        0x3 
 .data._impure_ptr
                0x000000002000000c        0x4 c:/st/stm32cubeide_1.12.1/stm32cubeide/plugins/com.st.stm32cube.ide.mcu.externaltools.gnu-tools-for-stm32.10.3-2021.10.win32_1.0.200.202301161003/tools/bin/../lib/gcc/arm-none-eabi/10.3.1/../../../../arm-none-eabi/lib/thumb/v7e-m+fp/hard\libc_nano.a(lib_a-impure.o)
                0x000000002000000c                _impure_ptr
 .data.impure_data
                0x0000000020000010       0x60 c:/st/stm32cubeide_1.12.1/stm32cubeide/plugins/com.st.stm32cube.ide.mcu.externaltools.gnu-tools-for-stm32.10.3-2021.10.win32_1.0.200.202301161003/tools/bin/../lib/gcc/arm-none-eabi/10.3.1/../../../../arm-none-eabi/lib/thumb/v7e-m+fp/hard\libc_nano.a(lib_a-impure.o)
 *(.RamFunc)
 *(.RamFunc*)
                0x0000000020000070                . = ALIGN (0x4)
                0x0000000020000070                _edata = .

.igot.plt       0x0000000020000070        0x0 load address 0x0000000008005434
 .igot.plt      0x0000000020000070        0x0 c:/st/stm32cubeide_1.12.1/stm32cubeide/plugins/com.st.stm32cube.ide.mcu.externaltools.gnu-tools-for-stm32.10.3-2021.10.win32_1.0.200.202301161003/tools/bin/../lib/gcc/arm-none-eabi/10.3.1/thumb/v7e-m+fp/hard/crtbegin.o
                0x0000000020000070                . = ALIGN (0x4)

.bss            0x0000000020000070      0x600 load address 0x0000000008005434
                0x0000000020000070                _sbss = .
                0x0000000020000070                __bss_start__ = _sbss
 *(.bss)
 .bss           0x0000000020000070       0x1c c:/st/stm32cubeide_1.12.1/stm32cubeide/plugins/com.st.stm32cube.ide.mcu.externaltools.gnu-tools-for-stm32.10.3-2021.10.win32_1.0.200.202301161003/tools/bin/../lib/gcc/arm-none-eabi/10.3.1/thumb/v7e-m+fp/hard/crtbegin.o
 *(.bss*)
 .bss.MB        0x000000002000008c       0x68 ./Core/Src/HMI_Modbus.o
                0x000000002000008c                MB
 .bss.uart      0x00000000200000f4        0x4 ./Core/Src/HMI_Modbus.o
                0x00000000200000f4                uart
 .bss.Hregs     0x00000000200000f8        0x4 ./Core/Src/HMI_Modbus.o
                0x00000000200000f8                Hregs
 .bss.Iregs     0x00000000200000fc        0x4 ./Core/Src/HMI_Modbus.o
                0x00000000200000fc                Iregs
 .bss.huart1    0x0000000020000100       0x78 ./Core/Src/main.o
                0x0000000020000100                huart1
 .bss.hdma_usart1_rx
                0x0000000020000178       0x60 ./Core/Src/main.o
                0x0000000020000178                hdma_usart1_rx
 .bss.hdma_usart1_tx
                0x00000000200001d8       0x60 ./Core/Src/main.o
                0x00000000200001d8                hdma_usart1_tx
 .bss.__sbrk_heap_end
                0x0000000020000238        0x4 ./Core/Src/sysmem.o
 .bss.ee_ram    0x000000002000023c      0x400 ./Drivers/EEPROM_Flash/ee.o
                0x000000002000023c                ee_ram
 .bss.uwTick    0x000000002000063c        0x4 ./Drivers/STM32F4xx_HAL_Driver/Src/stm32f4xx_hal.o
                0x000000002000063c                uwTick
 .bss.pFlash    0x0000000020000640       0x20 ./Drivers/STM32F4xx_HAL_Driver/Src/stm32f4xx_hal_flash.o
                0x0000000020000640                pFlash
 .bss.__malloc_free_list
                0x0000000020000660        0x4 c:/st/stm32cubeide_1.12.1/stm32cubeide/plugins/com.st.stm32cube.ide.mcu.externaltools.gnu-tools-for-stm32.10.3-2021.10.win32_1.0.200.202301161003/tools/bin/../lib/gcc/arm-none-eabi/10.3.1/../../../../arm-none-eabi/lib/thumb/v7e-m+fp/hard\libc_nano.a(lib_a-nano-mallocr.o)
                0x0000000020000660                __malloc_free_list
 .bss.__malloc_sbrk_start
                0x0000000020000664        0x4 c:/st/stm32cubeide_1.12.1/stm32cubeide/plugins/com.st.stm32cube.ide.mcu.externaltools.gnu-tools-for-stm32.10.3-2021.10.win32_1.0.200.202301161003/tools/bin/../lib/gcc/arm-none-eabi/10.3.1/../../../../arm-none-eabi/lib/thumb/v7e-m+fp/hard\libc_nano.a(lib_a-nano-mallocr.o)
                0x0000000020000664                __malloc_sbrk_start
 .bss.errno     0x0000000020000668        0x4 c:/st/stm32cubeide_1.12.1/stm32cubeide/plugins/com.st.stm32cube.ide.mcu.externaltools.gnu-tools-for-stm32.10.3-2021.10.win32_1.0.200.202301161003/tools/bin/../lib/gcc/arm-none-eabi/10.3.1/../../../../arm-none-eabi/lib/thumb/v7e-m+fp/hard\libc_nano.a(lib_a-reent.o)
                0x0000000020000668                errno
 .bss.__lock___malloc_recursive_mutex
                0x000000002000066c        0x1 c:/st/stm32cubeide_1.12.1/stm32cubeide/plugins/com.st.stm32cube.ide.mcu.externaltools.gnu-tools-for-stm32.10.3-2021.10.win32_1.0.200.202301161003/tools/bin/../lib/gcc/arm-none-eabi/10.3.1/../../../../arm-none-eabi/lib/thumb/v7e-m+fp/hard\libc_nano.a(lib_a-lock.o)
                0x000000002000066c                __lock___malloc_recursive_mutex
 *(COMMON)
                0x0000000020000670                . = ALIGN (0x4)
 *fill*         0x000000002000066d        0x3 
                0x0000000020000670                _ebss = .
                0x0000000020000670                __bss_end__ = _ebss

._user_heap_stack
                0x0000000020000670      0x600 load address 0x0000000008005434
                0x0000000020000670                . = ALIGN (0x8)
                [!provide]                        PROVIDE (end = .)
                0x0000000020000670                PROVIDE (_end = .)
                0x0000000020000870                . = (. + _Min_Heap_Size)
 *fill*         0x0000000020000670      0x200 
                0x0000000020000c70                . = (. + _Min_Stack_Size)
 *fill*         0x0000000020000870      0x400 
                0x0000000020000c70                . = ALIGN (0x8)

/DISCARD/
 libc.a(*)
 libm.a(*)
 libgcc.a(*)

.ARM.attributes
                0x0000000000000000       0x30
 *(.ARM.attributes)
 .ARM.attributes
                0x0000000000000000       0x1e c:/st/stm32cubeide_1.12.1/stm32cubeide/plugins/com.st.stm32cube.ide.mcu.externaltools.gnu-tools-for-stm32.10.3-2021.10.win32_1.0.200.202301161003/tools/bin/../lib/gcc/arm-none-eabi/10.3.1/thumb/v7e-m+fp/hard/crti.o
 .ARM.attributes
                0x000000000000001e       0x34 c:/st/stm32cubeide_1.12.1/stm32cubeide/plugins/com.st.stm32cube.ide.mcu.externaltools.gnu-tools-for-stm32.10.3-2021.10.win32_1.0.200.202301161003/tools/bin/../lib/gcc/arm-none-eabi/10.3.1/thumb/v7e-m+fp/hard/crtbegin.o
 .ARM.attributes
                0x0000000000000052       0x34 ./Core/Src/HMI_Modbus.o
 .ARM.attributes
                0x0000000000000086       0x34 ./Core/Src/main.o
 .ARM.attributes
                0x00000000000000ba       0x34 ./Core/Src/stm32f4xx_hal_msp.o
 .ARM.attributes
                0x00000000000000ee       0x34 ./Core/Src/stm32f4xx_it.o
 .ARM.attributes
                0x0000000000000122       0x34 ./Core/Src/sysmem.o
 .ARM.attributes
                0x0000000000000156       0x34 ./Core/Src/system_stm32f4xx.o
 .ARM.attributes
                0x000000000000018a       0x21 ./Core/Startup/startup_stm32f411ceux.o
 .ARM.attributes
                0x00000000000001ab       0x34 ./Drivers/EEPROM_Flash/EEPROM_DRIVER.o
 .ARM.attributes
                0x00000000000001df       0x34 ./Drivers/EEPROM_Flash/ee.o
 .ARM.attributes
                0x0000000000000213       0x34 ./Drivers/ModBus_RTU/Modbus_MISC.o
 .ARM.attributes
                0x0000000000000247       0x34 ./Drivers/ModBus_RTU/Modbus_Slave.o
 .ARM.attributes
                0x000000000000027b       0x34 ./Drivers/STM32F4xx_HAL_Driver/Src/stm32f4xx_hal.o
 .ARM.attributes
                0x00000000000002af       0x34 ./Drivers/STM32F4xx_HAL_Driver/Src/stm32f4xx_hal_cortex.o
 .ARM.attributes
                0x00000000000002e3       0x34 ./Drivers/STM32F4xx_HAL_Driver/Src/stm32f4xx_hal_dma.o
 .ARM.attributes
                0x0000000000000317       0x34 ./Drivers/STM32F4xx_HAL_Driver/Src/stm32f4xx_hal_flash.o
 .ARM.attributes
                0x000000000000034b       0x34 ./Drivers/STM32F4xx_HAL_Driver/Src/stm32f4xx_hal_flash_ex.o
 .ARM.attributes
                0x000000000000037f       0x34 ./Drivers/STM32F4xx_HAL_Driver/Src/stm32f4xx_hal_gpio.o
 .ARM.attributes
                0x00000000000003b3       0x34 ./Drivers/STM32F4xx_HAL_Driver/Src/stm32f4xx_hal_rcc.o
 .ARM.attributes
                0x00000000000003e7       0x34 ./Drivers/STM32F4xx_HAL_Driver/Src/stm32f4xx_hal_uart.o
 .ARM.attributes
                0x000000000000041b       0x34 c:/st/stm32cubeide_1.12.1/stm32cubeide/plugins/com.st.stm32cube.ide.mcu.externaltools.gnu-tools-for-stm32.10.3-2021.10.win32_1.0.200.202301161003/tools/bin/../lib/gcc/arm-none-eabi/10.3.1/../../../../arm-none-eabi/lib/thumb/v7e-m+fp/hard\libc_nano.a(lib_a-errno.o)
 .ARM.attributes
                0x000000000000044f       0x34 c:/st/stm32cubeide_1.12.1/stm32cubeide/plugins/com.st.stm32cube.ide.mcu.externaltools.gnu-tools-for-stm32.10.3-2021.10.win32_1.0.200.202301161003/tools/bin/../lib/gcc/arm-none-eabi/10.3.1/../../../../arm-none-eabi/lib/thumb/v7e-m+fp/hard\libc_nano.a(lib_a-impure.o)
 .ARM.attributes
                0x0000000000000483       0x34 c:/st/stm32cubeide_1.12.1/stm32cubeide/plugins/com.st.stm32cube.ide.mcu.externaltools.gnu-tools-for-stm32.10.3-2021.10.win32_1.0.200.202301161003/tools/bin/../lib/gcc/arm-none-eabi/10.3.1/../../../../arm-none-eabi/lib/thumb/v7e-m+fp/hard\libc_nano.a(lib_a-init.o)
 .ARM.attributes
                0x00000000000004b7       0x34 c:/st/stm32cubeide_1.12.1/stm32cubeide/plugins/com.st.stm32cube.ide.mcu.externaltools.gnu-tools-for-stm32.10.3-2021.10.win32_1.0.200.202301161003/tools/bin/../lib/gcc/arm-none-eabi/10.3.1/../../../../arm-none-eabi/lib/thumb/v7e-m+fp/hard\libc_nano.a(lib_a-malloc.o)
 .ARM.attributes
                0x00000000000004eb       0x34 c:/st/stm32cubeide_1.12.1/stm32cubeide/plugins/com.st.stm32cube.ide.mcu.externaltools.gnu-tools-for-stm32.10.3-2021.10.win32_1.0.200.202301161003/tools/bin/../lib/gcc/arm-none-eabi/10.3.1/../../../../arm-none-eabi/lib/thumb/v7e-m+fp/hard\libc_nano.a(lib_a-memcpy-stub.o)
 .ARM.attributes
                0x000000000000051f       0x34 c:/st/stm32cubeide_1.12.1/stm32cubeide/plugins/com.st.stm32cube.ide.mcu.externaltools.gnu-tools-for-stm32.10.3-2021.10.win32_1.0.200.202301161003/tools/bin/../lib/gcc/arm-none-eabi/10.3.1/../../../../arm-none-eabi/lib/thumb/v7e-m+fp/hard\libc_nano.a(lib_a-memset.o)
 .ARM.attributes
                0x0000000000000553       0x34 c:/st/stm32cubeide_1.12.1/stm32cubeide/plugins/com.st.stm32cube.ide.mcu.externaltools.gnu-tools-for-stm32.10.3-2021.10.win32_1.0.200.202301161003/tools/bin/../lib/gcc/arm-none-eabi/10.3.1/../../../../arm-none-eabi/lib/thumb/v7e-m+fp/hard\libc_nano.a(lib_a-nano-mallocr.o)
 .ARM.attributes
                0x0000000000000587       0x34 c:/st/stm32cubeide_1.12.1/stm32cubeide/plugins/com.st.stm32cube.ide.mcu.externaltools.gnu-tools-for-stm32.10.3-2021.10.win32_1.0.200.202301161003/tools/bin/../lib/gcc/arm-none-eabi/10.3.1/../../../../arm-none-eabi/lib/thumb/v7e-m+fp/hard\libc_nano.a(lib_a-sbrkr.o)
 .ARM.attributes
                0x00000000000005bb       0x34 c:/st/stm32cubeide_1.12.1/stm32cubeide/plugins/com.st.stm32cube.ide.mcu.externaltools.gnu-tools-for-stm32.10.3-2021.10.win32_1.0.200.202301161003/tools/bin/../lib/gcc/arm-none-eabi/10.3.1/../../../../arm-none-eabi/lib/thumb/v7e-m+fp/hard\libc_nano.a(lib_a-mlock.o)
 .ARM.attributes
                0x00000000000005ef       0x34 c:/st/stm32cubeide_1.12.1/stm32cubeide/plugins/com.st.stm32cube.ide.mcu.externaltools.gnu-tools-for-stm32.10.3-2021.10.win32_1.0.200.202301161003/tools/bin/../lib/gcc/arm-none-eabi/10.3.1/../../../../arm-none-eabi/lib/thumb/v7e-m+fp/hard\libc_nano.a(lib_a-reent.o)
 .ARM.attributes
                0x0000000000000623       0x34 c:/st/stm32cubeide_1.12.1/stm32cubeide/plugins/com.st.stm32cube.ide.mcu.externaltools.gnu-tools-for-stm32.10.3-2021.10.win32_1.0.200.202301161003/tools/bin/../lib/gcc/arm-none-eabi/10.3.1/../../../../arm-none-eabi/lib/thumb/v7e-m+fp/hard\libc_nano.a(lib_a-lock.o)
 .ARM.attributes
                0x0000000000000657       0x1e c:/st/stm32cubeide_1.12.1/stm32cubeide/plugins/com.st.stm32cube.ide.mcu.externaltools.gnu-tools-for-stm32.10.3-2021.10.win32_1.0.200.202301161003/tools/bin/../lib/gcc/arm-none-eabi/10.3.1/thumb/v7e-m+fp/hard\libgcc.a(_aeabi_uldivmod.o)
 .ARM.attributes
                0x0000000000000675       0x34 c:/st/stm32cubeide_1.12.1/stm32cubeide/plugins/com.st.stm32cube.ide.mcu.externaltools.gnu-tools-for-stm32.10.3-2021.10.win32_1.0.200.202301161003/tools/bin/../lib/gcc/arm-none-eabi/10.3.1/thumb/v7e-m+fp/hard\libgcc.a(_udivmoddi4.o)
 .ARM.attributes
                0x00000000000006a9       0x1e c:/st/stm32cubeide_1.12.1/stm32cubeide/plugins/com.st.stm32cube.ide.mcu.externaltools.gnu-tools-for-stm32.10.3-2021.10.win32_1.0.200.202301161003/tools/bin/../lib/gcc/arm-none-eabi/10.3.1/thumb/v7e-m+fp/hard\libgcc.a(_dvmd_tls.o)
 .ARM.attributes
                0x00000000000006c7       0x1e c:/st/stm32cubeide_1.12.1/stm32cubeide/plugins/com.st.stm32cube.ide.mcu.externaltools.gnu-tools-for-stm32.10.3-2021.10.win32_1.0.200.202301161003/tools/bin/../lib/gcc/arm-none-eabi/10.3.1/thumb/v7e-m+fp/hard/crtn.o
OUTPUT(Modbus_Rtu.elf elf32-littlearm)
LOAD linker stubs
LOAD c:/st/stm32cubeide_1.12.1/stm32cubeide/plugins/com.st.stm32cube.ide.mcu.externaltools.gnu-tools-for-stm32.10.3-2021.10.win32_1.0.200.202301161003/tools/bin/../lib/gcc/arm-none-eabi/10.3.1/../../../../arm-none-eabi/lib/thumb/v7e-m+fp/hard\libc.a
LOAD c:/st/stm32cubeide_1.12.1/stm32cubeide/plugins/com.st.stm32cube.ide.mcu.externaltools.gnu-tools-for-stm32.10.3-2021.10.win32_1.0.200.202301161003/tools/bin/../lib/gcc/arm-none-eabi/10.3.1/../../../../arm-none-eabi/lib/thumb/v7e-m+fp/hard\libm.a
LOAD c:/st/stm32cubeide_1.12.1/stm32cubeide/plugins/com.st.stm32cube.ide.mcu.externaltools.gnu-tools-for-stm32.10.3-2021.10.win32_1.0.200.202301161003/tools/bin/../lib/gcc/arm-none-eabi/10.3.1/thumb/v7e-m+fp/hard\libgcc.a

.debug_info     0x0000000000000000     0xcaee
 .debug_info    0x0000000000000000      0xfaf ./Core/Src/HMI_Modbus.o
 .debug_info    0x0000000000000faf     0x1637 ./Core/Src/main.o
 .debug_info    0x00000000000025e6      0xcdb ./Core/Src/stm32f4xx_hal_msp.o
 .debug_info    0x00000000000032c1      0x793 ./Core/Src/stm32f4xx_it.o
 .debug_info    0x0000000000003a54      0x171 ./Core/Src/sysmem.o
 .debug_info    0x0000000000003bc5      0x54f ./Core/Src/system_stm32f4xx.o
 .debug_info    0x0000000000004114       0x22 ./Core/Startup/startup_stm32f411ceux.o
 .debug_info    0x0000000000004136      0x2e1 ./Drivers/EEPROM_Flash/EEPROM_DRIVER.o
 .debug_info    0x0000000000004417      0x43b ./Drivers/EEPROM_Flash/ee.o
 .debug_info    0x0000000000004852      0x803 ./Drivers/ModBus_RTU/Modbus_MISC.o
 .debug_info    0x0000000000005055      0x75c ./Drivers/ModBus_RTU/Modbus_Slave.o
 .debug_info    0x00000000000057b1      0x90d ./Drivers/STM32F4xx_HAL_Driver/Src/stm32f4xx_hal.o
 .debug_info    0x00000000000060be      0xdd3 ./Drivers/STM32F4xx_HAL_Driver/Src/stm32f4xx_hal_cortex.o
 .debug_info    0x0000000000006e91      0x947 ./Drivers/STM32F4xx_HAL_Driver/Src/stm32f4xx_hal_dma.o
 .debug_info    0x00000000000077d8      0x5cd ./Drivers/STM32F4xx_HAL_Driver/Src/stm32f4xx_hal_flash.o
 .debug_info    0x0000000000007da5      0x83e ./Drivers/STM32F4xx_HAL_Driver/Src/stm32f4xx_hal_flash_ex.o
 .debug_info    0x00000000000085e3      0x78e ./Drivers/STM32F4xx_HAL_Driver/Src/stm32f4xx_hal_gpio.o
 .debug_info    0x0000000000008d71      0x98d ./Drivers/STM32F4xx_HAL_Driver/Src/stm32f4xx_hal_rcc.o
 .debug_info    0x00000000000096fe     0x33f0 ./Drivers/STM32F4xx_HAL_Driver/Src/stm32f4xx_hal_uart.o

.debug_abbrev   0x0000000000000000     0x2590
 .debug_abbrev  0x0000000000000000      0x2a3 ./Core/Src/HMI_Modbus.o
 .debug_abbrev  0x00000000000002a3      0x352 ./Core/Src/main.o
 .debug_abbrev  0x00000000000005f5      0x1f6 ./Core/Src/stm32f4xx_hal_msp.o
 .debug_abbrev  0x00000000000007eb      0x177 ./Core/Src/stm32f4xx_it.o
 .debug_abbrev  0x0000000000000962       0xbb ./Core/Src/sysmem.o
 .debug_abbrev  0x0000000000000a1d      0x116 ./Core/Src/system_stm32f4xx.o
 .debug_abbrev  0x0000000000000b33       0x12 ./Core/Startup/startup_stm32f411ceux.o
 .debug_abbrev  0x0000000000000b45      0x106 ./Drivers/EEPROM_Flash/EEPROM_DRIVER.o
 .debug_abbrev  0x0000000000000c4b      0x22d ./Drivers/EEPROM_Flash/ee.o
 .debug_abbrev  0x0000000000000e78      0x142 ./Drivers/ModBus_RTU/Modbus_MISC.o
 .debug_abbrev  0x0000000000000fba      0x21a ./Drivers/ModBus_RTU/Modbus_Slave.o
 .debug_abbrev  0x00000000000011d4      0x23e ./Drivers/STM32F4xx_HAL_Driver/Src/stm32f4xx_hal.o
 .debug_abbrev  0x0000000000001412      0x30d ./Drivers/STM32F4xx_HAL_Driver/Src/stm32f4xx_hal_cortex.o
 .debug_abbrev  0x000000000000171f      0x21b ./Drivers/STM32F4xx_HAL_Driver/Src/stm32f4xx_hal_dma.o
 .debug_abbrev  0x000000000000193a      0x283 ./Drivers/STM32F4xx_HAL_Driver/Src/stm32f4xx_hal_flash.o
 .debug_abbrev  0x0000000000001bbd      0x260 ./Drivers/STM32F4xx_HAL_Driver/Src/stm32f4xx_hal_flash_ex.o
 .debug_abbrev  0x0000000000001e1d      0x1c4 ./Drivers/STM32F4xx_HAL_Driver/Src/stm32f4xx_hal_gpio.o
 .debug_abbrev  0x0000000000001fe1      0x2aa ./Drivers/STM32F4xx_HAL_Driver/Src/stm32f4xx_hal_rcc.o
 .debug_abbrev  0x000000000000228b      0x305 ./Drivers/STM32F4xx_HAL_Driver/Src/stm32f4xx_hal_uart.o

.debug_aranges  0x0000000000000000      0xa78
 .debug_aranges
                0x0000000000000000       0x58 ./Core/Src/HMI_Modbus.o
 .debug_aranges
                0x0000000000000058       0x48 ./Core/Src/main.o
 .debug_aranges
                0x00000000000000a0       0x30 ./Core/Src/stm32f4xx_hal_msp.o
 .debug_aranges
                0x00000000000000d0       0x78 ./Core/Src/stm32f4xx_it.o
 .debug_aranges
                0x0000000000000148       0x20 ./Core/Src/sysmem.o
 .debug_aranges
                0x0000000000000168       0x28 ./Core/Src/system_stm32f4xx.o
 .debug_aranges
                0x0000000000000190       0x28 ./Core/Startup/startup_stm32f411ceux.o
 .debug_aranges
                0x00000000000001b8       0x40 ./Drivers/EEPROM_Flash/EEPROM_DRIVER.o
 .debug_aranges
                0x00000000000001f8       0x50 ./Drivers/EEPROM_Flash/ee.o
 .debug_aranges
                0x0000000000000248       0xc0 ./Drivers/ModBus_RTU/Modbus_MISC.o
 .debug_aranges
                0x0000000000000308       0x48 ./Drivers/ModBus_RTU/Modbus_Slave.o
 .debug_aranges
                0x0000000000000350       0xf0 ./Drivers/STM32F4xx_HAL_Driver/Src/stm32f4xx_hal.o
 .debug_aranges
                0x0000000000000440      0x130 ./Drivers/STM32F4xx_HAL_Driver/Src/stm32f4xx_hal_cortex.o
 .debug_aranges
                0x0000000000000570       0x90 ./Drivers/STM32F4xx_HAL_Driver/Src/stm32f4xx_hal_dma.o
 .debug_aranges
                0x0000000000000600       0xa0 ./Drivers/STM32F4xx_HAL_Driver/Src/stm32f4xx_hal_flash.o
 .debug_aranges
                0x00000000000006a0       0xc8 ./Drivers/STM32F4xx_HAL_Driver/Src/stm32f4xx_hal_flash_ex.o
 .debug_aranges
                0x0000000000000768       0x58 ./Drivers/STM32F4xx_HAL_Driver/Src/stm32f4xx_hal_gpio.o
 .debug_aranges
                0x00000000000007c0       0x88 ./Drivers/STM32F4xx_HAL_Driver/Src/stm32f4xx_hal_rcc.o
 .debug_aranges
                0x0000000000000848      0x230 ./Drivers/STM32F4xx_HAL_Driver/Src/stm32f4xx_hal_uart.o

.debug_ranges   0x0000000000000000      0x980
 .debug_ranges  0x0000000000000000       0x48 ./Core/Src/HMI_Modbus.o
 .debug_ranges  0x0000000000000048       0x38 ./Core/Src/main.o
 .debug_ranges  0x0000000000000080       0x20 ./Core/Src/stm32f4xx_hal_msp.o
 .debug_ranges  0x00000000000000a0       0x68 ./Core/Src/stm32f4xx_it.o
 .debug_ranges  0x0000000000000108       0x10 ./Core/Src/sysmem.o
 .debug_ranges  0x0000000000000118       0x18 ./Core/Src/system_stm32f4xx.o
 .debug_ranges  0x0000000000000130       0x20 ./Core/Startup/startup_stm32f411ceux.o
 .debug_ranges  0x0000000000000150       0x30 ./Drivers/EEPROM_Flash/EEPROM_DRIVER.o
 .debug_ranges  0x0000000000000180       0x40 ./Drivers/EEPROM_Flash/ee.o
 .debug_ranges  0x00000000000001c0       0xb0 ./Drivers/ModBus_RTU/Modbus_MISC.o
 .debug_ranges  0x0000000000000270       0x38 ./Drivers/ModBus_RTU/Modbus_Slave.o
 .debug_ranges  0x00000000000002a8       0xe0 ./Drivers/STM32F4xx_HAL_Driver/Src/stm32f4xx_hal.o
 .debug_ranges  0x0000000000000388      0x120 ./Drivers/STM32F4xx_HAL_Driver/Src/stm32f4xx_hal_cortex.o
 .debug_ranges  0x00000000000004a8       0x80 ./Drivers/STM32F4xx_HAL_Driver/Src/stm32f4xx_hal_dma.o
 .debug_ranges  0x0000000000000528       0x90 ./Drivers/STM32F4xx_HAL_Driver/Src/stm32f4xx_hal_flash.o
 .debug_ranges  0x00000000000005b8       0xb8 ./Drivers/STM32F4xx_HAL_Driver/Src/stm32f4xx_hal_flash_ex.o
 .debug_ranges  0x0000000000000670       0x48 ./Drivers/STM32F4xx_HAL_Driver/Src/stm32f4xx_hal_gpio.o
 .debug_ranges  0x00000000000006b8       0x78 ./Drivers/STM32F4xx_HAL_Driver/Src/stm32f4xx_hal_rcc.o
 .debug_ranges  0x0000000000000730      0x250 ./Drivers/STM32F4xx_HAL_Driver/Src/stm32f4xx_hal_uart.o

.debug_macro    0x0000000000000000    0x16490
 .debug_macro   0x0000000000000000      0x304 ./Core/Src/HMI_Modbus.o
 .debug_macro   0x0000000000000304      0xa78 ./Core/Src/HMI_Modbus.o
 .debug_macro   0x0000000000000d7c      0x295 ./Core/Src/HMI_Modbus.o
 .debug_macro   0x0000000000001011       0x2e ./Core/Src/HMI_Modbus.o
 .debug_macro   0x000000000000103f       0x28 ./Core/Src/HMI_Modbus.o
 .debug_macro   0x0000000000001067       0x22 ./Core/Src/HMI_Modbus.o
 .debug_macro   0x0000000000001089       0x8e ./Core/Src/HMI_Modbus.o
 .debug_macro   0x0000000000001117       0x51 ./Core/Src/HMI_Modbus.o
 .debug_macro   0x0000000000001168      0x103 ./Core/Src/HMI_Modbus.o
 .debug_macro   0x000000000000126b       0x6a ./Core/Src/HMI_Modbus.o
 .debug_macro   0x00000000000012d5      0x1df ./Core/Src/HMI_Modbus.o
 .debug_macro   0x00000000000014b4       0x1c ./Core/Src/HMI_Modbus.o
 .debug_macro   0x00000000000014d0       0x22 ./Core/Src/HMI_Modbus.o
 .debug_macro   0x00000000000014f2       0xfb ./Core/Src/HMI_Modbus.o
 .debug_macro   0x00000000000015ed     0x1011 ./Core/Src/HMI_Modbus.o
 .debug_macro   0x00000000000025fe      0x11f ./Core/Src/HMI_Modbus.o
 .debug_macro   0x000000000000271d     0xb953 ./Core/Src/HMI_Modbus.o
 .debug_macro   0x000000000000e070       0x6d ./Core/Src/HMI_Modbus.o
 .debug_macro   0x000000000000e0dd     0x369a ./Core/Src/HMI_Modbus.o
 .debug_macro   0x0000000000011777      0x174 ./Core/Src/HMI_Modbus.o
 .debug_macro   0x00000000000118eb       0x5c ./Core/Src/HMI_Modbus.o
 .debug_macro   0x0000000000011947      0x45c ./Core/Src/HMI_Modbus.o
 .debug_macro   0x0000000000011da3      0x9e9 ./Core/Src/HMI_Modbus.o
 .debug_macro   0x000000000001278c      0x115 ./Core/Src/HMI_Modbus.o
 .debug_macro   0x00000000000128a1      0x11b ./Core/Src/HMI_Modbus.o
 .debug_macro   0x00000000000129bc       0xa5 ./Core/Src/HMI_Modbus.o
 .debug_macro   0x0000000000012a61      0x15f ./Core/Src/HMI_Modbus.o
 .debug_macro   0x0000000000012bc0      0x287 ./Core/Src/HMI_Modbus.o
 .debug_macro   0x0000000000012e47       0x5f ./Core/Src/HMI_Modbus.o
 .debug_macro   0x0000000000012ea6      0x236 ./Core/Src/HMI_Modbus.o
 .debug_macro   0x00000000000130dc      0x132 ./Core/Src/HMI_Modbus.o
 .debug_macro   0x000000000001320e      0x264 ./Core/Src/HMI_Modbus.o
 .debug_macro   0x0000000000013472       0x2e ./Core/Src/HMI_Modbus.o
 .debug_macro   0x00000000000134a0      0x127 ./Core/Src/HMI_Modbus.o
 .debug_macro   0x00000000000135c7       0x85 ./Core/Src/HMI_Modbus.o
 .debug_macro   0x000000000001364c       0x89 ./Core/Src/HMI_Modbus.o
 .debug_macro   0x00000000000136d5      0x2b1 ./Core/Src/HMI_Modbus.o
 .debug_macro   0x0000000000013986      0x126 ./Core/Src/HMI_Modbus.o
 .debug_macro   0x0000000000013aac       0x10 ./Core/Src/HMI_Modbus.o
 .debug_macro   0x0000000000013abc       0x1e ./Core/Src/HMI_Modbus.o
 .debug_macro   0x0000000000013ada       0x52 ./Core/Src/HMI_Modbus.o
 .debug_macro   0x0000000000013b2c       0x3c ./Core/Src/HMI_Modbus.o
 .debug_macro   0x0000000000013b68       0x34 ./Core/Src/HMI_Modbus.o
 .debug_macro   0x0000000000013b9c       0x16 ./Core/Src/HMI_Modbus.o
 .debug_macro   0x0000000000013bb2       0x35 ./Core/Src/HMI_Modbus.o
 .debug_macro   0x0000000000013be7       0x16 ./Core/Src/HMI_Modbus.o
 .debug_macro   0x0000000000013bfd       0x43 ./Core/Src/HMI_Modbus.o
 .debug_macro   0x0000000000013c40       0x34 ./Core/Src/HMI_Modbus.o
 .debug_macro   0x0000000000013c74       0x10 ./Core/Src/HMI_Modbus.o
 .debug_macro   0x0000000000013c84       0x58 ./Core/Src/HMI_Modbus.o
 .debug_macro   0x0000000000013cdc       0x71 ./Core/Src/HMI_Modbus.o
 .debug_macro   0x0000000000013d4d       0x1c ./Core/Src/HMI_Modbus.o
 .debug_macro   0x0000000000013d69      0x12a ./Core/Src/HMI_Modbus.o
 .debug_macro   0x0000000000013e93      0x341 ./Core/Src/HMI_Modbus.o
 .debug_macro   0x00000000000141d4       0x16 ./Core/Src/HMI_Modbus.o
 .debug_macro   0x00000000000141ea       0x29 ./Core/Src/HMI_Modbus.o
 .debug_macro   0x0000000000014213       0x16 ./Core/Src/HMI_Modbus.o
 .debug_macro   0x0000000000014229       0x20 ./Core/Src/HMI_Modbus.o
 .debug_macro   0x0000000000014249       0x22 ./Core/Src/HMI_Modbus.o
 .debug_macro   0x000000000001426b       0x10 ./Core/Src/HMI_Modbus.o
 .debug_macro   0x000000000001427b       0x28 ./Core/Src/HMI_Modbus.o
 .debug_macro   0x00000000000142a3      0x32f ./Core/Src/main.o
 .debug_macro   0x00000000000145d2      0x1c4 ./Core/Src/stm32f4xx_hal_msp.o
 .debug_macro   0x0000000000014796      0x1ce ./Core/Src/stm32f4xx_it.o
 .debug_macro   0x0000000000014964       0xff ./Core/Src/sysmem.o
 .debug_macro   0x0000000000014a63      0x23b ./Core/Src/sysmem.o
 .debug_macro   0x0000000000014c9e      0x1ba ./Core/Src/system_stm32f4xx.o
 .debug_macro   0x0000000000014e58      0x1e7 ./Drivers/EEPROM_Flash/EEPROM_DRIVER.o
 .debug_macro   0x000000000001503f      0x2e3 ./Drivers/EEPROM_Flash/ee.o
 .debug_macro   0x0000000000015322       0x1c ./Drivers/EEPROM_Flash/ee.o
 .debug_macro   0x000000000001533e       0x10 ./Drivers/EEPROM_Flash/ee.o
 .debug_macro   0x000000000001534e      0x14f ./Drivers/ModBus_RTU/Modbus_MISC.o
 .debug_macro   0x000000000001549d      0x186 ./Drivers/ModBus_RTU/Modbus_Slave.o
 .debug_macro   0x0000000000015623      0x21a ./Drivers/STM32F4xx_HAL_Driver/Src/stm32f4xx_hal.o
 .debug_macro   0x000000000001583d      0x1ba ./Drivers/STM32F4xx_HAL_Driver/Src/stm32f4xx_hal_cortex.o
 .debug_macro   0x00000000000159f7      0x1c0 ./Drivers/STM32F4xx_HAL_Driver/Src/stm32f4xx_hal_dma.o
 .debug_macro   0x0000000000015bb7      0x1c0 ./Drivers/STM32F4xx_HAL_Driver/Src/stm32f4xx_hal_flash.o
 .debug_macro   0x0000000000015d77      0x1c0 ./Drivers/STM32F4xx_HAL_Driver/Src/stm32f4xx_hal_flash_ex.o
 .debug_macro   0x0000000000015f37      0x1c0 ./Drivers/STM32F4xx_HAL_Driver/Src/stm32f4xx_hal_gpio.o
 .debug_macro   0x00000000000160f7      0x1de ./Drivers/STM32F4xx_HAL_Driver/Src/stm32f4xx_hal_rcc.o
 .debug_macro   0x00000000000162d5      0x1bb ./Drivers/STM32F4xx_HAL_Driver/Src/stm32f4xx_hal_uart.o

.debug_line     0x0000000000000000     0xd4e7
 .debug_line    0x0000000000000000      0x9ad ./Core/Src/HMI_Modbus.o
 .debug_line    0x00000000000009ad      0xa9a ./Core/Src/main.o
 .debug_line    0x0000000000001447      0x731 ./Core/Src/stm32f4xx_hal_msp.o
 .debug_line    0x0000000000001b78      0x79d ./Core/Src/stm32f4xx_it.o
 .debug_line    0x0000000000002315      0x4f4 ./Core/Src/sysmem.o
 .debug_line    0x0000000000002809      0x714 ./Core/Src/system_stm32f4xx.o
 .debug_line    0x0000000000002f1d       0x88 ./Core/Startup/startup_stm32f411ceux.o
 .debug_line    0x0000000000002fa5      0x7fd ./Drivers/EEPROM_Flash/EEPROM_DRIVER.o
 .debug_line    0x00000000000037a2      0xa0e ./Drivers/EEPROM_Flash/ee.o
 .debug_line    0x00000000000041b0      0x957 ./Drivers/ModBus_RTU/Modbus_MISC.o
 .debug_line    0x0000000000004b07      0xdbe ./Drivers/ModBus_RTU/Modbus_Slave.o
 .debug_line    0x00000000000058c5      0x97a ./Drivers/STM32F4xx_HAL_Driver/Src/stm32f4xx_hal.o
 .debug_line    0x000000000000623f      0xc74 ./Drivers/STM32F4xx_HAL_Driver/Src/stm32f4xx_hal_cortex.o
 .debug_line    0x0000000000006eb3      0xede ./Drivers/STM32F4xx_HAL_Driver/Src/stm32f4xx_hal_dma.o
 .debug_line    0x0000000000007d91      0x9f6 ./Drivers/STM32F4xx_HAL_Driver/Src/stm32f4xx_hal_flash.o
 .debug_line    0x0000000000008787      0xafd ./Drivers/STM32F4xx_HAL_Driver/Src/stm32f4xx_hal_flash_ex.o
 .debug_line    0x0000000000009284      0xab2 ./Drivers/STM32F4xx_HAL_Driver/Src/stm32f4xx_hal_gpio.o
 .debug_line    0x0000000000009d36      0xd0c ./Drivers/STM32F4xx_HAL_Driver/Src/stm32f4xx_hal_rcc.o
 .debug_line    0x000000000000aa42     0x2aa5 ./Drivers/STM32F4xx_HAL_Driver/Src/stm32f4xx_hal_uart.o

.debug_str      0x0000000000000000    0x869f9
 .debug_str     0x0000000000000000    0x83847 ./Core/Src/HMI_Modbus.o
                                      0x83c0e (size before relaxing)
 .debug_str     0x0000000000083847      0x936 ./Core/Src/main.o
                                      0x8426a (size before relaxing)
 .debug_str     0x000000000008417d       0x90 ./Core/Src/stm32f4xx_hal_msp.o
                                      0x808e7 (size before relaxing)
 .debug_str     0x000000000008420d      0x132 ./Core/Src/stm32f4xx_it.o
                                      0x803f1 (size before relaxing)
 .debug_str     0x000000000008433f      0x4da ./Core/Src/sysmem.o
                                       0x5dd6 (size before relaxing)
 .debug_str     0x0000000000084819       0xdb ./Core/Src/system_stm32f4xx.o
                                      0x7ff44 (size before relaxing)
 .debug_str     0x00000000000848f4       0x36 ./Core/Startup/startup_stm32f411ceux.o
                                         0x80 (size before relaxing)
 .debug_str     0x000000000008492a       0xc5 ./Drivers/EEPROM_Flash/EEPROM_DRIVER.o
                                      0x7fed5 (size before relaxing)
 .debug_str     0x00000000000849ef      0x25d ./Drivers/EEPROM_Flash/ee.o
                                      0x82ed0 (size before relaxing)
 .debug_str     0x0000000000084c4c      0x1a2 ./Drivers/ModBus_RTU/Modbus_MISC.o
                                       0x701e (size before relaxing)
 .debug_str     0x0000000000084dee      0x100 ./Drivers/ModBus_RTU/Modbus_Slave.o
                                       0x7486 (size before relaxing)
 .debug_str     0x0000000000084eee      0x60b ./Drivers/STM32F4xx_HAL_Driver/Src/stm32f4xx_hal.o
                                      0x80970 (size before relaxing)
 .debug_str     0x00000000000854f9      0x34c ./Drivers/STM32F4xx_HAL_Driver/Src/stm32f4xx_hal_cortex.o
                                      0x806da (size before relaxing)
 .debug_str     0x0000000000085845      0x2f4 ./Drivers/STM32F4xx_HAL_Driver/Src/stm32f4xx_hal_dma.o
                                      0x8034c (size before relaxing)
 .debug_str     0x0000000000085b39      0x291 ./Drivers/STM32F4xx_HAL_Driver/Src/stm32f4xx_hal_flash.o
                                      0x80122 (size before relaxing)
 .debug_str     0x0000000000085dca      0x2ae ./Drivers/STM32F4xx_HAL_Driver/Src/stm32f4xx_hal_flash_ex.o
                                      0x80245 (size before relaxing)
 .debug_str     0x0000000000086078      0x121 ./Drivers/STM32F4xx_HAL_Driver/Src/stm32f4xx_hal_gpio.o
                                      0x800bf (size before relaxing)
 .debug_str     0x0000000000086199      0x228 ./Drivers/STM32F4xx_HAL_Driver/Src/stm32f4xx_hal_rcc.o
                                      0x80378 (size before relaxing)
 .debug_str     0x00000000000863c1      0x638 ./Drivers/STM32F4xx_HAL_Driver/Src/stm32f4xx_hal_uart.o
                                      0x80c52 (size before relaxing)

.comment        0x0000000000000000       0x50
 .comment       0x0000000000000000       0x50 ./Core/Src/HMI_Modbus.o
                                         0x51 (size before relaxing)
 .comment       0x0000000000000050       0x51 ./Core/Src/main.o
 .comment       0x0000000000000050       0x51 ./Core/Src/stm32f4xx_hal_msp.o
 .comment       0x0000000000000050       0x51 ./Core/Src/stm32f4xx_it.o
 .comment       0x0000000000000050       0x51 ./Core/Src/sysmem.o
 .comment       0x0000000000000050       0x51 ./Core/Src/system_stm32f4xx.o
 .comment       0x0000000000000050       0x51 ./Drivers/EEPROM_Flash/EEPROM_DRIVER.o
 .comment       0x0000000000000050       0x51 ./Drivers/EEPROM_Flash/ee.o
 .comment       0x0000000000000050       0x51 ./Drivers/ModBus_RTU/Modbus_MISC.o
 .comment       0x0000000000000050       0x51 ./Drivers/ModBus_RTU/Modbus_Slave.o
 .comment       0x0000000000000050       0x51 ./Drivers/STM32F4xx_HAL_Driver/Src/stm32f4xx_hal.o
 .comment       0x0000000000000050       0x51 ./Drivers/STM32F4xx_HAL_Driver/Src/stm32f4xx_hal_cortex.o
 .comment       0x0000000000000050       0x51 ./Drivers/STM32F4xx_HAL_Driver/Src/stm32f4xx_hal_dma.o
 .comment       0x0000000000000050       0x51 ./Drivers/STM32F4xx_HAL_Driver/Src/stm32f4xx_hal_flash.o
 .comment       0x0000000000000050       0x51 ./Drivers/STM32F4xx_HAL_Driver/Src/stm32f4xx_hal_flash_ex.o
 .comment       0x0000000000000050       0x51 ./Drivers/STM32F4xx_HAL_Driver/Src/stm32f4xx_hal_gpio.o
 .comment       0x0000000000000050       0x51 ./Drivers/STM32F4xx_HAL_Driver/Src/stm32f4xx_hal_rcc.o
 .comment       0x0000000000000050       0x51 ./Drivers/STM32F4xx_HAL_Driver/Src/stm32f4xx_hal_uart.o

.debug_frame    0x0000000000000000     0x2b30
 .debug_frame   0x0000000000000000      0x134 ./Core/Src/HMI_Modbus.o
 .debug_frame   0x0000000000000134       0xd0 ./Core/Src/main.o
 .debug_frame   0x0000000000000204       0x80 ./Core/Src/stm32f4xx_hal_msp.o
 .debug_frame   0x0000000000000284      0x158 ./Core/Src/stm32f4xx_it.o
 .debug_frame   0x00000000000003dc       0x34 ./Core/Src/sysmem.o
 .debug_frame   0x0000000000000410       0x58 ./Core/Src/system_stm32f4xx.o
 .debug_frame   0x0000000000000468       0xc4 ./Drivers/EEPROM_Flash/EEPROM_DRIVER.o
 .debug_frame   0x000000000000052c      0x108 ./Drivers/EEPROM_Flash/ee.o
 .debug_frame   0x0000000000000634      0x35c ./Drivers/ModBus_RTU/Modbus_MISC.o
 .debug_frame   0x0000000000000990       0xf8 ./Drivers/ModBus_RTU/Modbus_Slave.o
 .debug_frame   0x0000000000000a88      0x374 ./Drivers/STM32F4xx_HAL_Driver/Src/stm32f4xx_hal.o
 .debug_frame   0x0000000000000dfc      0x508 ./Drivers/STM32F4xx_HAL_Driver/Src/stm32f4xx_hal_cortex.o
 .debug_frame   0x0000000000001304      0x250 ./Drivers/STM32F4xx_HAL_Driver/Src/stm32f4xx_hal_dma.o
 .debug_frame   0x0000000000001554      0x274 ./Drivers/STM32F4xx_HAL_Driver/Src/stm32f4xx_hal_flash.o
 .debug_frame   0x00000000000017c8      0x334 ./Drivers/STM32F4xx_HAL_Driver/Src/stm32f4xx_hal_flash_ex.o
 .debug_frame   0x0000000000001afc      0x14c ./Drivers/STM32F4xx_HAL_Driver/Src/stm32f4xx_hal_gpio.o
 .debug_frame   0x0000000000001c48      0x1f4 ./Drivers/STM32F4xx_HAL_Driver/Src/stm32f4xx_hal_rcc.o
 .debug_frame   0x0000000000001e3c      0xa1c ./Drivers/STM32F4xx_HAL_Driver/Src/stm32f4xx_hal_uart.o
 .debug_frame   0x0000000000002858       0x20 c:/st/stm32cubeide_1.12.1/stm32cubeide/plugins/com.st.stm32cube.ide.mcu.externaltools.gnu-tools-for-stm32.10.3-2021.10.win32_1.0.200.202301161003/tools/bin/../lib/gcc/arm-none-eabi/10.3.1/../../../../arm-none-eabi/lib/thumb/v7e-m+fp/hard\libc_nano.a(lib_a-errno.o)
 .debug_frame   0x0000000000002878       0x2c c:/st/stm32cubeide_1.12.1/stm32cubeide/plugins/com.st.stm32cube.ide.mcu.externaltools.gnu-tools-for-stm32.10.3-2021.10.win32_1.0.200.202301161003/tools/bin/../lib/gcc/arm-none-eabi/10.3.1/../../../../arm-none-eabi/lib/thumb/v7e-m+fp/hard\libc_nano.a(lib_a-init.o)
 .debug_frame   0x00000000000028a4       0x30 c:/st/stm32cubeide_1.12.1/stm32cubeide/plugins/com.st.stm32cube.ide.mcu.externaltools.gnu-tools-for-stm32.10.3-2021.10.win32_1.0.200.202301161003/tools/bin/../lib/gcc/arm-none-eabi/10.3.1/../../../../arm-none-eabi/lib/thumb/v7e-m+fp/hard\libc_nano.a(lib_a-malloc.o)
 .debug_frame   0x00000000000028d4       0x28 c:/st/stm32cubeide_1.12.1/stm32cubeide/plugins/com.st.stm32cube.ide.mcu.externaltools.gnu-tools-for-stm32.10.3-2021.10.win32_1.0.200.202301161003/tools/bin/../lib/gcc/arm-none-eabi/10.3.1/../../../../arm-none-eabi/lib/thumb/v7e-m+fp/hard\libc_nano.a(lib_a-memcpy-stub.o)
 .debug_frame   0x00000000000028fc       0x20 c:/st/stm32cubeide_1.12.1/stm32cubeide/plugins/com.st.stm32cube.ide.mcu.externaltools.gnu-tools-for-stm32.10.3-2021.10.win32_1.0.200.202301161003/tools/bin/../lib/gcc/arm-none-eabi/10.3.1/../../../../arm-none-eabi/lib/thumb/v7e-m+fp/hard\libc_nano.a(lib_a-memset.o)
 .debug_frame   0x000000000000291c       0x4c c:/st/stm32cubeide_1.12.1/stm32cubeide/plugins/com.st.stm32cube.ide.mcu.externaltools.gnu-tools-for-stm32.10.3-2021.10.win32_1.0.200.202301161003/tools/bin/../lib/gcc/arm-none-eabi/10.3.1/../../../../arm-none-eabi/lib/thumb/v7e-m+fp/hard\libc_nano.a(lib_a-nano-mallocr.o)
 .debug_frame   0x0000000000002968       0x2c c:/st/stm32cubeide_1.12.1/stm32cubeide/plugins/com.st.stm32cube.ide.mcu.externaltools.gnu-tools-for-stm32.10.3-2021.10.win32_1.0.200.202301161003/tools/bin/../lib/gcc/arm-none-eabi/10.3.1/../../../../arm-none-eabi/lib/thumb/v7e-m+fp/hard\libc_nano.a(lib_a-sbrkr.o)
 .debug_frame   0x0000000000002994       0x30 c:/st/stm32cubeide_1.12.1/stm32cubeide/plugins/com.st.stm32cube.ide.mcu.externaltools.gnu-tools-for-stm32.10.3-2021.10.win32_1.0.200.202301161003/tools/bin/../lib/gcc/arm-none-eabi/10.3.1/../../../../arm-none-eabi/lib/thumb/v7e-m+fp/hard\libc_nano.a(lib_a-mlock.o)
 .debug_frame   0x00000000000029c4       0x5c c:/st/stm32cubeide_1.12.1/stm32cubeide/plugins/com.st.stm32cube.ide.mcu.externaltools.gnu-tools-for-stm32.10.3-2021.10.win32_1.0.200.202301161003/tools/bin/../lib/gcc/arm-none-eabi/10.3.1/../../../../arm-none-eabi/lib/thumb/v7e-m+fp/hard\libc_nano.a(lib_a-reent.o)
 .debug_frame   0x0000000000002a20       0xb0 c:/st/stm32cubeide_1.12.1/stm32cubeide/plugins/com.st.stm32cube.ide.mcu.externaltools.gnu-tools-for-stm32.10.3-2021.10.win32_1.0.200.202301161003/tools/bin/../lib/gcc/arm-none-eabi/10.3.1/../../../../arm-none-eabi/lib/thumb/v7e-m+fp/hard\libc_nano.a(lib_a-lock.o)
 .debug_frame   0x0000000000002ad0       0x2c c:/st/stm32cubeide_1.12.1/stm32cubeide/plugins/com.st.stm32cube.ide.mcu.externaltools.gnu-tools-for-stm32.10.3-2021.10.win32_1.0.200.202301161003/tools/bin/../lib/gcc/arm-none-eabi/10.3.1/thumb/v7e-m+fp/hard\libgcc.a(_aeabi_uldivmod.o)
 .debug_frame   0x0000000000002afc       0x34 c:/st/stm32cubeide_1.12.1/stm32cubeide/plugins/com.st.stm32cube.ide.mcu.externaltools.gnu-tools-for-stm32.10.3-2021.10.win32_1.0.200.202301161003/tools/bin/../lib/gcc/arm-none-eabi/10.3.1/thumb/v7e-m+fp/hard\libgcc.a(_udivmoddi4.o)
